$ pnpm --dir docs run build
$ node scripts/build.mjs
vite v8.2.1 building client environment for production...
[2Ktransforming...✓ 662 modules transformed.
rendering chunks...
computing gzip size...
dist/.vite/manifest.json                     136.93 kB │ gzip: 14.79 kB
dist/assets/entry-client-CnkETciV.css        179.13 kB │ gzip: 27.40 kB
dist/assets/semantic-CoMqlSSE.js               0.06 kB │ gzip:  0.08 kB
dist/assets/renderable-B03dwe5s.js             0.08 kB │ gzip:  0.09 kB
dist/assets/basic-B0RzzDJf.js                  0.12 kB │ gzip:  0.12 kB
dist/assets/basic-84sYmD7q.js                  0.12 kB │ gzip:  0.12 kB
dist/assets/description-DGFRRjSY.js            0.13 kB │ gzip:  0.13 kB
dist/assets/simple-DNjZCzhG.js                 0.16 kB │ gzip:  0.16 kB
dist/assets/empty-BqnaZHS6.js                  0.16 kB │ gzip:  0.17 kB
dist/assets/width-ChZnNSGp.js                  0.18 kB │ gzip:  0.17 kB
dist/assets/duration-6oM2YLUd.js               0.19 kB │ gzip:  0.19 kB
dist/assets/basic-VMxDglf0.js                  0.19 kB │ gzip:  0.18 kB
dist/assets/merge-eVHg4Im0.js                  0.21 kB │ gzip:  0.16 kB
dist/assets/data-ez8iftd6.js                   0.22 kB │ gzip:  0.16 kB
dist/assets/check-CxMSb_Pz.js                  0.22 kB │ gzip:  0.19 kB
dist/assets/presetColors-DX5z46b8.js           0.23 kB │ gzip:  0.17 kB
dist/assets/basic-pAxFE_Ex2.js                 0.24 kB │ gzip:  0.21 kB
dist/assets/style-BbT6dRvx.js                  0.26 kB │ gzip:  0.22 kB
dist/assets/clearableArrow-E4XGUFvW.js         0.28 kB │ gzip:  0.22 kB
dist/assets/Portal-Con_ckwt.js                 0.29 kB │ gzip:  0.20 kB
dist/assets/wrap-DnbEfVJM.js                   0.30 kB │ gzip:  0.24 kB
dist/assets/format-By3kV22x.js                 0.31 kB │ gzip:  0.23 kB
dist/assets/circle-BcTliXk5.js                 0.32 kB │ gzip:  0.22 kB
dist/assets/basic-C_tVNHgQ.js                  0.32 kB │ gzip:  0.22 kB
dist/assets/search-BKOlpzBO.js                 0.32 kB │ gzip:  0.27 kB
dist/assets/variant-DNJPMkx3.js                0.34 kB │ gzip:  0.23 kB
dist/assets/link-C6b-1E5H.js                   0.34 kB │ gzip:  0.28 kB
dist/assets/basic-D3p0EVxK.js                  0.34 kB │ gzip:  0.25 kB
dist/assets/base-rhMx5Wvl.js                   0.34 kB │ gzip:  0.27 kB
dist/assets/circle-mini-Dgbvj5vi.js            0.34 kB │ gzip:  0.23 kB
dist/assets/page-size-BQkjEaqV.js              0.34 kB │ gzip:  0.28 kB
dist/assets/line-999_IHxv.js                   0.34 kB │ gzip:  0.24 kB
dist/assets/avatar-Df6Tou9g.js                 0.35 kB │ gzip:  0.27 kB
dist/assets/block-Br_iUcqW.js                  0.35 kB │ gzip:  0.29 kB
dist/assets/title-C7D5QoQO.js                  0.35 kB │ gzip:  0.21 kB
dist/assets/disabled-CcikVxVe.js               0.36 kB │ gzip:  0.28 kB
dist/assets/strict-DSzwBfAy.js                 0.36 kB │ gzip:  0.27 kB
dist/assets/block-D3Shw293.js                  0.37 kB │ gzip:  0.29 kB
dist/assets/composition-CLqG2PSE.js            0.37 kB │ gzip:  0.27 kB
dist/assets/search-Bcx1tzSv.js                 0.37 kB │ gzip:  0.29 kB
dist/assets/style-B1_f-jjF.js                  0.37 kB │ gzip:  0.29 kB
dist/assets/circle-micro-DYxrCQ4e.js           0.37 kB │ gzip:  0.29 kB
dist/assets/icons-qptrW98U.js                  0.37 kB │ gzip:  0.29 kB
dist/assets/sort-DI7aHHzZ.js                   0.37 kB │ gzip:  0.24 kB
dist/assets/basic-BJQYhj23.js                  0.38 kB │ gzip:  0.27 kB
dist/assets/steps-dG_6t8jY.js                  0.39 kB │ gzip:  0.26 kB
dist/assets/controlled-TdJjsdZs.js             0.39 kB │ gzip:  0.33 kB
dist/assets/jumper-9w9ezF8j.js                 0.39 kB │ gzip:  0.32 kB
dist/assets/line-mini-BNuoag_C.js              0.39 kB │ gzip:  0.25 kB
dist/assets/basic-DNVmov2W.js                  0.40 kB │ gzip:  0.31 kB
dist/assets/appearance-BEtvoDZ9.js             0.41 kB │ gzip:  0.28 kB
dist/assets/linecap-DoPKohLr.js                0.41 kB │ gzip:  0.24 kB
dist/assets/active-C6qkwgrF.js                 0.41 kB │ gzip:  0.32 kB
dist/assets/input-D72q0TtW.js                  0.41 kB │ gzip:  0.29 kB
dist/assets/controlled-DZYc1X9C.js             0.41 kB │ gzip:  0.32 kB
dist/assets/pending-legacy-C5dpwJ7r.js         0.41 kB │ gzip:  0.27 kB
dist/assets/button-CHrfqFsm.js                 0.41 kB │ gzip:  0.33 kB
dist/assets/link-AQ3ybVbD.js                   0.41 kB │ gzip:  0.33 kB
dist/assets/ghost-CKPPkXs1.js                  0.42 kB │ gzip:  0.31 kB
dist/assets/fragment-CGgM2IHH.js               0.42 kB │ gzip:  0.32 kB
dist/assets/spin-COSoLJ0T.js                   0.43 kB │ gzip:  0.34 kB
dist/assets/icon-lZ_Y5NdV.js                   0.43 kB │ gzip:  0.31 kB
dist/assets/disabled-CjPt7h33.js               0.43 kB │ gzip:  0.35 kB
dist/assets/semantic-DCVXPIXi.js               0.43 kB │ gzip:  0.30 kB
dist/assets/disabled-i7eGj_YO.js               0.43 kB │ gzip:  0.31 kB
dist/assets/children-IUYzc3LX.js               0.44 kB │ gzip:  0.33 kB
dist/assets/end-DqC73G23.js                    0.44 kB │ gzip:  0.29 kB
dist/assets/paragraph-BXwSMwXy.js              0.44 kB │ gzip:  0.39 kB
dist/assets/badge-Dln2_G3l.js                  0.45 kB │ gzip:  0.33 kB
dist/assets/variants-pNa29OtD.js               0.45 kB │ gzip:  0.35 kB
dist/assets/offset-D3vhUBIr.js                 0.46 kB │ gzip:  0.32 kB
dist/assets/controlled-D3G5tw3i.js             0.46 kB │ gzip:  0.34 kB
dist/assets/avatar-part-k3n0fHiZ.js            0.46 kB │ gzip:  0.29 kB
dist/assets/range-CT2Wu7hL.js                  0.46 kB │ gzip:  0.38 kB
dist/assets/status-g4B0IOIV.js                 0.46 kB │ gzip:  0.33 kB
dist/assets/dot-jLSzSq1h.js                    0.46 kB │ gzip:  0.35 kB
dist/assets/basic-BUqHp06l.js                  0.46 kB │ gzip:  0.38 kB
dist/assets/range-Byq7LDXq.js                  0.47 kB │ gzip:  0.38 kB
dist/assets/constraints-C-hZIIQD.js            0.47 kB │ gzip:  0.34 kB
dist/assets/button-DfSN6KST.js                 0.47 kB │ gzip:  0.31 kB
dist/assets/unit-DOBB7eCH.js                   0.47 kB │ gzip:  0.33 kB
dist/assets/responsive-DNMuXbZr.js             0.48 kB │ gzip:  0.28 kB
dist/assets/basic-Dw62G4OF.js                  0.48 kB │ gzip:  0.37 kB
dist/assets/rotate-DYcdj0Np.js                 0.48 kB │ gzip:  0.26 kB
dist/assets/password-controlled-CePM4doM.js    0.48 kB │ gzip:  0.37 kB
dist/assets/basic-BSZKMyb0.js                  0.49 kB │ gzip:  0.36 kB
dist/assets/custom-DE9lRRC-.js                 0.49 kB │ gzip:  0.32 kB
dist/assets/custom-text-BD-S8AP8.js            0.49 kB │ gzip:  0.36 kB
dist/assets/size-BS3LVro3.js                   0.49 kB │ gzip:  0.28 kB
dist/assets/manual-D1buRoVq.js                 0.49 kB │ gzip:  0.40 kB
dist/assets/virtual-CETbrcN_.js                0.49 kB │ gzip:  0.44 kB
dist/assets/basic-BgEXQD3I.js                  0.50 kB │ gzip:  0.28 kB
dist/assets/horizontal-BwI2136u.js             0.50 kB │ gzip:  0.28 kB
dist/assets/disabled-9l3GANFI.js               0.50 kB │ gzip:  0.30 kB
dist/assets/semantic-BJIswZT4.js               0.50 kB │ gzip:  0.29 kB
dist/assets/use-breakpoint-BtPo34Ne.js         0.50 kB │ gzip:  0.37 kB
dist/assets/virtual-2ohMDkjm.js                0.51 kB │ gzip:  0.41 kB
dist/assets/inline-BjoXgQCK.js                 0.51 kB │ gzip:  0.42 kB
dist/assets/icon-De5Gv15U.js                   0.51 kB │ gzip:  0.31 kB
dist/assets/disabled-CGiRhxo5.js               0.51 kB │ gzip:  0.35 kB
dist/assets/node-gWLJWGL5.js                   0.51 kB │ gzip:  0.33 kB
dist/assets/basic-BTdsMbOJ.js                  0.51 kB │ gzip:  0.41 kB
dist/assets/tags-BIjLfzGS.js                   0.51 kB │ gzip:  0.41 kB
dist/assets/centered-CJfYnRJK.js               0.52 kB │ gzip:  0.30 kB
dist/assets/search-loading-lyAyNbHC.js         0.52 kB │ gzip:  0.40 kB
dist/assets/basic-DedFOqJs.js                  0.52 kB │ gzip:  0.37 kB
dist/assets/dynamic-C_kgqs53.js                0.52 kB │ gzip:  0.38 kB
dist/assets/basic-CxUiEi9y.js                  0.52 kB │ gzip:  0.34 kB
dist/assets/loading-Bwp17wXA.js                0.52 kB │ gzip:  0.37 kB
dist/assets/variants-DPgYhOjj.js               0.53 kB │ gzip:  0.36 kB
dist/assets/clear-BkLVnwK-.js                  0.53 kB │ gzip:  0.41 kB
dist/assets/card-BSkKs_tm.js                   0.53 kB │ gzip:  0.30 kB
dist/assets/prefix-BQEqbKig.js                 0.53 kB │ gzip:  0.41 kB
dist/assets/action-DuoLe-jg.js                 0.53 kB │ gzip:  0.39 kB
dist/assets/size-D_seCi_N.js                   0.53 kB │ gzip:  0.30 kB
dist/assets/customize-B-LiBw7L.js              0.53 kB │ gzip:  0.40 kB
dist/assets/vertical-BI9i6IQ6.js               0.53 kB │ gzip:  0.31 kB
dist/assets/responsive-DemIkSvi.js             0.53 kB │ gzip:  0.39 kB
dist/assets/status-CCs9k77h.js                 0.53 kB │ gzip:  0.38 kB
dist/assets/compact-vertical-DVbFNLLj.js       0.54 kB │ gzip:  0.26 kB
dist/assets/form-B3Tskujd.js                   0.54 kB │ gzip:  0.35 kB
dist/assets/states-DzNYT7kA.js                 0.54 kB │ gzip:  0.42 kB
dist/assets/responsive-CWVN2NzF.js             0.54 kB │ gzip:  0.35 kB
dist/assets/vertical-CEdO4P_P.js               0.54 kB │ gzip:  0.31 kB
dist/assets/preset-groups-BAlDiiz2.js          0.54 kB │ gzip:  0.44 kB
dist/assets/editable-BLgr_0BS.js               0.54 kB │ gzip:  0.44 kB
dist/assets/ref-D-TgiXF8.js                    0.54 kB │ gzip:  0.39 kB
dist/assets/states-DpQf7mIG.js                 0.54 kB │ gzip:  0.37 kB
dist/assets/slice-ot3fwr-M.js                  0.54 kB │ gzip:  0.36 kB
dist/assets/title-vv_u7JDE.js                  0.54 kB │ gzip:  0.34 kB
dist/assets/disabled-C5_kJChQ.js               0.54 kB │ gzip:  0.43 kB
dist/assets/affix-C82S1JSW.js                  0.55 kB │ gzip:  0.40 kB
dist/assets/editable-rIZF3oli.js               0.55 kB │ gzip:  0.42 kB
dist/assets/native-uHXowhur.js                 0.55 kB │ gzip:  0.41 kB
dist/assets/half-DJWwvE_A.js                   0.55 kB │ gzip:  0.43 kB
dist/assets/orientation-margin-8Tn1HEHF.js     0.55 kB │ gzip:  0.32 kB
dist/assets/textarea-wEVJlcsA.js               0.55 kB │ gzip:  0.41 kB
dist/assets/preserve-mNBXRFTG.js               0.55 kB │ gzip:  0.38 kB
dist/assets/appearance-B05CCedO.js             0.55 kB │ gzip:  0.36 kB
dist/assets/sizes-TR6vFwnz.js                  0.56 kB │ gzip:  0.33 kB
dist/assets/size-CrGSKDF3.js                   0.56 kB │ gzip:  0.33 kB
dist/assets/password-Dt70BbLq.js               0.56 kB │ gzip:  0.38 kB
dist/assets/customize-CQUCtAT4.js              0.56 kB │ gzip:  0.41 kB
dist/assets/multiple-CGoFnkEl.js               0.56 kB │ gzip:  0.42 kB
dist/assets/placement-8vXhhUtv.js              0.56 kB │ gzip:  0.34 kB
dist/assets/presets-BaVL5U-4.js                0.56 kB │ gzip:  0.45 kB
dist/assets/basic-BU2yYNn3.js                  0.57 kB │ gzip:  0.44 kB
dist/assets/basic-DFYDdXR8.js                  0.57 kB │ gzip:  0.34 kB
dist/assets/align-DnuJiQFY.js                  0.57 kB │ gzip:  0.40 kB
dist/assets/search-D0MdhO5q.js                 0.57 kB │ gzip:  0.43 kB
dist/assets/group-D5kCdejJ.js                  0.58 kB │ gzip:  0.35 kB
dist/assets/basic-DXDdEVLo.js                  0.58 kB │ gzip:  0.36 kB
dist/assets/pending-KSNqNaIg.js                0.58 kB │ gzip:  0.38 kB
dist/assets/watch-C5_BGFud.js                  0.58 kB │ gzip:  0.38 kB
dist/assets/characters-CCt1b5_f.js             0.58 kB │ gzip:  0.42 kB
dist/assets/keyboard-CHXJjPR7.js               0.58 kB │ gzip:  0.47 kB
dist/assets/search-CTCftj00.js                 0.58 kB │ gzip:  0.40 kB
dist/assets/addon-HcKVM32H.js                  0.59 kB │ gzip:  0.35 kB
dist/assets/basic-fdI--l-r.js                  0.59 kB │ gzip:  0.46 kB
dist/assets/placement-BL6RByEV.js              0.59 kB │ gzip:  0.35 kB
dist/assets/constraints-D5bqou31.js            0.60 kB │ gzip:  0.46 kB
dist/assets/events-BqSJThO4.js                 0.60 kB │ gzip:  0.42 kB
dist/assets/filter-ma-tPHff.js                 0.60 kB │ gzip:  0.45 kB
dist/assets/remote-Cx1EwJAz.js                 0.60 kB │ gzip:  0.48 kB
dist/assets/fields-JPalQ0vv.js                 0.60 kB │ gzip:  0.43 kB
dist/assets/theme-LKEmySQq.js                  0.60 kB │ gzip:  0.43 kB
dist/assets/label-value-BK1S34C8.js            0.61 kB │ gzip:  0.42 kB
dist/assets/basic-Xd4RwYhn2.js                 0.61 kB │ gzip:  0.45 kB
dist/assets/size-ykOweqID.js                   0.61 kB │ gzip:  0.38 kB
dist/assets/autosize-DsbI5iEv.js               0.61 kB │ gzip:  0.45 kB
dist/assets/basic-Dlm8NIC6.js                  0.61 kB │ gzip:  0.43 kB
dist/assets/theme-CcygK-61.js                  0.61 kB │ gzip:  0.44 kB
dist/assets/vertical-CzACIego.js               0.61 kB │ gzip:  0.46 kB
dist/assets/shift-Cm07v2Pd.js                  0.61 kB │ gzip:  0.47 kB
dist/assets/overflow-DSxAWJhj.js               0.61 kB │ gzip:  0.31 kB
dist/assets/controlled-BzUfNghE2.js            0.62 kB │ gzip:  0.39 kB
dist/assets/group-BsP_cqFU.js                  0.62 kB │ gzip:  0.48 kB
dist/assets/title-C4QJkGac.js                  0.62 kB │ gzip:  0.37 kB
dist/assets/grouped-C3xzyzV-.js                0.62 kB │ gzip:  0.46 kB
dist/assets/basic-D8BP5ZNC.js                  0.62 kB │ gzip:  0.42 kB
dist/assets/filter-Cf2XR1RF.js                 0.63 kB │ gzip:  0.43 kB
dist/assets/formats-Da4_pymK.js                0.63 kB │ gzip:  0.46 kB
dist/assets/basic-DeWAjEO9.js                  0.63 kB │ gzip:  0.36 kB
dist/assets/link-DMixZCkq.js                   0.63 kB │ gzip:  0.39 kB
dist/assets/basic-BpkVxko2.js                  0.63 kB │ gzip:  0.38 kB
dist/assets/copyable-CeY0-8RX.js               0.64 kB │ gzip:  0.49 kB
dist/assets/basic-BCNMHwCY.js                  0.64 kB │ gzip:  0.37 kB
dist/assets/placement-DhIW_y87.js              0.64 kB │ gzip:  0.42 kB
dist/assets/nested-CU40DxIy.js                 0.64 kB │ gzip:  0.43 kB
dist/assets/basic-BK7Ac4RK.js                  0.64 kB │ gzip:  0.46 kB
dist/assets/context-DRldfrPW.js                0.64 kB │ gzip:  0.43 kB
dist/assets/form-g7bjpcEp.js                   0.64 kB │ gzip:  0.46 kB
dist/assets/style-class-N-eqP4dj.js            0.64 kB │ gzip:  0.43 kB
dist/assets/states-JayZQSjE.js                 0.64 kB │ gzip:  0.42 kB
dist/assets/actions-CIr0vc6f.js                0.65 kB │ gzip:  0.48 kB
dist/assets/basic-B6XtmSq3.js                  0.65 kB │ gzip:  0.49 kB
dist/assets/form-BOYRn8lg.js                   0.65 kB │ gzip:  0.47 kB
dist/assets/size-By23Nw08.js                   0.65 kB │ gzip:  0.45 kB
dist/assets/upload-B7wDvBfc.js                 0.65 kB │ gzip:  0.46 kB
dist/assets/color-DGX1KLq3.js                  0.65 kB │ gzip:  0.30 kB
dist/assets/basic-BvrT6uit.js                  0.65 kB │ gzip:  0.49 kB
dist/assets/basic-DDJie34W.js                  0.65 kB │ gzip:  0.46 kB
dist/assets/checkable-C7CbYDIA.js              0.65 kB │ gzip:  0.47 kB
dist/assets/open-Cz9-ejjV.js                   0.66 kB │ gzip:  0.46 kB
dist/assets/buttons-BV_HbZuG.js                0.66 kB │ gzip:  0.40 kB
dist/assets/controlled-BZ1uTm42.js             0.66 kB │ gzip:  0.48 kB
dist/assets/modes-Bd6Y5fcV.js                  0.66 kB │ gzip:  0.41 kB
dist/assets/segment-Cln4FSHR.js                0.66 kB │ gzip:  0.29 kB
dist/assets/drag-Dgyyd1mz.js                   0.66 kB │ gzip:  0.43 kB
dist/assets/form-DIIHXi1U.js                   0.67 kB │ gzip:  0.47 kB
dist/assets/normalize-CD5wWxmI.js              0.67 kB │ gzip:  0.50 kB
dist/assets/basic-DzvEORUU.js                  0.67 kB │ gzip:  0.46 kB
dist/assets/remote-MvvFVj0P.js                 0.67 kB │ gzip:  0.54 kB
dist/assets/compact-buttons-CE5eyFgL.js        0.67 kB │ gzip:  0.37 kB
dist/assets/open-Dvg18qIl.js                   0.67 kB │ gzip:  0.48 kB
dist/assets/variants-BztGeTBS.js               0.67 kB │ gzip:  0.45 kB
dist/assets/open-DWoyuudP.js                   0.68 kB │ gzip:  0.47 kB
dist/assets/time-presets-DKbBPaa8.js           0.68 kB │ gzip:  0.47 kB
dist/assets/dragger-CoP4dwCi.js                0.68 kB │ gzip:  0.51 kB
dist/assets/events-BHULmfmh.js                 0.68 kB │ gzip:  0.50 kB
dist/assets/multiple-MbaSmzJV.js               0.69 kB │ gzip:  0.51 kB
dist/assets/controlled-BGeDDiRc.js             0.69 kB │ gzip:  0.42 kB
dist/assets/disabled-DcU0OlEC.js               0.69 kB │ gzip:  0.46 kB
dist/assets/style-class-C4y2zlii.js            0.69 kB │ gzip:  0.43 kB
dist/assets/form-P1oZyGwF.js                   0.70 kB │ gzip:  0.49 kB
dist/assets/offset-CPJku9Ag.js                 0.70 kB │ gzip:  0.34 kB
dist/assets/fixed-header-BEUmytGO.js           0.70 kB │ gzip:  0.50 kB
dist/assets/dynamic-BcLIALRK.js                0.70 kB │ gzip:  0.49 kB
dist/assets/basic-C3WdofzO.js                  0.70 kB │ gzip:  0.55 kB
dist/assets/form-BG7jQuyW.js                   0.70 kB │ gzip:  0.49 kB
dist/assets/range-C06kXCrz.js                  0.71 kB │ gzip:  0.53 kB
dist/assets/trigger-D0w8L_eI.js                0.71 kB │ gzip:  0.52 kB
dist/assets/disabled-CzeXhH3I.js               0.71 kB │ gzip:  0.44 kB
dist/assets/variants-BdLvDmnS.js               0.71 kB │ gzip:  0.45 kB
dist/assets/basic-CYR0JmZs.js                  0.72 kB │ gzip:  0.43 kB
dist/assets/context-menu-DRNe0Ohg.js           0.72 kB │ gzip:  0.52 kB
dist/assets/form-DSsLXdOq.js                   0.72 kB │ gzip:  0.52 kB
dist/assets/size-status-BfnOmRyL.js            0.72 kB │ gzip:  0.42 kB
dist/assets/messages-CMsnQPw0.js               0.72 kB │ gzip:  0.52 kB
dist/assets/search-C4Wc-oPG.js                 0.72 kB │ gzip:  0.49 kB
dist/assets/controlled-4sWcLI4y.js             0.72 kB │ gzip:  0.37 kB
dist/assets/validate-only-DIHGDWWx.js          0.72 kB │ gzip:  0.52 kB
dist/assets/controlled-B3UqW10l.js             0.72 kB │ gzip:  0.53 kB
dist/assets/search-s3IZ_QH4.js                 0.72 kB │ gzip:  0.52 kB
dist/assets/date-time-CwKad0hq.js              0.73 kB │ gzip:  0.48 kB
dist/assets/form-v1Nij8ct2.js                  0.73 kB │ gzip:  0.53 kB
dist/assets/controlled-szxHR-um.js             0.73 kB │ gzip:  0.54 kB
dist/assets/advanced-CA6-Msoz.js               0.74 kB │ gzip:  0.54 kB
dist/assets/basic-BTWQXVuz.js                  0.74 kB │ gzip:  0.53 kB
dist/assets/controlled-DuoJjydI.js             0.74 kB │ gzip:  0.45 kB
dist/assets/title-span-CgFmdAvf.js             0.74 kB │ gzip:  0.38 kB
dist/assets/login-D4A67z5_.js                  0.74 kB │ gzip:  0.50 kB
dist/assets/dynamic-8Suhx_48.js                0.75 kB │ gzip:  0.41 kB
dist/assets/no-wrapper-CcDfIXyy.js             0.75 kB │ gzip:  0.48 kB
dist/assets/plain-Cjqf3ARk.js                  0.76 kB │ gzip:  0.40 kB
dist/assets/overflow-DVyQ_F3R.js               0.76 kB │ gzip:  0.50 kB
dist/assets/colorful-DGOueeJR.js               0.76 kB │ gzip:  0.49 kB
dist/assets/size-DlnhGSMQ.js                   0.76 kB │ gzip:  0.37 kB
dist/assets/alternate-DI51tnEm.js              0.76 kB │ gzip:  0.46 kB
dist/assets/destroy-inactive-BEpmiXs5.js       0.76 kB │ gzip:  0.55 kB
dist/assets/flex-BJMdSiI_.js                   0.76 kB │ gzip:  0.51 kB
dist/assets/item-render-Cmnfkcsy.js            0.77 kB │ gzip:  0.52 kB
dist/assets/trigger-CvZh0aEO.js                0.78 kB │ gzip:  0.44 kB
dist/assets/native-B-v2q3xD.js                 0.78 kB │ gzip:  0.59 kB
dist/assets/focus-D80WhQGS.js                  0.78 kB │ gzip:  0.56 kB
dist/assets/nested-DgZQkPjt.js                 0.79 kB │ gzip:  0.36 kB
dist/assets/recovery-B3sOuNVv.js               0.79 kB │ gzip:  0.56 kB
dist/assets/dashboard-Cw_J6XhB.js              0.79 kB │ gzip:  0.45 kB
dist/assets/customize-DTUsn8oW.js              0.79 kB │ gzip:  0.45 kB
dist/assets/disabled-delay-C1qYXkda.js         0.79 kB │ gzip:  0.49 kB
dist/assets/editable-C4uSLWxx.js               0.79 kB │ gzip:  0.58 kB
dist/assets/variants-C3DBh5sm.js               0.80 kB │ gzip:  0.43 kB
dist/assets/gradient-line-B225YsTv.js          0.80 kB │ gzip:  0.35 kB
dist/assets/controlled-DpS0vQd2.js             0.80 kB │ gzip:  0.53 kB
dist/assets/basic-DS_htqXv.js                  0.80 kB │ gzip:  0.52 kB
dist/assets/keyboard-DFjFvkq6.js               0.80 kB │ gzip:  0.58 kB
dist/assets/horizontal-DPK-3Gkq.js             0.81 kB │ gzip:  0.38 kB
dist/assets/circle-steps-Bvj1k_vL.js           0.81 kB │ gzip:  0.47 kB
dist/assets/controlled-BjUmPZTp.js             0.81 kB │ gzip:  0.59 kB
dist/assets/image-DeSkM8CM.js                  0.81 kB │ gzip:  0.56 kB
dist/assets/multiple-DSMBIQB3.js               0.81 kB │ gzip:  0.57 kB
dist/assets/conditional-BZouzLtM.js            0.81 kB │ gzip:  0.42 kB
dist/assets/style-F62FwfNL.js                  0.82 kB │ gzip:  0.46 kB
dist/assets/basic-Bp0sPwcg.js                  0.82 kB │ gzip:  0.38 kB
dist/assets/basic-CEgX1FB7.js                  0.83 kB │ gzip:  0.58 kB
dist/assets/separator-BsmMatgI.js              0.83 kB │ gzip:  0.47 kB
dist/assets/loading-Bk5clv7x.js                0.83 kB │ gzip:  0.59 kB
dist/assets/context-DKBbXHqZ.js                0.84 kB │ gzip:  0.53 kB
dist/assets/semantic-O-i8C_gu.js               0.84 kB │ gzip:  0.53 kB
dist/assets/align-ttjpULEJ.js                  0.85 kB │ gzip:  0.55 kB
dist/assets/directions-DiXC5gCo.js             0.85 kB │ gzip:  0.53 kB
dist/assets/basic-BcWZ4F7V.js                  0.85 kB │ gzip:  0.54 kB
dist/assets/remote-DKsCf24t.js                 0.85 kB │ gzip:  0.66 kB
dist/assets/trigger-Cd9CY_hi.js                0.86 kB │ gzip:  0.48 kB
dist/assets/context-DxQNugmK.js                0.86 kB │ gzip:  0.56 kB
dist/assets/context-QF4koW5K.js                0.86 kB │ gzip:  0.57 kB
dist/assets/strict-nQA9Ttdb.js                 0.87 kB │ gzip:  0.54 kB
dist/assets/dependent-BV1AOVqz.js              0.87 kB │ gzip:  0.53 kB
dist/assets/marks-rRuyY-yM.js                  0.87 kB │ gzip:  0.55 kB
dist/assets/double-click-eOG-dm9q.js           0.87 kB │ gzip:  0.48 kB
dist/assets/custom-buttons-lyEvVBRV.js         0.87 kB │ gzip:  0.55 kB
dist/assets/children-eLwZVkjK.js               0.88 kB │ gzip:  0.32 kB
dist/assets/style-Bz2-AOZN.js                  0.88 kB │ gzip:  0.59 kB
dist/assets/destroy-on-hidden-CcmdeRvW.js      0.88 kB │ gzip:  0.51 kB
dist/assets/context-B-BjYRtF.js                0.88 kB │ gzip:  0.56 kB
dist/assets/one-way--OpKOSa1.js                0.88 kB │ gzip:  0.62 kB
dist/assets/compact-cMkhtds0.js                0.89 kB │ gzip:  0.51 kB
dist/assets/status-DJOCbVRr.js                 0.89 kB │ gzip:  0.51 kB
dist/assets/basic-DBZ2hx74.js                  0.89 kB │ gzip:  0.58 kB
dist/assets/animated-o7x8Os2b.js               0.90 kB │ gzip:  0.56 kB
dist/assets/ellipsis-DA2MwEd1.js               0.90 kB │ gzip:  0.57 kB
dist/assets/combination-bvVuo4OV.js            0.90 kB │ gzip:  0.63 kB
dist/assets/container-DuS_OjBF.js              0.90 kB │ gzip:  0.56 kB
dist/assets/sequential-DI5rPQsj.js             0.90 kB │ gzip:  0.57 kB
dist/assets/form-CfZlgf4u.js                   0.91 kB │ gzip:  0.60 kB
dist/assets/programmatic-CtGJ1oGG.js           0.91 kB │ gzip:  0.60 kB
dist/assets/controlled-B4OV11vs.js             0.91 kB │ gzip:  0.60 kB
dist/assets/semantic-jjdeohJm.js               0.92 kB │ gzip:  0.60 kB
dist/assets/collapsible-icon-CyxHHeIE.js       0.92 kB │ gzip:  0.42 kB
dist/assets/list-move-CeLc3slY.js              0.92 kB │ gzip:  0.60 kB
dist/assets/wrap-y_TQ4nnd.js                   0.93 kB │ gzip:  0.59 kB
dist/assets/info-position-mCKrnw5S.js          0.93 kB │ gzip:  0.33 kB
dist/assets/size-C54XX6W_.js                   0.93 kB │ gzip:  0.32 kB
dist/assets/with-text-CNsA2fd6.js              0.93 kB │ gzip:  0.47 kB
dist/assets/group-CaALGIaV.js                  0.93 kB │ gzip:  0.59 kB
dist/assets/context-BLMVJ7i_.js                0.95 kB │ gzip:  0.58 kB
dist/assets/types-DOdJnAm6.js                  0.95 kB │ gzip:  0.58 kB
dist/assets/picture-B-IJsvls.js                0.95 kB │ gzip:  0.69 kB
dist/assets/basic-tppgXIK8.js                  0.95 kB │ gzip:  0.56 kB
dist/assets/layout-change-BoaApm56.js          0.95 kB │ gzip:  0.60 kB
dist/assets/container-PfcUqyfK.js              0.96 kB │ gzip:  0.58 kB
dist/assets/picture-card-BrvtoRD6.js           0.96 kB │ gzip:  0.55 kB
dist/assets/position-BCqN7Gg5.js               0.96 kB │ gzip:  0.50 kB
dist/assets/ref-B3LvjQsj.js                    0.97 kB │ gzip:  0.57 kB
dist/assets/click-Dzwv5kQJ.js                  0.97 kB │ gzip:  0.63 kB
dist/assets/ribbon-zdz8Q_b8.js                 0.98 kB │ gzip:  0.56 kB
dist/assets/context-BgOY1ARs.js                0.98 kB │ gzip:  0.62 kB
dist/assets/custom-render-CQ-NqgVk.js          0.99 kB │ gzip:  0.66 kB
dist/assets/basic-CmyrWLc52.js                 0.99 kB │ gzip:  0.64 kB
dist/assets/fixed-sider-CmZDsR50.js            0.99 kB │ gzip:  0.61 kB
dist/assets/responsive-D-1UChnp.js             1.00 kB │ gzip:  0.64 kB
dist/assets/style-6HU6275Q.js                  1.00 kB │ gzip:  0.55 kB
dist/assets/controlled-C-lSqmKX.js             1.01 kB │ gzip:  0.65 kB
dist/assets/appearance-DDXPAgEQ.js             1.01 kB │ gzip:  0.64 kB
dist/assets/controlled-B7LRBGVJ.js             1.01 kB │ gzip:  0.61 kB
dist/assets/register-hNYYshnJ.js               1.02 kB │ gzip:  0.61 kB
dist/assets/context-mve3CJ3e.js                1.02 kB │ gzip:  0.64 kB
dist/assets/semantic-fL4x9gy3.js               1.02 kB │ gzip:  0.62 kB
dist/assets/lazy-Cvz5hR4v.js                   1.03 kB │ gzip:  0.44 kB
dist/assets/colorful-D5tQAi-M.js               1.04 kB │ gzip:  0.55 kB
dist/assets/flex-item-CdekikF0.js              1.05 kB │ gzip:  0.52 kB
dist/assets/dynamic-B7RyAWii.js                1.05 kB │ gzip:  0.66 kB
dist/assets/dynamic-BvHbE8X1.js                1.05 kB │ gzip:  0.68 kB
dist/assets/format-CeIkKDJ-.js                 1.05 kB │ gzip:  0.60 kB
dist/assets/semantic-DEX8tT2q.js               1.05 kB │ gzip:  0.66 kB
dist/assets/sizes-CXsWQBXA.js                  1.05 kB │ gzip:  0.44 kB
dist/assets/native-k4vfkKuZ.js                 1.06 kB │ gzip:  0.71 kB
dist/assets/overflow-U3rLYC2A.js               1.06 kB │ gzip:  0.60 kB
dist/assets/search-D5O4N288.js                 1.06 kB │ gzip:  0.68 kB
dist/assets/reverse-arrow-YOw5Nza-.js          1.06 kB │ gzip:  0.60 kB
dist/assets/semantic-wI4Alkrm.js               1.07 kB │ gzip:  0.62 kB
dist/assets/nested-DXQ2xSJ8.js                 1.07 kB │ gzip:  0.62 kB
dist/assets/precision-DlYpLQTh.js              1.08 kB │ gzip:  0.62 kB
dist/assets/PickerSuffix-CGwFJeMs.js           1.08 kB │ gzip:  0.65 kB
dist/assets/confirmation-DAOiZrXD.js           1.08 kB │ gzip:  0.68 kB
dist/assets/constraints-dCeVn-2v.js            1.10 kB │ gzip:  0.76 kB
dist/assets/dynamic-BGAR2j2b.js                1.11 kB │ gzip:  0.71 kB
dist/assets/feedback-Dnz3wRYc.js               1.11 kB │ gzip:  0.62 kB
dist/assets/scroll-B0E0OlmN.js                 1.11 kB │ gzip:  0.71 kB
dist/assets/icon-DvV39uy4.js                   1.12 kB │ gzip:  0.58 kB
dist/assets/theme-CEZwFAHl.js                  1.12 kB │ gzip:  0.68 kB
dist/assets/size-BNXcREF_.js                   1.14 kB │ gzip:  0.65 kB
dist/assets/text-BHR1RM7V.js                   1.15 kB │ gzip:  0.56 kB
dist/assets/inline-empty-BriMxycv.js           1.16 kB │ gzip:  0.74 kB
dist/assets/theme-zX88q7SG.js                  1.17 kB │ gzip:  0.76 kB
dist/assets/list-Crdvh58e.js                   1.18 kB │ gzip:  0.76 kB
dist/assets/fresh-DkGM_zQb.js                  1.20 kB │ gzip:  0.88 kB
dist/assets/multiple-BVtKDaFP.js               1.20 kB │ gzip:  0.58 kB
dist/assets/timer-CqSzqoC4.js                  1.21 kB │ gzip:  0.53 kB
dist/assets/collapsible-BQZPT2fk.js            1.21 kB │ gzip:  0.63 kB
dist/assets/variants-DSNYB1oo.js               1.22 kB │ gzip:  0.52 kB
dist/assets/align-Cv67F3NZ.js                  1.22 kB │ gzip:  0.66 kB
dist/assets/control-Euumjzot.js                1.22 kB │ gzip:  0.66 kB
dist/assets/Icon-BL2IdiqP.js                   1.24 kB │ gzip:  0.69 kB
dist/assets/change-DU0ZpSvZ.js                 1.24 kB │ gzip:  0.63 kB
dist/assets/context-jlQ3pEcZ.js                1.25 kB │ gzip:  0.70 kB
dist/assets/gap-Df1diAXo.js                    1.27 kB │ gzip:  0.72 kB
dist/assets/gutter-B0L90WE6.js                 1.27 kB │ gzip:  0.58 kB
dist/assets/validation-6hO57Uuk.js             1.27 kB │ gzip:  0.82 kB
dist/assets/ConfigProvider-OWLGpS4l.js         1.31 kB │ gzip:  0.72 kB
dist/assets/context-B4SfjKTS.js                1.31 kB │ gzip:  0.72 kB
dist/assets/states-DFMYm8MJ.js                 1.32 kB │ gzip:  0.70 kB
dist/assets/aliases-ref-D6oC000m.js            1.32 kB │ gzip:  0.75 kB
dist/assets/disabled-jaRMmdAS.js               1.35 kB │ gzip:  0.74 kB
dist/assets/order-Clk_4S7R.js                  1.37 kB │ gzip:  0.58 kB
dist/assets/context-CFqqJT5F.js                1.39 kB │ gzip:  0.68 kB
dist/assets/lifecycle-CAgfCmOu.js              1.42 kB │ gzip:  0.80 kB
dist/assets/controlled-BQ4g6JWH.js             1.43 kB │ gzip:  0.79 kB
dist/assets/custom-Bp2E-3Lr.js                 1.43 kB │ gzip:  0.89 kB
dist/assets/dynamic-FjeACpGT.js                1.48 kB │ gzip:  0.75 kB
dist/assets/element-6qrly6re.js                1.49 kB │ gzip:  0.85 kB
dist/assets/side-CfaysmXx.js                   1.50 kB │ gzip:  0.96 kB
dist/assets/controls-CDxRxE2O.js               1.51 kB │ gzip:  0.83 kB
dist/assets/responsive-more-BWRbbzW2.js        1.54 kB │ gzip:  0.71 kB
dist/assets/basic-B-EaxLnE.js                  1.54 kB │ gzip:  0.53 kB
dist/assets/checkable-9UvrAb6x.js              1.57 kB │ gzip:  0.71 kB
dist/assets/top-side-DfuGmRt3.js               1.62 kB │ gzip:  0.89 kB
dist/assets/custom-trigger-CQUvVmXI.js         1.62 kB │ gzip:  0.86 kB
dist/assets/flex-stretch-yc_Fzta3.js           1.68 kB │ gzip:  0.72 kB
dist/assets/custom-list-9D6SyGz1.js            1.69 kB │ gzip:  0.93 kB
dist/assets/playground-BhWwW8Vc.js             1.79 kB │ gzip:  0.83 kB
dist/assets/control-B7dkFOjN.js                1.81 kB │ gzip:  1.00 kB
dist/assets/states-dfNNDNar.js                 1.86 kB │ gzip:  0.66 kB
dist/assets/disabled-BAB_drE3.js               1.90 kB │ gzip:  0.87 kB
dist/assets/Flex-DZT7VXQ1.js                   1.93 kB │ gzip:  0.85 kB
dist/assets/_VirtualList-DxRBqKZn.js           2.08 kB │ gzip:  1.03 kB
dist/assets/selection-5LBGQFfh.js              2.48 kB │ gzip:  1.10 kB
dist/assets/list-nested-C7Tmydur.js            2.60 kB │ gzip:  1.24 kB
dist/assets/color-BKjaAcKI.js                  2.63 kB │ gzip:  1.25 kB
dist/assets/layout-DERH4W9Q.js                 2.78 kB │ gzip:  0.99 kB
dist/assets/list-complex-6ZBh5V1d.js           2.98 kB │ gzip:  1.34 kB
dist/assets/Divider-B82F63Aa.js                3.08 kB │ gzip:  1.31 kB
dist/assets/Popover-DelMaDTw.js                3.30 kB │ gzip:  1.41 kB
dist/assets/Tooltip-B8fGrjuY.js                3.32 kB │ gzip:  1.42 kB
dist/assets/Space-DL15-06w.js                  3.60 kB │ gzip:  1.42 kB
dist/assets/Masonry-C4TggX2m.js                4.02 kB │ gzip:  1.95 kB
dist/assets/styles-CIXcEs7S.js                 4.16 kB │ gzip:  1.00 kB
dist/assets/Switch-CggKpV5h.js                 4.42 kB │ gzip:  1.85 kB
dist/assets/Skeleton-r6NKB5Sy.js               4.54 kB │ gzip:  1.66 kB
dist/assets/Avatar-BOGgeE5c.js                 4.64 kB │ gzip:  1.93 kB
dist/assets/styles-C5X9S63M.js                 4.82 kB │ gzip:  1.37 kB
dist/assets/Statistic-Bou6Ldxv.js              4.89 kB │ gzip:  2.07 kB
dist/assets/Rate-CdMwaHe_.js                   5.22 kB │ gzip:  2.16 kB
dist/assets/Empty-D4kHRhP7.js                  5.52 kB │ gzip:  2.24 kB
dist/assets/Layout-DQDOMu5I.js                 5.78 kB │ gzip:  2.05 kB
dist/assets/Dropdown-BXDzy_8G.js               5.88 kB │ gzip:  2.43 kB
dist/assets/trigger-DAzz8YbA.js                6.18 kB │ gzip:  2.37 kB
dist/assets/Checkbox-DU9xeY0w.js               6.29 kB │ gzip:  2.37 kB
dist/assets/Grid-DCcrgNjd.js                   6.48 kB │ gzip:  2.17 kB
dist/assets/Segmented-Bp0hDr4f.js              6.57 kB │ gzip:  2.76 kB
dist/assets/Pagination-dimDzhJt.js             7.44 kB │ gzip:  2.75 kB
dist/assets/Button-BFUe7vbS.js                 7.73 kB │ gzip:  2.25 kB
dist/assets/card-DkmfIuH6.js                   7.87 kB │ gzip:  2.52 kB
dist/assets/Radio-0RPeTsVZ.js                  7.97 kB │ gzip:  2.83 kB
dist/assets/InputNumber-Cp5JxJ1t.js            8.59 kB │ gzip:  3.34 kB
dist/assets/Transfer-BcAotdbA.js               8.87 kB │ gzip:  3.34 kB
dist/assets/Typography-CW8gnim6.js             9.02 kB │ gzip:  3.41 kB
dist/assets/AutoComplete-CvHpLbrQ.js           9.21 kB │ gzip:  3.68 kB
dist/assets/Tabs-CAH-FSvf.js                   9.54 kB │ gzip:  3.58 kB
dist/assets/Badge-DT5jXUz4.js                  9.70 kB │ gzip:  3.34 kB
dist/assets/portal-CBPhluje.js                10.04 kB │ gzip:  4.01 kB
dist/assets/Mentions-btVYQwz6.js              10.37 kB │ gzip:  4.24 kB
dist/assets/Slider-D3qGdHPw.js                10.84 kB │ gzip:  4.17 kB
dist/assets/Form-B1kwPOoV.js                  11.17 kB │ gzip:  4.02 kB
dist/assets/Timeline-DfVa5Hn8.js              11.62 kB │ gzip:  3.31 kB
dist/assets/TreeSelect-CnJ1uO1_.js            12.35 kB │ gzip:  4.20 kB
dist/assets/Tag-DbUI3rxO.js                   12.46 kB │ gzip:  4.17 kB
dist/assets/ColorPicker-WC-p9jxh.js           12.72 kB │ gzip:  4.86 kB
dist/assets/Input-CmwR2MWG.js                 13.37 kB │ gzip:  4.90 kB
dist/assets/Progress-cCGmdNPQ.js              13.52 kB │ gzip:  5.31 kB
dist/assets/Select-B6ILJMFi.js                15.20 kB │ gzip:  5.24 kB
dist/assets/Splitter-BUEvivaq.js              16.59 kB │ gzip:  6.32 kB
dist/assets/TimePicker-CqZQTn_c.js            17.17 kB │ gzip:  5.33 kB
dist/assets/Cascader-Gts7USrC.js              20.89 kB │ gzip:  6.62 kB
dist/assets/Tree-GUP7i3xG.js                  22.06 kB │ gzip:  7.74 kB
dist/assets/Upload-CdNE-Jib.js                25.15 kB │ gzip:  7.90 kB
dist/assets/dist-rNV7ZeQa.js                  28.79 kB │ gzip:  9.24 kB
dist/assets/DatePicker-Dci4J_Wz.js            37.97 kB │ gzip: 10.58 kB
dist/assets/web-C8_7H5jq.js                   40.36 kB │ gzip: 15.63 kB
dist/assets/src-DuFMNKgW.js                   49.94 kB │ gzip: 17.25 kB
dist/assets/entry-client-C43wi4Rb.js          67.08 kB │ gzip: 15.46 kB

✓ built in 1.61s
vite v8.2.1 building ssr environment for production...
[2Ktransforming...✓ 663 modules transformed.
rendering chunks...
computing gzip size...
.ssr/entry-server.js  1,129.98 kB │ gzip: 256.01 kB

✓ built in 315ms
Prerendered 51 documentation pages to docs/dist (base: /).
