
Running 44 tests using 2 workers

  ✓   1 [docs] › browser/Progress/contracts.spec.ts:39:1 › [progress.browser.line-mini] small line sizing (471ms)
  ✓   2 [docs] › browser/Progress/contracts.spec.ts:16:1 › [progress.browser.line] line geometry, colors and statuses (526ms)
  ✓   3 [docs] › browser/Progress/contracts.spec.ts:50:1 › [progress.browser.circle] circle rendering and centered info (288ms)
  ✓   4 [docs] › browser/Progress/contracts.spec.ts:68:1 › [progress.browser.circle-micro] micro circle shows info in a tooltip (429ms)
  ✓   5 [docs] › browser/Progress/contracts.spec.ts:81:1 › [progress.browser.dynamic] buttons drive both bars (782ms)
  ✓   7 [docs] › browser/Progress/contracts.spec.ts:119:1 › [progress.browser.gradient] gradient line and conic circle (309ms)
  ✓   6 [docs] › browser/Progress/contracts.spec.ts:95:1 › [progress.browser.dashboard] gap degree, placement and segments (1.0s)
  ✓   8 [docs] › browser/Progress/contracts.spec.ts:135:1 › [progress.browser.steps] step bars and circle steps (296ms)
  ✓   9 [docs] › browser/Progress/contracts.spec.ts:154:1 › [progress.browser.size] size variants (246ms)
  ✓  10 [docs] › browser/Progress/contracts.spec.ts:166:1 › [progress.browser.info-position] inner and outer info placement (265ms)
  ✓  11 [docs] › browser/Progress/contracts.spec.ts:183:1 › [progress.browser.semantic] style-class and linecap (239ms)
  ✓  13 [docs] › browser/Progress/contracts.spec.ts:203:1 › [progress.browser.ssr] API sections are server-rendered (10ms)
  ✓  14 [docs] › browser/Timeline/contracts.spec.ts:17:1 › [timeline.browser.basic] dot, rail and item geometry (266ms)
  ✓  15 [docs] › browser/Timeline/contracts.spec.ts:43:1 › [timeline.browser.colors] filled variant and preset colors (206ms)
  ✓  16 [docs] › browser/Timeline/contracts.spec.ts:55:1 › [timeline.browser.alternate] alternate places content on both sides (257ms)
  ✓  17 [docs] › browser/Timeline/contracts.spec.ts:75:1 › [timeline.browser.pending] loading icon and reverse toggle (301ms)
[WebServer] 12:54:15 PM [vite] (client) [console.warn] [STRICT_READ_UNTRACKED] Reactive value read directly in <Circle> will not update. Move it into a tracking scope (JSX, a memo, or an effect's compute function).
[WebServer] 12:54:15 PM [vite] (client) [console.warn] [STRICT_READ_UNTRACKED] Reactive value read directly in <Circle> will not update. Move it into a tracking scope (JSX, a memo, or an effect's compute function).
[WebServer] 12:54:15 PM [vite] (client) [console.warn] [STRICT_READ_UNTRACKED] Reactive value read directly in <Circle> will not update. Move it into a tracking scope (JSX, a memo, or an effect's compute function).
[WebServer] 12:54:15 PM [vite] (client) [console.warn] [STRICT_READ_UNTRACKED] Reactive value read directly in <Circle> will not update. Move it into a tracking scope (JSX, a memo, or an effect's compute function).
[WebServer] 12:54:15 PM [vite] (client) [console.warn] [STRICT_READ_UNTRACKED] Reactive value read directly in <Circle> will not update. Move it into a tracking scope (JSX, a memo, or an effect's compute function).
[WebServer] 12:54:15 PM [vite] (client) [console.warn] [STRICT_READ_UNTRACKED] Reactive value read directly in <Circle> will not update. Move it into a tracking scope (JSX, a memo, or an effect's compute function).
[WebServer] 12:54:15 PM [vite] (client) [console.warn] [STRICT_READ_UNTRACKED] Reactive value read directly in <Circle> will not update. Move it into a tracking scope (JSX, a memo, or an effect's compute function).
[WebServer] 12:54:15 PM [vite] (client) [console.warn] [STRICT_READ_UNTRACKED] Reactive value read directly in <Tooltip> will not update. Move it into a tracking scope (JSX, a memo, or an effect's compute function).
[WebServer] 12:54:15 PM [vite] (client) [console.warn] [STRICT_READ_UNTRACKED] Reactive value read directly in <Tooltip> will not update. Move it into a tracking scope (JSX, a memo, or an effect's compute function).
[WebServer] 12:54:15 PM [vite] (client) [console.warn] [STRICT_READ_UNTRACKED] Reactive value read directly in <Tooltip> will not update. Move it into a tracking scope (JSX, a memo, or an effect's compute function).
[WebServer] 12:54:15 PM [vite] (client) [console.warn] [STRICT_READ_UNTRACKED] Reactive value read directly in <Tooltip> will not update. Move it into a tracking scope (JSX, a memo, or an effect's compute function).
[WebServer] 12:54:15 PM [vite] (client) [console.warn] [STRICT_READ_UNTRACKED] Reactive value read directly in <Tooltip> will not update. Move it into a tracking scope (JSX, a memo, or an effect's compute function).
[WebServer] 12:54:15 PM [vite] (client) [console.warn] [STRICT_READ_UNTRACKED] Reactive value read directly in <Tooltip> will not update. Move it into a tracking scope (JSX, a memo, or an effect's compute function).
[WebServer] 12:54:15 PM [vite] (client) [console.warn] [STRICT_READ_UNTRACKED] Reactive value read directly in <Tooltip> will not update. Move it into a tracking scope (JSX, a memo, or an effect's compute function).
[WebServer] 12:54:15 PM [vite] (client) [console.warn] [STRICT_READ_UNTRACKED] Reactive value read directly in <Tooltip> will not update. Move it into a tracking scope (JSX, a memo, or an effect's compute function).
[WebServer] 12:54:15 PM [vite] (client) [console.warn] [STRICT_READ_UNTRACKED] Reactive value read directly in <Circle> will not update. Move it into a tracking scope (JSX, a memo, or an effect's compute function).
[WebServer] 12:54:15 PM [vite] (client) [console.warn] [STRICT_READ_UNTRACKED] Reactive value read directly in <Tooltip> will not update. Move it into a tracking scope (JSX, a memo, or an effect's compute function).
[WebServer] 12:54:15 PM [vite] (client) [console.warn] [STRICT_READ_UNTRACKED] Reactive value read directly in <Tooltip> will not update. Move it into a tracking scope (JSX, a memo, or an effect's compute function).
[WebServer] 12:54:15 PM [vite] (client) [console.warn] [STRICT_READ_UNTRACKED] Reactive value read directly in <Tooltip> will not update. Move it into a tracking scope (JSX, a memo, or an effect's compute function).
[WebServer] 12:54:15 PM [vite] (client) [console.warn] [STRICT_READ_UNTRACKED] Reactive value read directly in <Tooltip> will not update. Move it into a tracking scope (JSX, a memo, or an effect's compute function).
[WebServer] 12:54:15 PM [vite] (client) [console.warn] [STRICT_READ_UNTRACKED] Reactive value read directly in <Circle> will not update. Move it into a tracking scope (JSX, a memo, or an effect's compute function).
[WebServer] 12:54:15 PM [vite] (client) [console.warn] [STRICT_READ_UNTRACKED] Reactive value read directly in an effect callback will not update. Move it into a tracking scope (JSX, a memo, or an effect's compute function).
[WebServer] 12:54:15 PM [vite] (client) [console.warn] [STRICT_READ_UNTRACKED] Reactive value read directly in an effect callback will not update. Move it into a tracking scope (JSX, a memo, or an effect's compute function).
[WebServer] 12:54:15 PM [vite] (client) [console.warn] [STRICT_READ_UNTRACKED] Reactive value read directly in an effect callback will not update. Move it into a tracking scope (JSX, a memo, or an effect's compute function).
[WebServer] 12:54:15 PM [vite] (client) [console.warn] [STRICT_READ_UNTRACKED] Reactive value read directly in <Circle> will not update. Move it into a tracking scope (JSX, a memo, or an effect's compute function).
[WebServer] 12:54:15 PM [vite] (client) [console.warn] [STRICT_READ_UNTRACKED] Reactive value read directly in <Circle> will not update. Move it into a tracking scope (JSX, a memo, or an effect's compute function).
[WebServer] 12:54:15 PM [vite] (client) [console.warn] [STRICT_READ_UNTRACKED] Reactive value read directly in <Circle> will not update. Move it into a tracking scope (JSX, a memo, or an effect's compute function).
[WebServer] 12:54:15 PM [vite] (client) [console.warn] [STRICT_READ_UNTRACKED] Reactive value read directly in <Circle> will not update. Move it into a tracking scope (JSX, a memo, or an effect's compute function).
[WebServer] 12:54:15 PM [vite] (client) [console.warn] [STRICT_READ_UNTRACKED] Reactive value read directly in <Circle> will not update. Move it into a tracking scope (JSX, a memo, or an effect's compute function).
[WebServer] 12:54:15 PM [vite] (client) [console.warn] [STRICT_READ_UNTRACKED] Reactive value read directly in <Circle> will not update. Move it into a tracking scope (JSX, a memo, or an effect's compute function).
[WebServer] 12:54:15 PM [vite] (client) [console.warn] [STRICT_READ_UNTRACKED] Reactive value read directly in <Circle> will not update. Move it into a tracking scope (JSX, a memo, or an effect's compute function).
[WebServer] 12:54:15 PM [vite] (client) [console.warn] [STRICT_READ_UNTRACKED] Reactive value read directly in <Circle> will not update. Move it into a tracking scope (JSX, a memo, or an effect's compute function).
[WebServer] 12:54:15 PM [vite] (client) [console.warn] [STRICT_READ_UNTRACKED] Reactive value read directly in <Circle> will not update. Move it into a tracking scope (JSX, a memo, or an effect's compute function).
[WebServer] 12:54:15 PM [vite] (client) [console.warn] [STRICT_READ_UNTRACKED] Reactive value read directly in <Circle> will not update. Move it into a tracking scope (JSX, a memo, or an effect's compute function).
[WebServer] 12:54:15 PM [vite] (client) [console.warn] [STRICT_READ_UNTRACKED] Reactive value read directly in <Circle> will not update. Move it into a tracking scope (JSX, a memo, or an effect's compute function).
[WebServer] 12:54:15 PM [vite] (client) [console.warn] [STRICT_READ_UNTRACKED] Reactive value read directly in <Circle> will not update. Move it into a tracking scope (JSX, a memo, or an effect's compute function).
[WebServer] 12:54:15 PM [vite] (client) [console.warn] [STRICT_READ_UNTRACKED] Reactive value read directly in <Circle> will not update. Move it into a tracking scope (JSX, a memo, or an effect's compute function).
[WebServer] 12:54:15 PM [vite] (client) [console.warn] [STRICT_READ_UNTRACKED] Reactive value read directly in <Circle> will not update. Move it into a tracking scope (JSX, a memo, or an effect's compute function).
[WebServer] 12:54:15 PM [vite] (client) [console.warn] [STRICT_READ_UNTRACKED] Reactive value read directly in <Circle> will not update. Move it into a tracking scope (JSX, a memo, or an effect's compute function).
[WebServer] 12:54:15 PM [vite] (client) [console.warn] [STRICT_READ_UNTRACKED] Reactive value read directly in <Tooltip> will not update. Move it into a tracking scope (JSX, a memo, or an effect's compute function).
[WebServer] 12:54:15 PM [vite] (client) [console.warn] [STRICT_READ_UNTRACKED] Reactive value read directly in <Tooltip> will not update. Move it into a tracking scope (JSX, a memo, or an effect's compute function).
[WebServer] 12:54:15 PM [vite] (client) [console.warn] [STRICT_READ_UNTRACKED] Reactive value read directly in <Tooltip> will not update. Move it into a tracking scope (JSX, a memo, or an effect's compute function).
[WebServer] 12:54:15 PM [vite] (client) [console.warn] [STRICT_READ_UNTRACKED] Reactive value read directly in <Tooltip> will not update. Move it into a tracking scope (JSX, a memo, or an effect's compute function).
[WebServer] 12:54:15 PM [vite] (client) [console.warn] [STRICT_READ_UNTRACKED] Reactive value read directly in <Circle> will not update. Move it into a tracking scope (JSX, a memo, or an effect's compute function).
[WebServer] 12:54:15 PM [vite] (client) [console.warn] [STRICT_READ_UNTRACKED] Reactive value read directly in <Circle> will not update. Move it into a tracking scope (JSX, a memo, or an effect's compute function).
[WebServer] 12:54:15 PM [vite] (client) [console.warn] [STRICT_READ_UNTRACKED] Reactive value read directly in <Circle> will not update. Move it into a tracking scope (JSX, a memo, or an effect's compute function).
[WebServer] 12:54:15 PM [vite] (client) [console.warn] [STRICT_READ_UNTRACKED] Reactive value read directly in <Tooltip> will not update. Move it into a tracking scope (JSX, a memo, or an effect's compute function).
[WebServer] 12:54:15 PM [vite] (client) [console.warn] [STRICT_READ_UNTRACKED] Reactive value read directly in <Tooltip> will not update. Move it into a tracking scope (JSX, a memo, or an effect's compute function).
[WebServer] 12:54:15 PM [vite] (client) [console.warn] [STRICT_READ_UNTRACKED] Reactive value read directly in <Tooltip> will not update. Move it into a tracking scope (JSX, a memo, or an effect's compute function).
[WebServer] 12:54:15 PM [vite] (client) [console.warn] [STRICT_READ_UNTRACKED] Reactive value read directly in <Tooltip> will not update. Move it into a tracking scope (JSX, a memo, or an effect's compute function).
[WebServer] 12:54:15 PM [vite] (client) [console.warn] [STRICT_READ_UNTRACKED] Reactive value read directly in an effect callback will not update. Move it into a tracking scope (JSX, a memo, or an effect's compute function).
[WebServer] 12:54:15 PM [vite] (client) [console.warn] [STRICT_READ_UNTRACKED] Reactive value read directly in an effect callback will not update. Move it into a tracking scope (JSX, a memo, or an effect's compute function).
[WebServer] 12:54:15 PM [vite] (client) [console.warn] [STRICT_READ_UNTRACKED] Reactive value read directly in <Circle> will not update. Move it into a tracking scope (JSX, a memo, or an effect's compute function).
[WebServer] 12:54:15 PM [vite] (client) [console.warn] [STRICT_READ_UNTRACKED] Reactive value read directly in <Tooltip> will not update. Move it into a tracking scope (JSX, a memo, or an effect's compute function).
[WebServer] 12:54:15 PM [vite] (client) [console.warn] [STRICT_READ_UNTRACKED] Reactive value read directly in <Tooltip> will not update. Move it into a tracking scope (JSX, a memo, or an effect's compute function).
[WebServer] 12:54:15 PM [vite] (client) [console.warn] [STRICT_READ_UNTRACKED] Reactive value read directly in <Tooltip> will not update. Move it into a tracking scope (JSX, a memo, or an effect's compute function).
[WebServer] 12:54:15 PM [vite] (client) [console.warn] [STRICT_READ_UNTRACKED] Reactive value read directly in <Tooltip> will not update. Move it into a tracking scope (JSX, a memo, or an effect's compute function).
[WebServer] 12:54:15 PM [vite] (client) [console.warn] [STRICT_READ_UNTRACKED] Reactive value read directly in an effect callback will not update. Move it into a tracking scope (JSX, a memo, or an effect's compute function).
[WebServer] 12:54:15 PM [vite] (client) [console.warn] [STRICT_READ_UNTRACKED] Reactive value read directly in <Circle> will not update. Move it into a tracking scope (JSX, a memo, or an effect's compute function).
  ✓  18 [docs] › browser/Timeline/contracts.spec.ts:91:1 › [timeline.browser.end-title] end mode and title layouts (441ms)
  ✓  19 [docs] › browser/Timeline/contracts.spec.ts:115:1 › [timeline.browser.title-span] titleSpan positions the dot (212ms)
  ✓  12 [docs] › browser/Progress/contracts.spec.ts:195:1 › [progress.browser.dev] dev rendering (2.0s)
  ✓  20 [docs] › browser/Timeline/contracts.spec.ts:125:1 › [timeline.browser.horizontal] horizontal layouts (238ms)
  ✓  22 [docs] › browser/Timeline/contracts.spec.ts:174:1 › [timeline.browser.icon-visible] mask icons paint with currentColor (180ms)
  ✓  21 [docs] › browser/Timeline/contracts.spec.ts:147:1 › [timeline.browser.semantic] semantic styles and custom icon (302ms)
  ✓  24 [docs] › browser/Timeline/contracts.spec.ts:195:1 › [timeline.browser.ssr] API sections are server-rendered (12ms)
  ✓  23 [docs] › browser/Timeline/contracts.spec.ts:187:1 › [timeline.browser.dev] dev rendering (469ms)
  ✓  25 [example] › browser/Progress/contracts.spec.ts:16:1 › [progress.browser.line] line geometry, colors and statuses (504ms)
  ✓  26 [example] › browser/Progress/contracts.spec.ts:39:1 › [progress.browser.line-mini] small line sizing (473ms)
  ✓  27 [example] › browser/Progress/contracts.spec.ts:50:1 › [progress.browser.circle] circle rendering and centered info (438ms)
  ✓  28 [example] › browser/Progress/contracts.spec.ts:68:1 › [progress.browser.circle-micro] micro circle shows info in a tooltip (554ms)
  ✓  29 [example] › browser/Progress/contracts.spec.ts:81:1 › [progress.browser.dynamic] buttons drive both bars (842ms)
  ✓  31 [example] › browser/Progress/contracts.spec.ts:119:1 › [progress.browser.gradient] gradient line and conic circle (358ms)
  ✓  32 [example] › browser/Progress/contracts.spec.ts:135:1 › [progress.browser.steps] step bars and circle steps (277ms)
  ✓  30 [example] › browser/Progress/contracts.spec.ts:95:1 › [progress.browser.dashboard] gap degree, placement and segments (1.0s)
  ✓  33 [example] › browser/Progress/contracts.spec.ts:154:1 › [progress.browser.size] size variants (274ms)
  ✓  34 [example] › browser/Progress/contracts.spec.ts:166:1 › [progress.browser.info-position] inner and outer info placement (280ms)
  ✓  35 [example] › browser/Progress/contracts.spec.ts:183:1 › [progress.browser.semantic] style-class and linecap (278ms)
  ✓  36 [example] › browser/Timeline/contracts.spec.ts:17:1 › [timeline.browser.basic] dot, rail and item geometry (301ms)
  ✓  37 [example] › browser/Timeline/contracts.spec.ts:43:1 › [timeline.browser.colors] filled variant and preset colors (271ms)
  ✓  38 [example] › browser/Timeline/contracts.spec.ts:55:1 › [timeline.browser.alternate] alternate places content on both sides (318ms)
  ✓  39 [example] › browser/Timeline/contracts.spec.ts:75:1 › [timeline.browser.pending] loading icon and reverse toggle (367ms)
  ✓  40 [example] › browser/Timeline/contracts.spec.ts:91:1 › [timeline.browser.end-title] end mode and title layouts (444ms)
  ✓  41 [example] › browser/Timeline/contracts.spec.ts:115:1 › [timeline.browser.title-span] titleSpan positions the dot (273ms)
  ✓  42 [example] › browser/Timeline/contracts.spec.ts:125:1 › [timeline.browser.horizontal] horizontal layouts (310ms)
  ✓  43 [example] › browser/Timeline/contracts.spec.ts:147:1 › [timeline.browser.semantic] semantic styles and custom icon (340ms)
  ✓  44 [example] › browser/Timeline/contracts.spec.ts:174:1 › [timeline.browser.icon-visible] mask icons paint with currentColor (243ms)

  44 passed (18.1s)
