
Running 26 tests using 2 workers

[1/26] [docs] › browser/Empty/contracts.spec.ts:15:1 › [empty.browser.default] default illustration layout and colors
[2/26] [docs] › browser/Empty/contracts.spec.ts:35:1 › [empty.browser.simple] simple illustration uses the normal layout
[3/26] [docs] › browser/Empty/contracts.spec.ts:46:1 › [empty.browser.customize] custom image, description and footer
[4/26] [docs] › browser/Empty/contracts.spec.ts:57:1 › [empty.browser.semantic] description=false and semantic styles
[5/26] [docs] › browser/Empty/contracts.spec.ts:72:1 › [empty.browser.mobile] no horizontal overflow on phones
[6/26] [docs] › browser/Empty/contracts.spec.ts:79:1 › [empty.browser.dev] dev rendering
[7/26] [docs] › browser/Empty/contracts.spec.ts:87:1 › [empty.browser.ssr] API sections are server-rendered
[8/26] [docs] › browser/Statistic/contracts.spec.ts:14:1 › [statistic.browser.basic] typography, formatting and skeleton
[9/26] [docs] › browser/Statistic/contracts.spec.ts:30:1 › [statistic.browser.unit] prefix and suffix spacing
[10/26] [docs] › browser/Statistic/contracts.spec.ts:46:1 › [statistic.browser.animated] count-up and card colors
[11/26] [docs] › browser/Statistic/contracts.spec.ts:58:1 › [statistic.browser.timer] countdown and countup tick
[12/26] [docs] › browser/Statistic/contracts.spec.ts:75:1 › [statistic.browser.semantic] semantic styles
[13/26] [docs] › browser/Statistic/contracts.spec.ts:90:1 › [statistic.browser.mobile] no horizontal overflow on phones
[14/26] [docs] › browser/Statistic/contracts.spec.ts:97:1 › [statistic.browser.dev] dev rendering
[15/26] [docs] › browser/Statistic/contracts.spec.ts:106:1 › [statistic.browser.ssr] API sections are server-rendered
[16/26] [example] › browser/Empty/contracts.spec.ts:15:1 › [empty.browser.default] default illustration layout and colors
[17/26] [example] › browser/Empty/contracts.spec.ts:46:1 › [empty.browser.customize] custom image, description and footer
[18/26] [example] › browser/Empty/contracts.spec.ts:35:1 › [empty.browser.simple] simple illustration uses the normal layout
[19/26] [example] › browser/Empty/contracts.spec.ts:57:1 › [empty.browser.semantic] description=false and semantic styles
[20/26] [example] › browser/Empty/contracts.spec.ts:72:1 › [empty.browser.mobile] no horizontal overflow on phones
[21/26] [example] › browser/Statistic/contracts.spec.ts:14:1 › [statistic.browser.basic] typography, formatting and skeleton
[22/26] [example] › browser/Statistic/contracts.spec.ts:30:1 › [statistic.browser.unit] prefix and suffix spacing
[23/26] [example] › browser/Statistic/contracts.spec.ts:46:1 › [statistic.browser.animated] count-up and card colors
[24/26] [example] › browser/Statistic/contracts.spec.ts:58:1 › [statistic.browser.timer] countdown and countup tick
[25/26] [example] › browser/Statistic/contracts.spec.ts:75:1 › [statistic.browser.semantic] semantic styles
[26/26] [example] › browser/Statistic/contracts.spec.ts:90:1 › [statistic.browser.mobile] no horizontal overflow on phones
  26 passed (16.8s)
