$ pnpm run typecheck:docs && pnpm run build:docs
$ pnpm --dir docs run typecheck
$ tsc --noEmit -p tsconfig.json
$ pnpm --dir docs run build
$ node scripts/build.mjs
vite v8.2.1 building client environment for production...
[2Ktransforming...✓ 380 modules transformed.
rendering chunks...
computing gzip size...
dist/.vite/manifest.json                      62.38 kB │ gzip:  6.58 kB
dist/assets/entry-client-aOzNOjZs.css        144.12 kB │ gzip: 21.54 kB
dist/assets/basic-7DjEoDBl.js                  0.12 kB │ gzip:  0.12 kB
dist/assets/empty-vTdbe1yE.js                  0.16 kB │ gzip:  0.17 kB
dist/assets/width-DPxwtE3A.js                  0.18 kB │ gzip:  0.17 kB
dist/assets/duration-C2b9vdEJ.js               0.19 kB │ gzip:  0.19 kB
dist/assets/basic-CKYbRlvV.js                  0.19 kB │ gzip:  0.18 kB
dist/assets/data-ez8iftd6.js                   0.22 kB │ gzip:  0.16 kB
dist/assets/check-DLZGCRAk.js                  0.22 kB │ gzip:  0.18 kB
dist/assets/basic-CDHu1gzw.js                  0.24 kB │ gzip:  0.20 kB
dist/assets/style-B4TKTwUL.js                  0.26 kB │ gzip:  0.22 kB
dist/assets/Portal-XdTfQ_SO.js                 0.29 kB │ gzip:  0.20 kB
dist/assets/search-KRb6HlR7.js                 0.32 kB │ gzip:  0.27 kB
dist/assets/basic-BKjpR946.js                  0.34 kB │ gzip:  0.25 kB
dist/assets/page-size-DEnK2__c.js              0.34 kB │ gzip:  0.29 kB
dist/assets/avatar-BTuhUCR3.js                 0.35 kB │ gzip:  0.26 kB
dist/assets/block-abR59lXe.js                  0.35 kB │ gzip:  0.29 kB
dist/assets/disabled-DnF8yVB7.js               0.36 kB │ gzip:  0.28 kB
dist/assets/strict-BsiTAA7D.js                 0.36 kB │ gzip:  0.27 kB
dist/assets/composition-C302nzFi.js            0.37 kB │ gzip:  0.27 kB
dist/assets/search-BCRgwt17.js                 0.37 kB │ gzip:  0.29 kB
dist/assets/style-CP6GwQad.js                  0.37 kB │ gzip:  0.28 kB
dist/assets/icons-a9iQFPTo.js                  0.37 kB │ gzip:  0.29 kB
dist/assets/controlled-D38MdPCT.js             0.39 kB │ gzip:  0.32 kB
dist/assets/jumper-DkJKnmNL.js                 0.39 kB │ gzip:  0.32 kB
dist/assets/basic-CTQIDpxf.js                  0.40 kB │ gzip:  0.31 kB
dist/assets/appearance-DtT7qUNA.js             0.41 kB │ gzip:  0.28 kB
dist/assets/active-Bn108WBp.js                 0.41 kB │ gzip:  0.32 kB
dist/assets/input-D5V-EoRm.js                  0.41 kB │ gzip:  0.29 kB
dist/assets/button-B6iBKLms.js                 0.41 kB │ gzip:  0.33 kB
dist/assets/link-FU7yN-g0.js                   0.41 kB │ gzip:  0.33 kB
dist/assets/ghost-DINa0pw_.js                  0.42 kB │ gzip:  0.31 kB
dist/assets/fragment-wOeUWNJo.js               0.42 kB │ gzip:  0.31 kB
dist/assets/spin-BKticEk_.js                   0.43 kB │ gzip:  0.34 kB
dist/assets/icon-BCcyxOIn.js                   0.43 kB │ gzip:  0.31 kB
dist/assets/disabled-IW6KThIo.js               0.43 kB │ gzip:  0.35 kB
dist/assets/disabled-CUKM8o6W.js               0.43 kB │ gzip:  0.31 kB
dist/assets/children-DXwzQpUM.js               0.44 kB │ gzip:  0.33 kB
dist/assets/controlled-D412M2de.js             0.46 kB │ gzip:  0.34 kB
dist/assets/avatar-part-B5YDJCMl.js            0.46 kB │ gzip:  0.29 kB
dist/assets/status-CuFlbNA1.js                 0.46 kB │ gzip:  0.33 kB
dist/assets/basic-DI-ptl7i.js                  0.46 kB │ gzip:  0.38 kB
dist/assets/button-BtgouMIh.js                 0.47 kB │ gzip:  0.31 kB
dist/assets/basic-CKHp07iK.js                  0.48 kB │ gzip:  0.37 kB
dist/assets/rotate-CDPXVxrk.js                 0.48 kB │ gzip:  0.27 kB
dist/assets/password-controlled-CVDR2mdf.js    0.48 kB │ gzip:  0.37 kB
dist/assets/size-DM6ieG-G.js                   0.49 kB │ gzip:  0.28 kB
dist/assets/virtual-CMDx-Wom.js                0.49 kB │ gzip:  0.44 kB
dist/assets/basic-DbzMGPJg.js                  0.50 kB │ gzip:  0.29 kB
dist/assets/disabled-BJzQJZ8i.js               0.50 kB │ gzip:  0.30 kB
dist/assets/icon-fzqpng8P.js                   0.51 kB │ gzip:  0.31 kB
dist/assets/disabled-CHZYxUmV.js               0.51 kB │ gzip:  0.35 kB
dist/assets/node-B3rNZV08.js                   0.51 kB │ gzip:  0.33 kB
dist/assets/tags-D-xEAhI3.js                   0.51 kB │ gzip:  0.41 kB
dist/assets/centered-CgyBFdI4.js               0.52 kB │ gzip:  0.30 kB
dist/assets/search-loading-BNqrBwV7.js         0.52 kB │ gzip:  0.40 kB
dist/assets/dynamic-BsJRHvDY.js                0.52 kB │ gzip:  0.38 kB
dist/assets/basic-BWP6YSOp.js                  0.52 kB │ gzip:  0.34 kB
dist/assets/loading-B2FBETqs.js                0.52 kB │ gzip:  0.37 kB
dist/assets/variants-DXCh_r8X.js               0.53 kB │ gzip:  0.36 kB
dist/assets/card-DNiXrJNz.js                   0.53 kB │ gzip:  0.30 kB
dist/assets/prefix-BHPqJPEW.js                 0.53 kB │ gzip:  0.40 kB
dist/assets/action-DL4WCsw9.js                 0.53 kB │ gzip:  0.40 kB
dist/assets/form-MUvpPlD3.js                   0.53 kB │ gzip:  0.35 kB
dist/assets/states-DPBAbFmZ.js                 0.54 kB │ gzip:  0.42 kB
dist/assets/ref-QxP8c4Bo.js                    0.54 kB │ gzip:  0.39 kB
dist/assets/slice-C8wXNRbl.js                  0.54 kB │ gzip:  0.36 kB
dist/assets/affix-CNCUZ-kl.js                  0.55 kB │ gzip:  0.40 kB
dist/assets/editable-DQC5jFyl.js               0.55 kB │ gzip:  0.42 kB
dist/assets/native-BHPvTGZ5.js                 0.55 kB │ gzip:  0.41 kB
dist/assets/half-C-mmETdo.js                   0.55 kB │ gzip:  0.44 kB
dist/assets/textarea-RH1gxtxp.js               0.55 kB │ gzip:  0.41 kB
dist/assets/variants-CtdkFv1q.js               0.55 kB │ gzip:  0.40 kB
dist/assets/appearance-CanoAASO.js             0.55 kB │ gzip:  0.36 kB
dist/assets/sizes-DohK1l1q.js                  0.56 kB │ gzip:  0.33 kB
dist/assets/password-DpRyIH4O.js               0.56 kB │ gzip:  0.38 kB
dist/assets/multiple-BpzxJtNF.js               0.56 kB │ gzip:  0.41 kB
dist/assets/placement-CymI1tbN.js              0.56 kB │ gzip:  0.34 kB
dist/assets/basic-BEX8e-NC.js                  0.57 kB │ gzip:  0.44 kB
dist/assets/search-DpK6zj5r.js                 0.57 kB │ gzip:  0.42 kB
dist/assets/keyboard-B2ci467S.js               0.58 kB │ gzip:  0.47 kB
dist/assets/search-CLl63ktA.js                 0.58 kB │ gzip:  0.40 kB
dist/assets/basic-DRtTYDef.js                  0.59 kB │ gzip:  0.46 kB
dist/assets/placement-DcxZDPAR.js              0.59 kB │ gzip:  0.35 kB
dist/assets/filter-D9tkpUF9.js                 0.60 kB │ gzip:  0.44 kB
dist/assets/remote-TRc6kyQ5.js                 0.60 kB │ gzip:  0.48 kB
dist/assets/theme--HY820eO.js                  0.60 kB │ gzip:  0.43 kB
dist/assets/label-value-qfLtoE8I.js            0.61 kB │ gzip:  0.42 kB
dist/assets/size-Cz1ppnMZ.js                   0.61 kB │ gzip:  0.39 kB
dist/assets/autosize-CuOZUHFP.js               0.61 kB │ gzip:  0.45 kB
dist/assets/basic-D3VVnA0W.js                  0.61 kB │ gzip:  0.43 kB
dist/assets/theme-Dqb17Gjc.js                  0.61 kB │ gzip:  0.43 kB
dist/assets/controlled-DWsiA6EZ.js             0.62 kB │ gzip:  0.38 kB
dist/assets/group-BTgI0m4O.js                  0.62 kB │ gzip:  0.48 kB
dist/assets/grouped-CRVyX_Zw.js                0.62 kB │ gzip:  0.46 kB
dist/assets/basic-DV7bIPyY.js                  0.62 kB │ gzip:  0.43 kB
dist/assets/basic-clV69jyb2.js                 0.63 kB │ gzip:  0.36 kB
dist/assets/basic-DMoTBK_Y.js                  0.64 kB │ gzip:  0.37 kB
dist/assets/placement-CgMz4Khe.js              0.64 kB │ gzip:  0.41 kB
dist/assets/nested-CnS-12mT.js                 0.64 kB │ gzip:  0.43 kB
dist/assets/context-D77OHGd3.js                0.64 kB │ gzip:  0.43 kB
dist/assets/states-D9OzUjhh.js                 0.64 kB │ gzip:  0.42 kB
dist/assets/basic-CzCT3-Dn.js                  0.65 kB │ gzip:  0.48 kB
dist/assets/size-C2_IQ0IU.js                   0.65 kB │ gzip:  0.44 kB
dist/assets/color-BAF7pnjt.js                  0.65 kB │ gzip:  0.29 kB
dist/assets/basic-C7WLq5PO.js                  0.65 kB │ gzip:  0.46 kB
dist/assets/basic-DFDf99F5.js                  0.65 kB │ gzip:  0.49 kB
dist/assets/checkable-CZ3kj4e4.js              0.65 kB │ gzip:  0.47 kB
dist/assets/buttons-CJCMXGrB.js                0.66 kB │ gzip:  0.40 kB
dist/assets/controlled-BBCPPKRe.js             0.66 kB │ gzip:  0.48 kB
dist/assets/drag-BHx9Qy2B.js                   0.67 kB │ gzip:  0.43 kB
dist/assets/form-CpDRvTFl.js                   0.67 kB │ gzip:  0.47 kB
dist/assets/basic-CWgQ9Qnt.js                  0.67 kB │ gzip:  0.46 kB
dist/assets/remote-BWIugOtW.js                 0.67 kB │ gzip:  0.54 kB
dist/assets/events-DgVP_6es.js                 0.68 kB │ gzip:  0.50 kB
dist/assets/controlled-Ntuv-zEO.js             0.69 kB │ gzip:  0.42 kB
dist/assets/disabled-B_xiaoDr.js               0.69 kB │ gzip:  0.47 kB
dist/assets/range-DBtB_OKG.js                  0.71 kB │ gzip:  0.53 kB
dist/assets/context-menu-Bq2qMtZ1.js           0.72 kB │ gzip:  0.52 kB
dist/assets/size-status-e77c3CR9.js            0.72 kB │ gzip:  0.42 kB
dist/assets/controlled-C6Mo8SU3.js             0.72 kB │ gzip:  0.37 kB
dist/assets/controlled-Cne7uRjW.js             0.72 kB │ gzip:  0.53 kB
dist/assets/controlled-DdmM2eoR.js             0.73 kB │ gzip:  0.54 kB
dist/assets/advanced-_SPSbA75.js               0.74 kB │ gzip:  0.54 kB
dist/assets/basic-BfA9Effl.js                  0.74 kB │ gzip:  0.53 kB
dist/assets/controlled-CYwJ0LXe.js             0.74 kB │ gzip:  0.45 kB
dist/assets/size-c-ofJuGh.js                   0.76 kB │ gzip:  0.38 kB
dist/assets/destroy-inactive-BDPX3v0s.js       0.76 kB │ gzip:  0.55 kB
dist/assets/trigger-Bh913ZUj.js                0.78 kB │ gzip:  0.44 kB
dist/assets/native-C1072_m0.js                 0.78 kB │ gzip:  0.59 kB
dist/assets/focus-FsvfO-fp.js                  0.78 kB │ gzip:  0.56 kB
dist/assets/disabled-delay-DGxmvWRI.js         0.79 kB │ gzip:  0.50 kB
dist/assets/editable-DtqUUFwd.js               0.79 kB │ gzip:  0.59 kB
dist/assets/variants-DhKbxtEQ.js               0.80 kB │ gzip:  0.42 kB
dist/assets/controlled-BpV_JdJo.js             0.80 kB │ gzip:  0.53 kB
dist/assets/keyboard-DyrNDShD.js               0.80 kB │ gzip:  0.58 kB
dist/assets/controlled-J4n8S9F3.js             0.81 kB │ gzip:  0.58 kB
dist/assets/multiple-0AbJeTRn.js               0.81 kB │ gzip:  0.57 kB
dist/assets/style-BTu96iBn.js                  0.82 kB │ gzip:  0.46 kB
dist/assets/loading-UQNGLYYp.js                0.83 kB │ gzip:  0.59 kB
dist/assets/context-BRVH_2Hw.js                0.84 kB │ gzip:  0.53 kB
dist/assets/directions--6YmI4VN.js             0.85 kB │ gzip:  0.53 kB
dist/assets/basic-DY5q6Wfa.js                  0.85 kB │ gzip:  0.54 kB
dist/assets/remote-DNDwX8SS.js                 0.85 kB │ gzip:  0.66 kB
dist/assets/trigger-BZZST7TF.js                0.86 kB │ gzip:  0.48 kB
dist/assets/context-C7u7VOsW.js                0.86 kB │ gzip:  0.56 kB
dist/assets/context-Z6d4RoBl.js                0.86 kB │ gzip:  0.57 kB
dist/assets/dependent-ZR4pYkS9.js              0.87 kB │ gzip:  0.53 kB
dist/assets/marks-DcW3idae.js                  0.87 kB │ gzip:  0.55 kB
dist/assets/custom-buttons-QhWn42EU.js         0.87 kB │ gzip:  0.55 kB
dist/assets/style-B0Y960Xv.js                  0.88 kB │ gzip:  0.59 kB
dist/assets/context-CshFzGP92.js               0.88 kB │ gzip:  0.56 kB
dist/assets/basic-CCL5vWoY.js                  0.89 kB │ gzip:  0.57 kB
dist/assets/container-D0xN1zSp.js              0.90 kB │ gzip:  0.56 kB
dist/assets/form-Dukc6JTn.js                   0.91 kB │ gzip:  0.60 kB
dist/assets/group-CjcugvCl.js                  0.93 kB │ gzip:  0.59 kB
dist/assets/context-Bn0GVuum.js                0.95 kB │ gzip:  0.58 kB
dist/assets/container-Dp9f-gIN.js              0.96 kB │ gzip:  0.58 kB
dist/assets/position-BR58IzMp.js               0.96 kB │ gzip:  0.50 kB
dist/assets/ref-CLqMWFq6.js                    0.97 kB │ gzip:  0.57 kB
dist/assets/click-BhpAlC_j.js                  0.97 kB │ gzip:  0.62 kB
dist/assets/context-CLqFh4yW.js                0.98 kB │ gzip:  0.62 kB
dist/assets/style-as5UJciU.js                  1.00 kB │ gzip:  0.55 kB
dist/assets/controlled-BmSabH4W.js             1.01 kB │ gzip:  0.65 kB
dist/assets/controlled-DKFkOBrY.js             1.01 kB │ gzip:  0.61 kB
dist/assets/context-D2X4NzDH.js                1.02 kB │ gzip:  0.64 kB
dist/assets/dynamic-CM7a4q3M.js                1.05 kB │ gzip:  0.66 kB
dist/assets/dynamic-D4Q5ckZJ.js                1.05 kB │ gzip:  0.68 kB
dist/assets/format-Dc8rNA-q.js                 1.05 kB │ gzip:  0.60 kB
dist/assets/sizes-CZ71gSHI.js                  1.05 kB │ gzip:  0.44 kB
dist/assets/native-DCRnhm6s.js                 1.06 kB │ gzip:  0.71 kB
dist/assets/precision-fHZBdBlS.js              1.08 kB │ gzip:  0.62 kB
dist/assets/confirmation-3wgdqN5j.js           1.08 kB │ gzip:  0.68 kB
dist/assets/scroll-DUMHNYVC.js                 1.11 kB │ gzip:  0.70 kB
dist/assets/theme-D3mKW1Db.js                  1.12 kB │ gzip:  0.68 kB
dist/assets/variants-DlKVeyN8.js               1.22 kB │ gzip:  0.52 kB
dist/assets/Icon-DX8Wc9N_.js                   1.24 kB │ gzip:  0.70 kB
dist/assets/context-CZaIF_zo.js                1.25 kB │ gzip:  0.70 kB
dist/assets/context-DXWVQr9W.js                1.29 kB │ gzip:  0.64 kB
dist/assets/context-BRU4UsSG.js                1.31 kB │ gzip:  0.72 kB
dist/assets/states-DqhqTAk4.js                 1.32 kB │ gzip:  0.70 kB
dist/assets/aliases-ref-GUmFBahO.js            1.32 kB │ gzip:  0.75 kB
dist/assets/disabled-DJyHp1e-.js               1.35 kB │ gzip:  0.74 kB
dist/assets/lifecycle-CVcFLdqz.js              1.42 kB │ gzip:  0.80 kB
dist/assets/controlled-LfAfCK1E.js             1.43 kB │ gzip:  0.79 kB
dist/assets/dynamic-BG3nJ7S1.js                1.48 kB │ gzip:  0.75 kB
dist/assets/states-DxCkSlkD.js                 1.86 kB │ gzip:  0.66 kB
dist/assets/_VirtualList-CrFe8FKY.js           2.04 kB │ gzip:  1.01 kB
dist/assets/selection-B-uT11G7.js              2.48 kB │ gzip:  1.10 kB
dist/assets/Space-BIZQeNK3.js                  2.59 kB │ gzip:  1.03 kB
dist/assets/Tooltip-C1Uv5COj.js                3.32 kB │ gzip:  1.41 kB
dist/assets/Popover-DJdWb_9N.js                3.32 kB │ gzip:  1.42 kB
dist/assets/ConfigProvider-Dr8DPnuH.js         3.85 kB │ gzip:  1.83 kB
dist/assets/styles-Dr6c71Bc.js                 4.15 kB │ gzip:  1.00 kB
dist/assets/Switch-B_OIOJTL.js                 4.43 kB │ gzip:  1.84 kB
dist/assets/Skeleton-BupR_NUP.js               4.55 kB │ gzip:  1.67 kB
dist/assets/Rate-Ban6DqOK.js                   5.22 kB │ gzip:  2.16 kB
dist/assets/Dropdown-CERBkZCb.js               5.88 kB │ gzip:  2.43 kB
dist/assets/trigger-D6lwLuJV.js                6.00 kB │ gzip:  2.31 kB
dist/assets/Checkbox-BJB-Cbdf.js               6.29 kB │ gzip:  2.39 kB
dist/assets/Segmented-NLDDTlsg.js              6.57 kB │ gzip:  2.77 kB
dist/assets/Pagination-CcTZRhjG.js             7.44 kB │ gzip:  2.75 kB
dist/assets/Button-B2K74Yog.js                 7.62 kB │ gzip:  2.18 kB
dist/assets/Radio-BTwr9JTb.js                  7.98 kB │ gzip:  2.82 kB
dist/assets/Form-DTxITuL5.js                   8.17 kB │ gzip:  2.96 kB
dist/assets/InputNumber-IN-wllOx.js            8.60 kB │ gzip:  3.35 kB
dist/assets/AutoComplete-oNe9Rovo.js           9.21 kB │ gzip:  3.67 kB
dist/assets/Tabs-CjdUWPVp.js                   9.54 kB │ gzip:  3.58 kB
dist/assets/portal-CtIMtfJG.js                10.05 kB │ gzip:  4.00 kB
dist/assets/Mentions-JlwXMnaD.js              10.37 kB │ gzip:  4.24 kB
dist/assets/Slider-CVKVRGjU.js                10.84 kB │ gzip:  4.16 kB
dist/assets/Input-rYPaOdG8.js                 13.19 kB │ gzip:  4.81 kB
dist/assets/Tree-DeGtrF06.js                  17.55 kB │ gzip:  6.35 kB
dist/assets/Select-CRG3A2TH.js                19.53 kB │ gzip:  6.19 kB
dist/assets/Cascader-nzd8nVZW.js              19.97 kB │ gzip:  6.30 kB
dist/assets/dist--_xTqYA2.js                  27.82 kB │ gzip:  8.98 kB
dist/assets/entry-client-5j9ZjHoW.js          31.99 kB │ gzip:  7.48 kB
dist/assets/web-BBqL8DeJ.js                   37.05 kB │ gzip: 14.27 kB
dist/assets/src-B9fLmpnU.js                   46.02 kB │ gzip: 15.60 kB

✓ built in 872ms
vite v8.2.1 building ssr environment for production...
[2Ktransforming...✓ 371 modules transformed.
rendering chunks...
computing gzip size...
.ssr/entry-server.js  679.24 kB │ gzip: 150.19 kB

✓ built in 167ms
Prerendered 29 documentation pages to docs/dist (base: /).
