$ pnpm run typecheck:docs && pnpm run build:docs
$ pnpm --dir docs run typecheck
$ tsc --noEmit -p tsconfig.json
$ pnpm --dir docs run build
$ node scripts/build.mjs
vite v8.2.1 building client environment for production...
[2Ktransforming...✓ 367 modules transformed.
rendering chunks...
computing gzip size...
dist/.vite/manifest.json                      58.97 kB │ gzip:  6.21 kB
dist/assets/entry-client-CjDGfS4e.css        144.12 kB │ gzip: 21.54 kB
dist/assets/basic-7DjEoDBl.js                  0.12 kB │ gzip:  0.12 kB
dist/assets/empty-vTdbe1yE.js                  0.16 kB │ gzip:  0.17 kB
dist/assets/width-DPxwtE3A.js                  0.18 kB │ gzip:  0.17 kB
dist/assets/duration-C2b9vdEJ.js               0.19 kB │ gzip:  0.19 kB
dist/assets/basic-dMevypo-.js                  0.19 kB │ gzip:  0.18 kB
dist/assets/data-ez8iftd6.js                   0.22 kB │ gzip:  0.16 kB
dist/assets/check-DLZGCRAk.js                  0.22 kB │ gzip:  0.18 kB
dist/assets/basic-CDHu1gzw.js                  0.24 kB │ gzip:  0.20 kB
dist/assets/style-B4TKTwUL.js                  0.26 kB │ gzip:  0.22 kB
dist/assets/Portal-XdTfQ_SO.js                 0.29 kB │ gzip:  0.20 kB
dist/assets/search-KRb6HlR7.js                 0.32 kB │ gzip:  0.27 kB
dist/assets/basic-BKjpR946.js                  0.34 kB │ gzip:  0.25 kB
dist/assets/page-size-rOcBUNBm.js              0.34 kB │ gzip:  0.28 kB
dist/assets/avatar-BTuhUCR3.js                 0.35 kB │ gzip:  0.26 kB
dist/assets/block-abR59lXe.js                  0.35 kB │ gzip:  0.29 kB
dist/assets/disabled-DnF8yVB7.js               0.36 kB │ gzip:  0.28 kB
dist/assets/strict-BsiTAA7D.js                 0.36 kB │ gzip:  0.27 kB
dist/assets/composition-C302nzFi.js            0.37 kB │ gzip:  0.27 kB
dist/assets/style-CP6GwQad.js                  0.37 kB │ gzip:  0.28 kB
dist/assets/icons-a9iQFPTo.js                  0.37 kB │ gzip:  0.29 kB
dist/assets/controlled-PBv_gjzP.js             0.39 kB │ gzip:  0.32 kB
dist/assets/jumper-UKgFYqqT.js                 0.39 kB │ gzip:  0.32 kB
dist/assets/basic-lVCpsI4v.js                  0.40 kB │ gzip:  0.31 kB
dist/assets/appearance-D0nd6U2f.js             0.41 kB │ gzip:  0.28 kB
dist/assets/active-Bn108WBp.js                 0.41 kB │ gzip:  0.32 kB
dist/assets/input-D5V-EoRm.js                  0.41 kB │ gzip:  0.29 kB
dist/assets/button-B6iBKLms.js                 0.41 kB │ gzip:  0.33 kB
dist/assets/link-FU7yN-g0.js                   0.41 kB │ gzip:  0.33 kB
dist/assets/ghost-DINa0pw_.js                  0.42 kB │ gzip:  0.31 kB
dist/assets/fragment-wOeUWNJo.js               0.42 kB │ gzip:  0.31 kB
dist/assets/spin-BKticEk_.js                   0.43 kB │ gzip:  0.34 kB
dist/assets/icon-BCcyxOIn.js                   0.43 kB │ gzip:  0.31 kB
dist/assets/disabled-pn-qPoHY.js               0.43 kB │ gzip:  0.35 kB
dist/assets/disabled-CUKM8o6W.js               0.43 kB │ gzip:  0.31 kB
dist/assets/children-DXwzQpUM.js               0.44 kB │ gzip:  0.33 kB
dist/assets/controlled-C7azne3G.js             0.46 kB │ gzip:  0.34 kB
dist/assets/avatar-part-B5YDJCMl.js            0.46 kB │ gzip:  0.29 kB
dist/assets/status-CuFlbNA1.js                 0.46 kB │ gzip:  0.33 kB
dist/assets/basic-DI-ptl7i.js                  0.46 kB │ gzip:  0.38 kB
dist/assets/button-BtgouMIh.js                 0.47 kB │ gzip:  0.31 kB
dist/assets/basic-D1POyo-8.js                  0.48 kB │ gzip:  0.37 kB
dist/assets/rotate-CDPXVxrk.js                 0.48 kB │ gzip:  0.27 kB
dist/assets/password-controlled-Dg_m45R0.js    0.48 kB │ gzip:  0.37 kB
dist/assets/size-DM6ieG-G.js                   0.49 kB │ gzip:  0.28 kB
dist/assets/virtual-B1mF72fg.js                0.49 kB │ gzip:  0.44 kB
dist/assets/basic-DbzMGPJg.js                  0.50 kB │ gzip:  0.29 kB
dist/assets/disabled-BJzQJZ8i.js               0.50 kB │ gzip:  0.30 kB
dist/assets/icon-fzqpng8P.js                   0.51 kB │ gzip:  0.31 kB
dist/assets/disabled-D65h3ZS3.js               0.51 kB │ gzip:  0.35 kB
dist/assets/node-B3rNZV08.js                   0.51 kB │ gzip:  0.33 kB
dist/assets/tags-BkoW8drJ.js                   0.51 kB │ gzip:  0.41 kB
dist/assets/centered-CgyBFdI4.js               0.52 kB │ gzip:  0.30 kB
dist/assets/search-loading-Hn7HSsGB.js         0.52 kB │ gzip:  0.40 kB
dist/assets/dynamic-8UZP4oTP.js                0.52 kB │ gzip:  0.38 kB
dist/assets/basic-BWP6YSOp.js                  0.52 kB │ gzip:  0.34 kB
dist/assets/loading-B2FBETqs.js                0.52 kB │ gzip:  0.37 kB
dist/assets/variants-DXCh_r8X.js               0.53 kB │ gzip:  0.36 kB
dist/assets/card-DNiXrJNz.js                   0.53 kB │ gzip:  0.30 kB
dist/assets/action-DL4WCsw9.js                 0.53 kB │ gzip:  0.40 kB
dist/assets/form-C7zHaiMn.js                   0.53 kB │ gzip:  0.35 kB
dist/assets/states-DPBAbFmZ.js                 0.54 kB │ gzip:  0.42 kB
dist/assets/ref-BkfyHDON.js                    0.54 kB │ gzip:  0.39 kB
dist/assets/slice-DkHOnsIT.js                  0.54 kB │ gzip:  0.36 kB
dist/assets/affix-DrfqtVxt.js                  0.55 kB │ gzip:  0.40 kB
dist/assets/editable-DQC5jFyl.js               0.55 kB │ gzip:  0.42 kB
dist/assets/native-BHPvTGZ5.js                 0.55 kB │ gzip:  0.41 kB
dist/assets/half-C-mmETdo.js                   0.55 kB │ gzip:  0.44 kB
dist/assets/textarea-q_uz1Ou5.js               0.55 kB │ gzip:  0.41 kB
dist/assets/appearance-CanoAASO.js             0.55 kB │ gzip:  0.36 kB
dist/assets/sizes-DohK1l1q.js                  0.56 kB │ gzip:  0.33 kB
dist/assets/password-1e7_dAam.js               0.56 kB │ gzip:  0.38 kB
dist/assets/placement-DbR4UQ8d.js              0.56 kB │ gzip:  0.34 kB
dist/assets/basic-CqAlj_yz.js                  0.57 kB │ gzip:  0.44 kB
dist/assets/search-DeAMkDgD.js                 0.57 kB │ gzip:  0.42 kB
dist/assets/keyboard-B2ci467S.js               0.58 kB │ gzip:  0.47 kB
dist/assets/search-CrmM-wdR.js                 0.58 kB │ gzip:  0.40 kB
dist/assets/basic-DRtTYDef.js                  0.59 kB │ gzip:  0.46 kB
dist/assets/placement-YTt39ksg.js              0.59 kB │ gzip:  0.35 kB
dist/assets/filter-Bmr3F4y1.js                 0.60 kB │ gzip:  0.45 kB
dist/assets/theme--HY820eO.js                  0.60 kB │ gzip:  0.43 kB
dist/assets/label-value-CnyqdgFn.js            0.61 kB │ gzip:  0.42 kB
dist/assets/size-Cz1ppnMZ.js                   0.61 kB │ gzip:  0.39 kB
dist/assets/autosize-BmiZpk1W.js               0.61 kB │ gzip:  0.45 kB
dist/assets/theme-Dqb17Gjc.js                  0.61 kB │ gzip:  0.43 kB
dist/assets/controlled-DWsiA6EZ.js             0.62 kB │ gzip:  0.38 kB
dist/assets/group-BTgI0m4O.js                  0.62 kB │ gzip:  0.48 kB
dist/assets/grouped-DvGjnZ6w.js                0.62 kB │ gzip:  0.46 kB
dist/assets/basic-CE0tLVmo.js                  0.62 kB │ gzip:  0.42 kB
dist/assets/basic-clV69jyb.js                  0.63 kB │ gzip:  0.36 kB
dist/assets/basic-DMoTBK_Y.js                  0.64 kB │ gzip:  0.37 kB
dist/assets/placement-JDlf_gqT.js              0.64 kB │ gzip:  0.41 kB
dist/assets/nested-CnS-12mT.js                 0.64 kB │ gzip:  0.43 kB
dist/assets/context-DMnYv5rW.js                0.64 kB │ gzip:  0.43 kB
dist/assets/states-D9OzUjhh.js                 0.64 kB │ gzip:  0.42 kB
dist/assets/basic-DculHqHJ.js                  0.65 kB │ gzip:  0.49 kB
dist/assets/size-BZVZuSRb.js                   0.65 kB │ gzip:  0.45 kB
dist/assets/color-BAF7pnjt.js                  0.65 kB │ gzip:  0.29 kB
dist/assets/basic-C7WLq5PO.js                  0.65 kB │ gzip:  0.46 kB
dist/assets/buttons-CJCMXGrB.js                0.66 kB │ gzip:  0.40 kB
dist/assets/controlled-BBCPPKRe.js             0.66 kB │ gzip:  0.48 kB
dist/assets/drag-BHx9Qy2B.js                   0.67 kB │ gzip:  0.43 kB
dist/assets/form-CpDRvTFl.js                   0.67 kB │ gzip:  0.47 kB
dist/assets/basic-IGxEM1fb.js                  0.67 kB │ gzip:  0.46 kB
dist/assets/remote-D0V6KFSP.js                 0.67 kB │ gzip:  0.54 kB
dist/assets/events-BC9CyrXI.js                 0.68 kB │ gzip:  0.50 kB
dist/assets/controlled-DtI1jLWP.js             0.69 kB │ gzip:  0.42 kB
dist/assets/disabled-B_xiaoDr.js               0.69 kB │ gzip:  0.47 kB
dist/assets/range-DBtB_OKG.js                  0.71 kB │ gzip:  0.53 kB
dist/assets/context-menu-0FMFIR3j.js           0.72 kB │ gzip:  0.52 kB
dist/assets/size-status-cPxo15bZ.js            0.72 kB │ gzip:  0.42 kB
dist/assets/controlled-C6Mo8SU3.js             0.72 kB │ gzip:  0.37 kB
dist/assets/controlled-Cne7uRjW.js             0.72 kB │ gzip:  0.53 kB
dist/assets/controlled-DdmM2eoR.js             0.73 kB │ gzip:  0.54 kB
dist/assets/advanced-Bq0GJnYr.js               0.74 kB │ gzip:  0.54 kB
dist/assets/basic-BfA9Effl.js                  0.74 kB │ gzip:  0.53 kB
dist/assets/controlled-DT_-9H-A.js             0.74 kB │ gzip:  0.45 kB
dist/assets/size-c-ofJuGh.js                   0.76 kB │ gzip:  0.38 kB
dist/assets/destroy-inactive-BDPX3v0s.js       0.76 kB │ gzip:  0.55 kB
dist/assets/trigger-CfA2zHXj.js                0.78 kB │ gzip:  0.44 kB
dist/assets/native-C1072_m0.js                 0.78 kB │ gzip:  0.59 kB
dist/assets/focus-FsvfO-fp.js                  0.78 kB │ gzip:  0.56 kB
dist/assets/disabled-delay-BPtHU7xr.js         0.79 kB │ gzip:  0.50 kB
dist/assets/editable-DtqUUFwd.js               0.79 kB │ gzip:  0.59 kB
dist/assets/variants-B6ha0GV0.js               0.80 kB │ gzip:  0.43 kB
dist/assets/controlled-BpV_JdJo.js             0.80 kB │ gzip:  0.53 kB
dist/assets/keyboard-V_N9nB1R.js               0.80 kB │ gzip:  0.58 kB
dist/assets/controlled-J4n8S9F3.js             0.81 kB │ gzip:  0.58 kB
dist/assets/multiple-DlD57lGB.js               0.81 kB │ gzip:  0.57 kB
dist/assets/style-DO3AaXSN.js                  0.82 kB │ gzip:  0.46 kB
dist/assets/loading-UQNGLYYp.js                0.83 kB │ gzip:  0.59 kB
dist/assets/context-7ZNvJnMQ.js                0.84 kB │ gzip:  0.53 kB
dist/assets/directions--6YmI4VN.js             0.85 kB │ gzip:  0.53 kB
dist/assets/basic-Ck8kvlNN.js                  0.85 kB │ gzip:  0.54 kB
dist/assets/remote-ByD3cNlw.js                 0.85 kB │ gzip:  0.65 kB
dist/assets/trigger-Cqcdeuz8.js                0.86 kB │ gzip:  0.48 kB
dist/assets/context-C7B0I6w4.js                0.86 kB │ gzip:  0.56 kB
dist/assets/context-DAhkW8vm.js                0.86 kB │ gzip:  0.56 kB
dist/assets/dependent-CFaLcXTn.js              0.87 kB │ gzip:  0.53 kB
dist/assets/marks-DcW3idae.js                  0.87 kB │ gzip:  0.55 kB
dist/assets/custom-buttons-QhWn42EU.js         0.87 kB │ gzip:  0.55 kB
dist/assets/style-Bn6JDGj6.js                  0.88 kB │ gzip:  0.59 kB
dist/assets/context-Bcb0pgR6.js                0.88 kB │ gzip:  0.56 kB
dist/assets/basic-CCL5vWoY.js                  0.89 kB │ gzip:  0.57 kB
dist/assets/container-XxUGXxcn.js              0.90 kB │ gzip:  0.56 kB
dist/assets/group-CjcugvCl.js                  0.93 kB │ gzip:  0.59 kB
dist/assets/context-2HqyqIE_.js                0.95 kB │ gzip:  0.58 kB
dist/assets/container-C0q8fVNS.js              0.96 kB │ gzip:  0.58 kB
dist/assets/position-BR58IzMp.js               0.96 kB │ gzip:  0.50 kB
dist/assets/ref-CLqMWFq6.js                    0.97 kB │ gzip:  0.57 kB
dist/assets/click-BrLiYzWg.js                  0.97 kB │ gzip:  0.62 kB
dist/assets/context-00g1v6TI.js                0.98 kB │ gzip:  0.62 kB
dist/assets/style-gMWXBOO2.js                  1.00 kB │ gzip:  0.55 kB
dist/assets/controlled-BmSabH4W.js             1.01 kB │ gzip:  0.65 kB
dist/assets/controlled-DKFkOBrY.js             1.01 kB │ gzip:  0.61 kB
dist/assets/context-Bca7dPfK.js                1.02 kB │ gzip:  0.64 kB
dist/assets/dynamic-CM7a4q3M.js                1.05 kB │ gzip:  0.66 kB
dist/assets/dynamic-D4Q5ckZJ.js                1.05 kB │ gzip:  0.68 kB
dist/assets/format-Dc8rNA-q.js                 1.05 kB │ gzip:  0.60 kB
dist/assets/sizes-CZ71gSHI.js                  1.05 kB │ gzip:  0.44 kB
dist/assets/native-DCRnhm6s.js                 1.06 kB │ gzip:  0.71 kB
dist/assets/precision-fHZBdBlS.js              1.08 kB │ gzip:  0.62 kB
dist/assets/confirmation-3wgdqN5j.js           1.08 kB │ gzip:  0.68 kB
dist/assets/scroll-BoQI2MbS.js                 1.11 kB │ gzip:  0.70 kB
dist/assets/theme-n--o51Bh.js                  1.12 kB │ gzip:  0.68 kB
dist/assets/variants-RiMEDH8j.js               1.22 kB │ gzip:  0.52 kB
dist/assets/Icon-DX8Wc9N_.js                   1.24 kB │ gzip:  0.70 kB
dist/assets/context-EQ23YN-f.js                1.25 kB │ gzip:  0.70 kB
dist/assets/context-DXWVQr9W.js                1.29 kB │ gzip:  0.64 kB
dist/assets/context-Bma5Z-o8.js                1.31 kB │ gzip:  0.72 kB
dist/assets/states-DqhqTAk4.js                 1.32 kB │ gzip:  0.70 kB
dist/assets/aliases-ref-GUmFBahO.js            1.32 kB │ gzip:  0.75 kB
dist/assets/disabled-CB5IB3vB.js               1.35 kB │ gzip:  0.74 kB
dist/assets/lifecycle-BVvSiNyd.js              1.42 kB │ gzip:  0.79 kB
dist/assets/controlled-C_7FH3E4.js             1.43 kB │ gzip:  0.79 kB
dist/assets/dynamic-Bns9Dj1H.js                1.48 kB │ gzip:  0.75 kB
dist/assets/states-DxCkSlkD.js                 1.86 kB │ gzip:  0.66 kB
dist/assets/_VirtualList-CrFe8FKY.js           2.04 kB │ gzip:  1.01 kB
dist/assets/selection-B-uT11G7.js              2.48 kB │ gzip:  1.10 kB
dist/assets/Space-BIZQeNK3.js                  2.59 kB │ gzip:  1.03 kB
dist/assets/Tooltip-GCJEpYLw.js                3.32 kB │ gzip:  1.41 kB
dist/assets/Popover-Dl7vMCja.js                3.32 kB │ gzip:  1.42 kB
dist/assets/ConfigProvider-Dr8DPnuH.js         3.85 kB │ gzip:  1.83 kB
dist/assets/Switch-B_OIOJTL.js                 4.43 kB │ gzip:  1.84 kB
dist/assets/Skeleton-BupR_NUP.js               4.55 kB │ gzip:  1.67 kB
dist/assets/Rate-Ban6DqOK.js                   5.22 kB │ gzip:  2.16 kB
dist/assets/Dropdown-Cdi6p1bq.js               5.88 kB │ gzip:  2.43 kB
dist/assets/trigger-ni3pAXbv.js                5.95 kB │ gzip:  2.28 kB
dist/assets/Checkbox-BJB-Cbdf.js               6.29 kB │ gzip:  2.39 kB
dist/assets/Segmented-NLDDTlsg.js              6.57 kB │ gzip:  2.77 kB
dist/assets/Pagination-CcM5wR4H.js             7.44 kB │ gzip:  2.75 kB
dist/assets/Button-B2K74Yog.js                 7.62 kB │ gzip:  2.18 kB
dist/assets/Radio-BTwr9JTb.js                  7.98 kB │ gzip:  2.82 kB
dist/assets/Form-BgbdSIsI.js                   8.17 kB │ gzip:  2.96 kB
dist/assets/InputNumber-IN-wllOx.js            8.60 kB │ gzip:  3.35 kB
dist/assets/AutoComplete-DBVyOIxD.js           8.88 kB │ gzip:  3.53 kB
dist/assets/Tabs-CjdUWPVp.js                   9.54 kB │ gzip:  3.58 kB
dist/assets/portal-CtIMtfJG.js                10.05 kB │ gzip:  4.00 kB
dist/assets/Slider-CVKVRGjU.js                10.84 kB │ gzip:  4.16 kB
dist/assets/Input-DMbL18XQ.js                 17.18 kB │ gzip:  5.49 kB
dist/assets/Tree-DeGtrF06.js                  17.55 kB │ gzip:  6.35 kB
dist/assets/Select-BeGpNnC7.js                19.53 kB │ gzip:  6.19 kB
dist/assets/dist--_xTqYA2.js                  27.82 kB │ gzip:  8.98 kB
dist/assets/entry-client-Dk5XD2tY.js          30.56 kB │ gzip:  7.19 kB
dist/assets/web-BBqL8DeJ.js                   37.05 kB │ gzip: 14.27 kB
dist/assets/src-B9fLmpnU.js                   46.02 kB │ gzip: 15.60 kB

✓ built in 842ms
vite v8.2.1 building ssr environment for production...
[2Ktransforming...✓ 356 modules transformed.
rendering chunks...
computing gzip size...
.ssr/entry-server.js  659.06 kB │ gzip: 145.58 kB

✓ built in 167ms
Prerendered 27 documentation pages to docs/dist (base: /).
