vite v8.2.1 building client environment for production...
[2Ktransforming...✓ 717 modules transformed.
rendering chunks...
computing gzip size...
dist/.vite/manifest.json                        152.11 kB │ gzip: 16.45 kB
dist/assets/entry-client-DwzPX2yW.css           180.87 kB │ gzip: 27.76 kB
dist/assets/semantic-CoMqlSSE.js                  0.06 kB │ gzip:  0.08 kB
dist/assets/renderable-B03dwe5s.js                0.08 kB │ gzip:  0.09 kB
dist/assets/basic-yPcb3_vT.js                     0.12 kB │ gzip:  0.12 kB
dist/assets/basic-BJ8RW6AW.js                     0.12 kB │ gzip:  0.12 kB
dist/assets/description-CYhVVvrv.js               0.13 kB │ gzip:  0.13 kB
dist/assets/basic-CRUym7jG.js                     0.15 kB │ gzip:  0.15 kB
dist/assets/simple-Cnq9wuwp.js                    0.16 kB │ gzip:  0.16 kB
dist/assets/filled-Dbbt4jey.js                    0.16 kB │ gzip:  0.15 kB
dist/assets/empty-DXCiJWXb.js                     0.16 kB │ gzip:  0.17 kB
dist/assets/width-CQICp4XU.js                     0.18 kB │ gzip:  0.17 kB
dist/assets/duration-BVgppHj8.js                  0.19 kB │ gzip:  0.19 kB
dist/assets/basic-C3JA9coE.js                     0.19 kB │ gzip:  0.18 kB
dist/assets/icon-D2dhYark.js                      0.21 kB │ gzip:  0.18 kB
dist/assets/merge-CSjfyfr6.js                     0.21 kB │ gzip:  0.17 kB
dist/assets/basic-Q2ohwB8Y.js                     0.22 kB │ gzip:  0.19 kB
dist/assets/data-ez8iftd6.js                      0.22 kB │ gzip:  0.16 kB
dist/assets/check-BrMJE0oE.js                     0.22 kB │ gzip:  0.19 kB
dist/assets/presetColors-DX5z46b8.js              0.23 kB │ gzip:  0.17 kB
dist/assets/context-YCfe5vQU.js                   0.24 kB │ gzip:  0.20 kB
dist/assets/basic-DDrNWEAI2.js                    0.24 kB │ gzip:  0.20 kB
dist/assets/style-vubospxO.js                     0.26 kB │ gzip:  0.22 kB
dist/assets/multi-line-Do8tEh2O.js                0.26 kB │ gzip:  0.23 kB
dist/assets/info-BqnHUlZk.js                      0.26 kB │ gzip:  0.21 kB
dist/assets/clearableArrow-9TFSecO9.js            0.28 kB │ gzip:  0.22 kB
dist/assets/type-C-3WIXHK.js                      0.28 kB │ gzip:  0.20 kB
dist/assets/500-Diugzjgg.js                       0.29 kB │ gzip:  0.22 kB
dist/assets/warning-BbPKbwGJ.js                   0.29 kB │ gzip:  0.23 kB
dist/assets/Portal-B06tNjob.js                    0.29 kB │ gzip:  0.20 kB
dist/assets/wrap-B68EbhtE.js                      0.30 kB │ gzip:  0.24 kB
dist/assets/404-D54S_QHg.js                       0.30 kB │ gzip:  0.23 kB
dist/assets/custom-color-NZrC69H0.js              0.30 kB │ gzip:  0.22 kB
dist/assets/format-C2Tb6CF-.js                    0.31 kB │ gzip:  0.23 kB
dist/assets/403-DWSWIYMO.js                       0.31 kB │ gzip:  0.24 kB
dist/assets/style-CHNcWToF.js                     0.31 kB │ gzip:  0.21 kB
dist/assets/circle-BEtRhLBP.js                    0.32 kB │ gzip:  0.22 kB
dist/assets/basic-s9DZK357.js                     0.32 kB │ gzip:  0.22 kB
dist/assets/search-JBjP8JYd.js                    0.32 kB │ gzip:  0.27 kB
dist/assets/popover-CUPOFy1Y.js                   0.33 kB │ gzip:  0.24 kB
dist/assets/variant-sWNXIayg.js                   0.34 kB │ gzip:  0.23 kB
dist/assets/link-CgA9v1py.js                      0.34 kB │ gzip:  0.28 kB
dist/assets/basic-CHWZnn7r.js                     0.34 kB │ gzip:  0.25 kB
dist/assets/base-Ce9J2eXV.js                      0.34 kB │ gzip:  0.27 kB
dist/assets/circle-mini-CxFbrsq9.js               0.34 kB │ gzip:  0.23 kB
dist/assets/page-size-CX_PNPcF.js                 0.34 kB │ gzip:  0.28 kB
dist/assets/line-BhjjqUAN.js                      0.34 kB │ gzip:  0.23 kB
dist/assets/avatar-8JbxvYGR.js                    0.35 kB │ gzip:  0.26 kB
dist/assets/block-B6z-E7bk.js                     0.35 kB │ gzip:  0.29 kB
dist/assets/title-CG_n6huj.js                     0.35 kB │ gzip:  0.21 kB
dist/assets/disabled-DlztpCkv.js                  0.36 kB │ gzip:  0.28 kB
dist/assets/strict-BTDCMJau.js                    0.36 kB │ gzip:  0.27 kB
dist/assets/status-CB3Vuoog.js                    0.36 kB │ gzip:  0.26 kB
dist/assets/block-VYBWa2t3.js                     0.37 kB │ gzip:  0.29 kB
dist/assets/composition-tQhTdRlw.js               0.37 kB │ gzip:  0.26 kB
dist/assets/custom-icon-Ce1Sm42K.js               0.37 kB │ gzip:  0.27 kB
dist/assets/search-BWNnOHYh.js                    0.37 kB │ gzip:  0.29 kB
dist/assets/style-C9SZXEJW.js                     0.37 kB │ gzip:  0.28 kB
dist/assets/circle-micro-CFW5c06G.js              0.37 kB │ gzip:  0.29 kB
dist/assets/icons-Dpfz8ogp.js                     0.37 kB │ gzip:  0.29 kB
dist/assets/sort-C9nerhL9.js                      0.37 kB │ gzip:  0.25 kB
dist/assets/basic-DD8rZUqu.js                     0.38 kB │ gzip:  0.27 kB
dist/assets/steps-DzmUCMFc.js                     0.39 kB │ gzip:  0.26 kB
dist/assets/controlled-H6viL1jr.js                0.39 kB │ gzip:  0.32 kB
dist/assets/jumper-C4KQQcT-.js                    0.39 kB │ gzip:  0.32 kB
dist/assets/line-mini-C8OtF7Jz.js                 0.39 kB │ gzip:  0.25 kB
dist/assets/error-boundary-D_zImVmG.js            0.40 kB │ gzip:  0.28 kB
dist/assets/basic-CGIzlsDB2.js                    0.40 kB │ gzip:  0.31 kB
dist/assets/errorlevel-CL7tGySv.js                0.40 kB │ gzip:  0.30 kB
dist/assets/base-ZjvB41Kx.js                      0.40 kB │ gzip:  0.28 kB
dist/assets/banner-BJfW0kAS.js                    0.40 kB │ gzip:  0.24 kB
dist/assets/appearance-C4sy1nKb.js                0.41 kB │ gzip:  0.28 kB
dist/assets/linecap-Bs9SvC74.js                   0.41 kB │ gzip:  0.24 kB
dist/assets/active-TZWWsRaP.js                    0.41 kB │ gzip:  0.32 kB
dist/assets/input-BxkaLA6W.js                     0.41 kB │ gzip:  0.29 kB
dist/assets/controlled-bmnHnCB2.js                0.41 kB │ gzip:  0.32 kB
dist/assets/pending-legacy-B8zuzDTb.js            0.41 kB │ gzip:  0.27 kB
dist/assets/button-CxGSiNBh.js                    0.41 kB │ gzip:  0.33 kB
dist/assets/link-DyiGgEuR.js                      0.41 kB │ gzip:  0.33 kB
dist/assets/ghost-T1bVzmdj.js                     0.42 kB │ gzip:  0.31 kB
dist/assets/fragment-iuIA0g3f.js                  0.42 kB │ gzip:  0.31 kB
dist/assets/success-CLft7abz.js                   0.42 kB │ gzip:  0.31 kB
dist/assets/spin-CLkUNlF6.js                      0.43 kB │ gzip:  0.34 kB
dist/assets/icon-Bkaxjc3H.js                      0.43 kB │ gzip:  0.31 kB
dist/assets/disabled-CHZr8fIF.js                  0.43 kB │ gzip:  0.34 kB
dist/assets/semantic-Cj3_51wI.js                  0.43 kB │ gzip:  0.30 kB
dist/assets/disabled-BuMyATLK.js                  0.43 kB │ gzip:  0.31 kB
dist/assets/children-BpOh6nqe.js                  0.44 kB │ gzip:  0.33 kB
dist/assets/end-DoVWPVbZ.js                       0.44 kB │ gzip:  0.29 kB
dist/assets/paragraph-DiKeJ2h2.js                 0.44 kB │ gzip:  0.39 kB
dist/assets/badge-BR8xR9Cu.js                     0.45 kB │ gzip:  0.33 kB
dist/assets/variants-Dijz2dMI.js                  0.45 kB │ gzip:  0.35 kB
dist/assets/offset-Bscjb0tb.js                    0.46 kB │ gzip:  0.32 kB
dist/assets/controlled-_2y9IVLF.js                0.46 kB │ gzip:  0.34 kB
dist/assets/avatar-part-ubqxYOYK.js               0.46 kB │ gzip:  0.29 kB
dist/assets/range-DdR5i9XV.js                     0.46 kB │ gzip:  0.38 kB
dist/assets/status-DpRjEqZX.js                    0.46 kB │ gzip:  0.33 kB
dist/assets/dot-DmvUOaBL.js                       0.46 kB │ gzip:  0.34 kB
dist/assets/basic-B1nBejLU.js                     0.46 kB │ gzip:  0.38 kB
dist/assets/range-C7zG-haX.js                     0.47 kB │ gzip:  0.38 kB
dist/assets/constraints-DPclWgYN.js               0.47 kB │ gzip:  0.34 kB
dist/assets/button-C-71JKrQ.js                    0.47 kB │ gzip:  0.31 kB
dist/assets/unit-DgWH96p9.js                      0.47 kB │ gzip:  0.33 kB
dist/assets/responsive-CnhuISVm.js                0.48 kB │ gzip:  0.28 kB
dist/assets/basic-CUZU1zB7.js                     0.48 kB │ gzip:  0.37 kB
dist/assets/rotate-D6w8wqnd.js                    0.48 kB │ gzip:  0.27 kB
dist/assets/password-controlled-BGv-I8_W.js       0.48 kB │ gzip:  0.37 kB
dist/assets/basic-C0-yoPwO.js                     0.49 kB │ gzip:  0.36 kB
dist/assets/custom-Bc6o1jz5.js                    0.49 kB │ gzip:  0.32 kB
dist/assets/custom-text-BPKaR3Ql.js               0.49 kB │ gzip:  0.36 kB
dist/assets/size-CvEFuQ6F.js                      0.49 kB │ gzip:  0.28 kB
dist/assets/manual-CuqRa920.js                    0.49 kB │ gzip:  0.40 kB
dist/assets/virtual-BuSiTDh2.js                   0.49 kB │ gzip:  0.43 kB
dist/assets/basic-P0j1qOek.js                     0.50 kB │ gzip:  0.28 kB
dist/assets/horizontal-D0omSnwS.js                0.50 kB │ gzip:  0.28 kB
dist/assets/disabled-BBNd4YyY.js                  0.50 kB │ gzip:  0.30 kB
dist/assets/semantic-CIP5RvQ2.js                  0.50 kB │ gzip:  0.29 kB
dist/assets/smooth-closed-Bz3FLItp.js             0.50 kB │ gzip:  0.34 kB
dist/assets/use-breakpoint-CaGhosAN.js            0.50 kB │ gzip:  0.38 kB
dist/assets/virtual-DQ13B2NM.js                   0.51 kB │ gzip:  0.41 kB
dist/assets/inline-BEolMfnc.js                    0.51 kB │ gzip:  0.42 kB
dist/assets/icon-CYu9dHdW.js                      0.51 kB │ gzip:  0.31 kB
dist/assets/disabled-BlIfRfyT.js                  0.51 kB │ gzip:  0.35 kB
dist/assets/node-DTLeJKjI.js                      0.51 kB │ gzip:  0.33 kB
dist/assets/basic-DSxth0Vu.js                     0.51 kB │ gzip:  0.41 kB
dist/assets/tags-C59eE34E.js                      0.51 kB │ gzip:  0.41 kB
dist/assets/centered-BNAIz2w4.js                  0.52 kB │ gzip:  0.30 kB
dist/assets/search-loading-CqA4f91J.js            0.52 kB │ gzip:  0.40 kB
dist/assets/basic-B6XMnEOq.js                     0.52 kB │ gzip:  0.37 kB
dist/assets/dynamic-Tp3zYWi6.js                   0.52 kB │ gzip:  0.38 kB
dist/assets/basic-BIf1MSBj.js                     0.52 kB │ gzip:  0.34 kB
dist/assets/loading-BwQgJ8hy.js                   0.52 kB │ gzip:  0.37 kB
dist/assets/variants-DV5G52nA.js                  0.53 kB │ gzip:  0.36 kB
dist/assets/clear-xzLCG0wm.js                     0.53 kB │ gzip:  0.41 kB
dist/assets/card-DQFmxhS9.js                      0.53 kB │ gzip:  0.30 kB
dist/assets/prefix-B7GR-wyj.js                    0.53 kB │ gzip:  0.41 kB
dist/assets/action-95tRACfM.js                    0.53 kB │ gzip:  0.39 kB
dist/assets/size-DKSbYGnT.js                      0.53 kB │ gzip:  0.29 kB
dist/assets/customize-COvxYIRZ.js                 0.53 kB │ gzip:  0.40 kB
dist/assets/vertical-BYIiEnlV.js                  0.53 kB │ gzip:  0.30 kB
dist/assets/responsive-CZ5Jy3xP.js                0.53 kB │ gzip:  0.39 kB
dist/assets/status-8EJOU4_S.js                    0.53 kB │ gzip:  0.38 kB
dist/assets/compact-vertical-BzA0Q6en.js          0.54 kB │ gzip:  0.26 kB
dist/assets/form-BXDVn6oG.js                      0.54 kB │ gzip:  0.35 kB
dist/assets/states-B91v7SUC.js                    0.54 kB │ gzip:  0.43 kB
dist/assets/responsive-nM_N-dQ5.js                0.54 kB │ gzip:  0.35 kB
dist/assets/vertical--QeIAwRq.js                  0.54 kB │ gzip:  0.31 kB
dist/assets/preset-groups-DQ-fN98i.js             0.54 kB │ gzip:  0.44 kB
dist/assets/editable-CnKYBo8i.js                  0.54 kB │ gzip:  0.44 kB
dist/assets/ref-mS_jcwaJ.js                       0.54 kB │ gzip:  0.39 kB
dist/assets/states-C5tw42DM.js                    0.54 kB │ gzip:  0.37 kB
dist/assets/slice-DjYXUB1j.js                     0.54 kB │ gzip:  0.36 kB
dist/assets/title-C-DBUohO.js                     0.54 kB │ gzip:  0.34 kB
dist/assets/disabled-Ba887FzH.js                  0.54 kB │ gzip:  0.43 kB
dist/assets/affix-DwkiNq3z.js                     0.55 kB │ gzip:  0.40 kB
dist/assets/editable-RnftnPlM.js                  0.55 kB │ gzip:  0.42 kB
dist/assets/native-DbtUTkbU.js                    0.55 kB │ gzip:  0.41 kB
dist/assets/half-DUh4Ys9s.js                      0.55 kB │ gzip:  0.43 kB
dist/assets/orientation-margin-sBTluwkA.js        0.55 kB │ gzip:  0.32 kB
dist/assets/textarea-CjrY2qJS.js                  0.55 kB │ gzip:  0.41 kB
dist/assets/preserve-yAGn4g2Q.js                  0.55 kB │ gzip:  0.37 kB
dist/assets/appearance-CNUGdMQr.js                0.55 kB │ gzip:  0.36 kB
dist/assets/sizes-CMXte0Di.js                     0.56 kB │ gzip:  0.33 kB
dist/assets/size-DgN9szFN.js                      0.56 kB │ gzip:  0.33 kB
dist/assets/password-ZjZcSQJw.js                  0.56 kB │ gzip:  0.38 kB
dist/assets/customize-CzEQgy-P.js                 0.56 kB │ gzip:  0.41 kB
dist/assets/multiple-DvPAadmT.js                  0.56 kB │ gzip:  0.41 kB
dist/assets/placement-BgFrNSei.js                 0.56 kB │ gzip:  0.34 kB
dist/assets/presets-DPphTuXu.js                   0.56 kB │ gzip:  0.45 kB
dist/assets/basic-BI6Yymhc.js                     0.57 kB │ gzip:  0.44 kB
dist/assets/basic-B_HMEtIB.js                     0.57 kB │ gzip:  0.35 kB
dist/assets/align-VF15Odos.js                     0.57 kB │ gzip:  0.40 kB
dist/assets/search-BfwSyT1p.js                    0.57 kB │ gzip:  0.42 kB
dist/assets/closable-DQ6n4eGr.js                  0.57 kB │ gzip:  0.27 kB
dist/assets/group-Ce2eljwk.js                     0.58 kB │ gzip:  0.35 kB
dist/assets/basic-DQMv0VJl.js                     0.58 kB │ gzip:  0.36 kB
dist/assets/pending-BraMtsmy.js                   0.58 kB │ gzip:  0.38 kB
dist/assets/watch-D2x4Is3r.js                     0.58 kB │ gzip:  0.39 kB
dist/assets/characters-cT47x-c2.js                0.58 kB │ gzip:  0.41 kB
dist/assets/keyboard-B-7PDpig.js                  0.58 kB │ gzip:  0.47 kB
dist/assets/search-DTcRreaK.js                    0.58 kB │ gzip:  0.40 kB
dist/assets/addon-BaxGh9dc.js                     0.59 kB │ gzip:  0.34 kB
dist/assets/basic-Vr_I_9H9.js                     0.59 kB │ gzip:  0.46 kB
dist/assets/placement-DptNTpFc.js                 0.59 kB │ gzip:  0.35 kB
dist/assets/portal-Byn73u8K.js                    0.59 kB │ gzip:  0.43 kB
dist/assets/constraints-hxcHc_BO.js               0.60 kB │ gzip:  0.46 kB
dist/assets/events-u00BhB4K.js                    0.60 kB │ gzip:  0.43 kB
dist/assets/filter-CUZPAFU5.js                    0.60 kB │ gzip:  0.45 kB
dist/assets/remote-ETqkqipS.js                    0.60 kB │ gzip:  0.48 kB
dist/assets/fields-Dd-wzlZe.js                    0.60 kB │ gzip:  0.42 kB
dist/assets/theme-RvmQhCth.js                     0.60 kB │ gzip:  0.43 kB
dist/assets/label-value-CsZaDE2d.js               0.61 kB │ gzip:  0.42 kB
dist/assets/basic-DNCJZWxE2.js                    0.61 kB │ gzip:  0.45 kB
dist/assets/size-DTcDEKnf.js                      0.61 kB │ gzip:  0.39 kB
dist/assets/autosize-CG2_2KdG.js                  0.61 kB │ gzip:  0.44 kB
dist/assets/basic-DemTdwdt.js                     0.61 kB │ gzip:  0.43 kB
dist/assets/theme-Djk4oxcO.js                     0.61 kB │ gzip:  0.43 kB
dist/assets/vertical-CYSTiVE9.js                  0.61 kB │ gzip:  0.45 kB
dist/assets/shift-D8xIcWgb.js                     0.61 kB │ gzip:  0.47 kB
dist/assets/overflow-Bh9bkNn3.js                  0.61 kB │ gzip:  0.31 kB
dist/assets/controlled-jv7TkZMJ2.js               0.62 kB │ gzip:  0.38 kB
dist/assets/group-jislL6I-.js                     0.62 kB │ gzip:  0.48 kB
dist/assets/title-ClqMnB9b.js                     0.62 kB │ gzip:  0.37 kB
dist/assets/grouped-CIRMuy8Z.js                   0.62 kB │ gzip:  0.46 kB
dist/assets/basic-RKhRjycb.js                     0.62 kB │ gzip:  0.42 kB
dist/assets/filter-DYzaxD3d.js                    0.63 kB │ gzip:  0.42 kB
dist/assets/formats-CmLjmyip.js                   0.63 kB │ gzip:  0.46 kB
dist/assets/basic-BAfKG0dt.js                     0.63 kB │ gzip:  0.36 kB
dist/assets/link-uZBq0H7W.js                      0.63 kB │ gzip:  0.40 kB
dist/assets/basic-Bg2GXLJT.js                     0.63 kB │ gzip:  0.38 kB
dist/assets/copyable-CTaOwkTk.js                  0.64 kB │ gzip:  0.49 kB
dist/assets/basic-hxub7ajb.js                     0.64 kB │ gzip:  0.37 kB
dist/assets/placement-AtMeYx-Q.js                 0.64 kB │ gzip:  0.41 kB
dist/assets/nested-DD0pEPRk.js                    0.64 kB │ gzip:  0.43 kB
dist/assets/basic-BEU78uzI.js                     0.64 kB │ gzip:  0.46 kB
dist/assets/context-DmOU-a-L.js                   0.64 kB │ gzip:  0.43 kB
dist/assets/form-BWlyVAHN.js                      0.64 kB │ gzip:  0.45 kB
dist/assets/style-class-_VS9AdmU.js               0.64 kB │ gzip:  0.43 kB
dist/assets/states-DGPuvn4I.js                    0.64 kB │ gzip:  0.42 kB
dist/assets/actions-CJ03SijS.js                   0.65 kB │ gzip:  0.48 kB
dist/assets/basic-mGaoPoQp.js                     0.65 kB │ gzip:  0.49 kB
dist/assets/form-CTkwm6y-.js                      0.65 kB │ gzip:  0.46 kB
dist/assets/size-Txd4EiwU.js                      0.65 kB │ gzip:  0.44 kB
dist/assets/upload-Ctij9w0C.js                    0.65 kB │ gzip:  0.46 kB
dist/assets/description-YBSmJ8PV.js               0.65 kB │ gzip:  0.25 kB
dist/assets/color-DZB6KmfF.js                     0.65 kB │ gzip:  0.29 kB
dist/assets/basic-C3f90d3Z.js                     0.65 kB │ gzip:  0.49 kB
dist/assets/basic-xD_RZUo4.js                     0.65 kB │ gzip:  0.46 kB
dist/assets/checkable-DqlQQw-n.js                 0.65 kB │ gzip:  0.47 kB
dist/assets/open-CTuVjKKl.js                      0.66 kB │ gzip:  0.46 kB
dist/assets/buttons-ai8Hn3lg.js                   0.66 kB │ gzip:  0.40 kB
dist/assets/controlled-BBxpjJ5T.js                0.66 kB │ gzip:  0.48 kB
dist/assets/modes-Btqsg23c.js                     0.66 kB │ gzip:  0.41 kB
dist/assets/segment-DAFL1fKA.js                   0.66 kB │ gzip:  0.29 kB
dist/assets/drag-D7Mk18of.js                      0.66 kB │ gzip:  0.43 kB
dist/assets/form-Dyx4589b.js                      0.67 kB │ gzip:  0.47 kB
dist/assets/normalize-CpX8_tBw.js                 0.67 kB │ gzip:  0.49 kB
dist/assets/basic-By8xq-7L.js                     0.67 kB │ gzip:  0.46 kB
dist/assets/remote-CUqIACl-.js                    0.67 kB │ gzip:  0.54 kB
dist/assets/compact-buttons-Ds8bF_oU.js           0.67 kB │ gzip:  0.37 kB
dist/assets/open-QP9GFgXi.js                      0.67 kB │ gzip:  0.48 kB
dist/assets/variants-5FIcjsmJ.js                  0.67 kB │ gzip:  0.45 kB
dist/assets/open-BTQGiZ4j.js                      0.68 kB │ gzip:  0.47 kB
dist/assets/time-presets-B2zI5rq-.js              0.68 kB │ gzip:  0.47 kB
dist/assets/dragger-CxczxR5u.js                   0.68 kB │ gzip:  0.51 kB
dist/assets/events-BaNK99Hq.js                    0.68 kB │ gzip:  0.50 kB
dist/assets/multiple-COjpB6Co.js                  0.69 kB │ gzip:  0.51 kB
dist/assets/controlled-ComUCod4.js                0.69 kB │ gzip:  0.42 kB
dist/assets/disabled-B6UGeb5d.js                  0.69 kB │ gzip:  0.46 kB
dist/assets/style-class-Kik8opOw.js               0.69 kB │ gzip:  0.43 kB
dist/assets/form-DCZdszU0.js                      0.70 kB │ gzip:  0.49 kB
dist/assets/offset-pd9jbb58.js                    0.70 kB │ gzip:  0.34 kB
dist/assets/fixed-header-C6DxyRUw.js              0.70 kB │ gzip:  0.50 kB
dist/assets/custom-title-alignment-B-DyfqW_.js    0.70 kB │ gzip:  0.41 kB
dist/assets/dynamic-CFuCWppc.js                   0.70 kB │ gzip:  0.49 kB
dist/assets/basic-Dd4tGNN8.js                     0.70 kB │ gzip:  0.55 kB
dist/assets/form-DpHQsdqD.js                      0.70 kB │ gzip:  0.49 kB
dist/assets/range-D9nFXbCF.js                     0.71 kB │ gzip:  0.53 kB
dist/assets/trigger-Xa1tEURo.js                   0.71 kB │ gzip:  0.52 kB
dist/assets/disabled-DHDQSGIp.js                  0.71 kB │ gzip:  0.43 kB
dist/assets/style-class-BWcTtaZN.js               0.71 kB │ gzip:  0.43 kB
dist/assets/variants-1QtftUST.js                  0.71 kB │ gzip:  0.45 kB
dist/assets/basic-BB9Yw9Se2.js                    0.72 kB │ gzip:  0.43 kB
dist/assets/context-menu-CrU045LY.js              0.72 kB │ gzip:  0.52 kB
dist/assets/form-Cg7d5h5V.js                      0.72 kB │ gzip:  0.51 kB
dist/assets/size-status-DPmIQuPk.js               0.72 kB │ gzip:  0.42 kB
dist/assets/messages-CbnZ5wZ3.js                  0.72 kB │ gzip:  0.52 kB
dist/assets/search-a-5oqSDO.js                    0.72 kB │ gzip:  0.50 kB
dist/assets/controlled-DoIZ2YHX.js                0.72 kB │ gzip:  0.37 kB
dist/assets/validate-only-CRvQUT_I.js             0.72 kB │ gzip:  0.51 kB
dist/assets/controlled-DjGG7WiZ.js                0.72 kB │ gzip:  0.53 kB
dist/assets/search-D1tLrzA3.js                    0.72 kB │ gzip:  0.52 kB
dist/assets/date-time-DU3jfLHa.js                 0.73 kB │ gzip:  0.48 kB
dist/assets/form-CoCQJKUM.js                      0.73 kB │ gzip:  0.53 kB
dist/assets/controlled-ChX6QMOg.js                0.73 kB │ gzip:  0.54 kB
dist/assets/advanced-N3MseRFZ.js                  0.74 kB │ gzip:  0.54 kB
dist/assets/basic-DKCwDAXN.js                     0.74 kB │ gzip:  0.53 kB
dist/assets/controlled-C2EFHMoS.js                0.74 kB │ gzip:  0.45 kB
dist/assets/title-span-C-qH6ApH.js                0.74 kB │ gzip:  0.39 kB
dist/assets/login-B7hmxX4w.js                     0.74 kB │ gzip:  0.49 kB
dist/assets/dynamic-B52xMHAD.js                   0.75 kB │ gzip:  0.41 kB
dist/assets/no-wrapper-rEwI9fHG.js                0.75 kB │ gzip:  0.47 kB
dist/assets/plain-BwNhNPZz.js                     0.76 kB │ gzip:  0.40 kB
dist/assets/overflow-B0TkZ0sG.js                  0.76 kB │ gzip:  0.50 kB
dist/assets/colorful-BZTKwFis.js                  0.76 kB │ gzip:  0.49 kB
dist/assets/custom-size-D68qplHM.js               0.76 kB │ gzip:  0.43 kB
dist/assets/size-CVG8JbYE.js                      0.76 kB │ gzip:  0.37 kB
dist/assets/alternate-n0vDT3sE.js                 0.76 kB │ gzip:  0.45 kB
dist/assets/destroy-inactive-fF_1kDdT.js          0.76 kB │ gzip:  0.55 kB
dist/assets/flex-DviQxI0c.js                      0.76 kB │ gzip:  0.51 kB
dist/assets/item-render-HSkGhkWM.js               0.77 kB │ gzip:  0.52 kB
dist/assets/trigger-BNjAIpKf.js                   0.78 kB │ gzip:  0.44 kB
dist/assets/native-B75iuQ5w.js                    0.78 kB │ gzip:  0.59 kB
dist/assets/focus-co8jI9HM.js                     0.78 kB │ gzip:  0.56 kB
dist/assets/nested-eYM0Oe1v.js                    0.79 kB │ gzip:  0.36 kB
dist/assets/recovery-A2JfPrjW.js                  0.79 kB │ gzip:  0.56 kB
dist/assets/dashboard-DtnKEVYf.js                 0.79 kB │ gzip:  0.45 kB
dist/assets/customize-C4LdgeoU.js                 0.79 kB │ gzip:  0.44 kB
dist/assets/disabled-delay-CFr0dpCz.js            0.79 kB │ gzip:  0.49 kB
dist/assets/editable-DUX-CBo2.js                  0.79 kB │ gzip:  0.58 kB
dist/assets/variants-DFrXdlT9.js                  0.80 kB │ gzip:  0.42 kB
dist/assets/gradient-line-qcjWikr4.js             0.80 kB │ gzip:  0.35 kB
dist/assets/controlled-BpYgqwl8.js                0.80 kB │ gzip:  0.53 kB
dist/assets/basic-D2y0oQ1A.js                     0.80 kB │ gzip:  0.52 kB
dist/assets/keyboard-BA0aEvrS.js                  0.80 kB │ gzip:  0.58 kB
dist/assets/horizontal-DlqcFwZp.js                0.81 kB │ gzip:  0.38 kB
dist/assets/circle-steps-BMRWZ1Is.js              0.81 kB │ gzip:  0.47 kB
dist/assets/controlled-CZ8ElE6s.js                0.81 kB │ gzip:  0.59 kB
dist/assets/image-CUm1hwK1.js                     0.81 kB │ gzip:  0.56 kB
dist/assets/multiple-CiPJ9r28.js                  0.81 kB │ gzip:  0.57 kB
dist/assets/conditional-D7Ra_p3H.js               0.81 kB │ gzip:  0.42 kB
dist/assets/style-1ueCCvQx.js                     0.82 kB │ gzip:  0.46 kB
dist/assets/basic-9NnFoQ_4.js                     0.82 kB │ gzip:  0.39 kB
dist/assets/basic-YZgu0o8m.js                     0.83 kB │ gzip:  0.58 kB
dist/assets/separator-CvAZGPFE.js                 0.83 kB │ gzip:  0.46 kB
dist/assets/loading-CyOVDzCH.js                   0.83 kB │ gzip:  0.59 kB
dist/assets/context-D6fBgUhs.js                   0.84 kB │ gzip:  0.53 kB
dist/assets/style-class-IBBm5qxp.js               0.84 kB │ gzip:  0.48 kB
dist/assets/semantic-LPgEKDG8.js                  0.84 kB │ gzip:  0.53 kB
dist/assets/align-BlAX-BYz.js                     0.85 kB │ gzip:  0.56 kB
dist/assets/directions-BCsZuYB4.js                0.85 kB │ gzip:  0.53 kB
dist/assets/basic-DjeBVj7X.js                     0.85 kB │ gzip:  0.54 kB
dist/assets/remote-CR74pSli.js                    0.85 kB │ gzip:  0.65 kB
dist/assets/trigger-DWRIpy17.js                   0.86 kB │ gzip:  0.48 kB
dist/assets/context-0BJoxYCh.js                   0.86 kB │ gzip:  0.56 kB
dist/assets/context-BV2fxrAp.js                   0.86 kB │ gzip:  0.56 kB
dist/assets/strict-3IL7uwp2.js                    0.87 kB │ gzip:  0.54 kB
dist/assets/dependent-Dj5UJ1PX.js                 0.87 kB │ gzip:  0.53 kB
dist/assets/marks-C75iOaMD.js                     0.87 kB │ gzip:  0.55 kB
dist/assets/double-click-nPDFcZXm.js              0.87 kB │ gzip:  0.48 kB
dist/assets/custom-buttons-ZwnfZJAQ.js            0.87 kB │ gzip:  0.55 kB
dist/assets/icon-r-md22Nz.js                      0.87 kB │ gzip:  0.34 kB
dist/assets/children-B3u_QAEh.js                  0.88 kB │ gzip:  0.32 kB
dist/assets/style-CYkIL-fg.js                     0.88 kB │ gzip:  0.59 kB
dist/assets/destroy-on-hidden-BUQ1xtpM.js         0.88 kB │ gzip:  0.51 kB
dist/assets/context-_S9V4fLk.js                   0.88 kB │ gzip:  0.56 kB
dist/assets/one-way-CvpANsS_.js                   0.88 kB │ gzip:  0.62 kB
dist/assets/compact-Bu1S7tv7.js                   0.89 kB │ gzip:  0.51 kB
dist/assets/status-DQgkFOCB.js                    0.89 kB │ gzip:  0.51 kB
dist/assets/basic-Dqg-0s7R.js                     0.89 kB │ gzip:  0.57 kB
dist/assets/animated-CGb1zs2H.js                  0.90 kB │ gzip:  0.56 kB
dist/assets/ellipsis-DCuppa9m.js                  0.90 kB │ gzip:  0.57 kB
dist/assets/combination-FjIzPyho.js               0.90 kB │ gzip:  0.63 kB
dist/assets/container-Cn89nzOg.js                 0.90 kB │ gzip:  0.56 kB
dist/assets/sequential-C4hHHKiJ.js                0.90 kB │ gzip:  0.57 kB
dist/assets/form-DtTdqshg.js                      0.91 kB │ gzip:  0.60 kB
dist/assets/programmatic-Xd1Zj2Hp.js              0.91 kB │ gzip:  0.59 kB
dist/assets/controlled-tpyfBjYB.js                0.91 kB │ gzip:  0.60 kB
dist/assets/semantic-DRs5qXZy.js                  0.92 kB │ gzip:  0.59 kB
dist/assets/collapsible-icon-DkNJKCpM.js          0.92 kB │ gzip:  0.42 kB
dist/assets/list-move-CbK8aMkd.js                 0.92 kB │ gzip:  0.59 kB
dist/assets/wrap-C4ki1p1e.js                      0.93 kB │ gzip:  0.59 kB
dist/assets/info-position-D0kqD9LY.js             0.93 kB │ gzip:  0.33 kB
dist/assets/size-Bq1rzhnL.js                      0.93 kB │ gzip:  0.32 kB
dist/assets/with-text-w5s6b9Sr.js                 0.93 kB │ gzip:  0.47 kB
dist/assets/group-CkCe5CXX.js                     0.93 kB │ gzip:  0.59 kB
dist/assets/context-CYTCqoxR.js                   0.95 kB │ gzip:  0.57 kB
dist/assets/types-rWQiFOOV.js                     0.95 kB │ gzip:  0.58 kB
dist/assets/picture-CJun7SGC.js                   0.95 kB │ gzip:  0.68 kB
dist/assets/basic-CcCXY5Dx.js                     0.95 kB │ gzip:  0.55 kB
dist/assets/layout-change-rL7eg4XW.js             0.95 kB │ gzip:  0.61 kB
dist/assets/container-TGBJvJBg.js                 0.96 kB │ gzip:  0.58 kB
dist/assets/dist-QJDFOEJg.js                      0.96 kB │ gzip:  0.51 kB
dist/assets/picture-card-Bo94M5GT.js              0.96 kB │ gzip:  0.55 kB
dist/assets/position-DVmey72e.js                  0.96 kB │ gzip:  0.50 kB
dist/assets/ref-od_3uN1b.js                       0.97 kB │ gzip:  0.56 kB
dist/assets/click-BHPEJIrb.js                     0.97 kB │ gzip:  0.62 kB
dist/assets/ribbon-Dh3hiW0D.js                    0.98 kB │ gzip:  0.56 kB
dist/assets/context-Up82rPPr.js                   0.98 kB │ gzip:  0.62 kB
dist/assets/custom-render-pgSqNSdu.js             0.99 kB │ gzip:  0.66 kB
dist/assets/basic-DSkCbZIO.js                     0.99 kB │ gzip:  0.63 kB
dist/assets/fixed-sider-2L-1p2Ht.js               0.99 kB │ gzip:  0.61 kB
dist/assets/responsive-DSS-ZQ9l.js                1.00 kB │ gzip:  0.64 kB
dist/assets/style-CqwkQYsG.js                     1.00 kB │ gzip:  0.55 kB
dist/assets/controlled-C5WBtTEV.js                1.01 kB │ gzip:  0.65 kB
dist/assets/appearance-BFDk56uc.js                1.01 kB │ gzip:  0.64 kB
dist/assets/controlled-Bf463CtJ.js                1.01 kB │ gzip:  0.62 kB
dist/assets/register-BkBNIdUR.js                  1.02 kB │ gzip:  0.61 kB
dist/assets/context-02u1KGPw.js                   1.02 kB │ gzip:  0.63 kB
dist/assets/semantic-CjkcCwuN.js                  1.02 kB │ gzip:  0.62 kB
dist/assets/lazy-DsX5zHNA.js                      1.03 kB │ gzip:  0.44 kB
dist/assets/colorful-DqnozJE9.js                  1.04 kB │ gzip:  0.55 kB
dist/assets/flex-item-CJ3z9qCh.js                 1.05 kB │ gzip:  0.52 kB
dist/assets/dynamic-C7rGGa_9.js                   1.05 kB │ gzip:  0.66 kB
dist/assets/dynamic-D4WXznFN.js                   1.05 kB │ gzip:  0.68 kB
dist/assets/format-Df0UtRKF.js                    1.05 kB │ gzip:  0.60 kB
dist/assets/semantic-D2SBe6F9.js                  1.05 kB │ gzip:  0.66 kB
dist/assets/sizes-D4LFCR7e.js                     1.05 kB │ gzip:  0.44 kB
dist/assets/native-C8QQI_Y-.js                    1.06 kB │ gzip:  0.71 kB
dist/assets/action-CXuwa81g.js                    1.06 kB │ gzip:  0.45 kB
dist/assets/overflow-P4U9QDCn.js                  1.06 kB │ gzip:  0.60 kB
dist/assets/search-Qsz8u_gb.js                    1.06 kB │ gzip:  0.67 kB
dist/assets/reverse-arrow-CFsBqDZ2.js             1.06 kB │ gzip:  0.59 kB
dist/assets/semantic-BW8-AH_3.js                  1.07 kB │ gzip:  0.61 kB
dist/assets/nested-2T_a8_Mn.js                    1.07 kB │ gzip:  0.61 kB
dist/assets/PickerSuffix-BvrKPvR-.js              1.08 kB │ gzip:  0.64 kB
dist/assets/precision-DvRqO59b.js                 1.08 kB │ gzip:  0.62 kB
dist/assets/error-oTpIIhWt.js                     1.08 kB │ gzip:  0.63 kB
dist/assets/confirmation-D3CmmtFw.js              1.08 kB │ gzip:  0.68 kB
dist/assets/constraints-CvRTZ-Un.js               1.10 kB │ gzip:  0.76 kB
dist/assets/dynamic-CUFsCRiu.js                   1.11 kB │ gzip:  0.70 kB
dist/assets/feedback-BPjUEE92.js                  1.11 kB │ gzip:  0.62 kB
dist/assets/scroll-C8vm-s8H.js                    1.11 kB │ gzip:  0.70 kB
dist/assets/icon-n-v0k4HZ.js                      1.12 kB │ gzip:  0.58 kB
dist/assets/theme-DR1D5hkO.js                     1.12 kB │ gzip:  0.68 kB
dist/assets/size-6E0n9YHX.js                      1.14 kB │ gzip:  0.65 kB
dist/assets/text-Cd6X2U2t.js                      1.15 kB │ gzip:  0.56 kB
dist/assets/inline-empty-BIM-EBRh.js              1.16 kB │ gzip:  0.74 kB
dist/assets/theme-CPmChSoL.js                     1.17 kB │ gzip:  0.77 kB
dist/assets/list-xDDUymcL.js                      1.18 kB │ gzip:  0.75 kB
dist/assets/fresh-iYLYiCEC.js                     1.20 kB │ gzip:  0.87 kB
dist/assets/custom-icon-BjSMd5FV.js               1.20 kB │ gzip:  0.43 kB
dist/assets/multiple-DjwnhIAJ.js                  1.20 kB │ gzip:  0.58 kB
dist/assets/timer-BHNu-8yg.js                     1.21 kB │ gzip:  0.53 kB
dist/assets/collapsible-CaNiI-VO.js               1.21 kB │ gzip:  0.63 kB
dist/assets/variants-BX1O27f-.js                  1.22 kB │ gzip:  0.51 kB
dist/assets/align-C5-b5TGx.js                     1.22 kB │ gzip:  0.66 kB
dist/assets/control-VGRixTYg.js                   1.22 kB │ gzip:  0.66 kB
dist/assets/custom-status-render--Yp1AcKX.js      1.23 kB │ gzip:  0.61 kB
dist/assets/change-CTW0dcNj.js                    1.24 kB │ gzip:  0.63 kB
dist/assets/context-D9B_05lR.js                   1.25 kB │ gzip:  0.69 kB
dist/assets/download-ZySlc0BP.js                  1.25 kB │ gzip:  0.75 kB
dist/assets/style-class-Dytkl2mI.js               1.26 kB │ gzip:  0.58 kB
dist/assets/gap-CvBmfqA0.js                       1.27 kB │ gzip:  0.71 kB
dist/assets/gutter-B008otJM.js                    1.27 kB │ gzip:  0.59 kB
dist/assets/validation-CLuA8vXc.js                1.27 kB │ gzip:  0.81 kB
dist/assets/Icon-6ryJVDxY.js                      1.28 kB │ gzip:  0.71 kB
dist/assets/ConfigProvider-PrJstLTC.js            1.31 kB │ gzip:  0.72 kB
dist/assets/context-BrKNFvTP.js                   1.31 kB │ gzip:  0.72 kB
dist/assets/states-CKKrUctz.js                    1.32 kB │ gzip:  0.70 kB
dist/assets/aliases-ref-7FnYI2xk.js               1.32 kB │ gzip:  0.75 kB
dist/assets/disabled-CFpPYqD7.js                  1.35 kB │ gzip:  0.74 kB
dist/assets/order-CTRQNpeE.js                     1.37 kB │ gzip:  0.59 kB
dist/assets/context-DRTgBy-j.js                   1.39 kB │ gzip:  0.68 kB
dist/assets/lifecycle-C3hcKNYR.js                 1.42 kB │ gzip:  0.79 kB
dist/assets/controlled-BwZVHL9S.js                1.43 kB │ gzip:  0.79 kB
dist/assets/custom-BUEb8F66.js                    1.43 kB │ gzip:  0.89 kB
dist/assets/dynamic-DW2muMH2.js                   1.48 kB │ gzip:  0.75 kB
dist/assets/element-MegwIxNb.js                   1.49 kB │ gzip:  0.84 kB
dist/assets/side-C2fihhO7.js                      1.50 kB │ gzip:  0.95 kB
dist/assets/controls-CggErAwE.js                  1.51 kB │ gzip:  0.83 kB
dist/assets/responsive-more-CBuedElO.js           1.54 kB │ gzip:  0.72 kB
dist/assets/basic--lZ9bQ1A.js                     1.54 kB │ gzip:  0.53 kB
dist/assets/checkable-BJkkv-0h.js                 1.57 kB │ gzip:  0.71 kB
dist/assets/custom-trigger-DuqUIt61.js            1.62 kB │ gzip:  0.86 kB
dist/assets/top-side-BZp6GhcU.js                  1.63 kB │ gzip:  0.90 kB
dist/assets/flex-stretch-DpBMAtzI.js              1.68 kB │ gzip:  0.72 kB
dist/assets/custom-list-3Pk1EzYH.js               1.69 kB │ gzip:  0.92 kB
dist/assets/playground-g1Ew08NX.js                1.79 kB │ gzip:  0.83 kB
dist/assets/control-CB4JxBHA.js                   1.81 kB │ gzip:  1.00 kB
dist/assets/states-B9pNoKwf.js                    1.86 kB │ gzip:  0.66 kB
dist/assets/disabled-BK-MxG5j.js                  1.91 kB │ gzip:  0.87 kB
dist/assets/Flex-Ib5vyA6U.js                      1.96 kB │ gzip:  0.87 kB
dist/assets/_VirtualList-DN3mBVBi.js              2.09 kB │ gzip:  1.04 kB
dist/assets/selection-Cvkkg_de.js                 2.48 kB │ gzip:  1.10 kB
dist/assets/list-nested-BzcZBxMc.js               2.60 kB │ gzip:  1.23 kB
dist/assets/color-BKjaAcKI.js                     2.63 kB │ gzip:  1.25 kB
dist/assets/layout-ok1h3Lvx.js                    2.78 kB │ gzip:  0.99 kB
dist/assets/list-complex-Dtl5zxYh.js              2.98 kB │ gzip:  1.33 kB
dist/assets/Divider-EvLUbpFh.js                   3.08 kB │ gzip:  1.30 kB
dist/assets/Popover-1zLcczlN.js                   3.33 kB │ gzip:  1.42 kB
dist/assets/Tooltip-CTmDVJA1.js                   3.36 kB │ gzip:  1.43 kB
dist/assets/custom-M6djGLlk.js                    3.44 kB │ gzip:  1.59 kB
dist/assets/Space-DHbtSDO-.js                     3.59 kB │ gzip:  1.43 kB
dist/assets/Masonry-D_h39tFL.js                   4.02 kB │ gzip:  1.95 kB
dist/assets/styles-B1mIgZm2.js                    4.20 kB │ gzip:  1.03 kB
dist/assets/Switch-T1KlFVim.js                    4.47 kB │ gzip:  1.86 kB
dist/assets/Skeleton-D7eC5a0B.js                  4.59 kB │ gzip:  1.68 kB
dist/assets/Avatar-BgvS7uG_.js                    4.66 kB │ gzip:  1.94 kB
dist/assets/styles-UNWibWfV.js                    4.86 kB │ gzip:  1.40 kB
dist/assets/Statistic-Dy23xlfh.js                 4.89 kB │ gzip:  2.07 kB
dist/assets/Rate-CMGenfhJ.js                      5.26 kB │ gzip:  2.18 kB
dist/assets/antIcons-B_eMrTz9.js                  5.36 kB │ gzip:  1.68 kB
dist/assets/Empty-DYyfbrN9.js                     5.52 kB │ gzip:  2.23 kB
dist/assets/Watermark-DkyBoLX7.js                 5.55 kB │ gzip:  2.77 kB
dist/assets/logo-tJaI3CE1.js                      5.67 kB │ gzip:  1.56 kB
dist/assets/Layout-kYm080_r.js                    5.78 kB │ gzip:  2.04 kB
dist/assets/Dropdown-BMTQjISJ.js                  5.92 kB │ gzip:  2.45 kB
dist/assets/trigger-D2xu6w-N.js                   6.18 kB │ gzip:  2.37 kB
dist/assets/Checkbox-jcyiTPxM.js                  6.32 kB │ gzip:  2.39 kB
dist/assets/Grid-BZLKuMDx.js                      6.48 kB │ gzip:  2.16 kB
dist/assets/Segmented-BqJnI6up.js                 6.61 kB │ gzip:  2.77 kB
dist/assets/Alert-6cx_0cLw.js                     7.20 kB │ gzip:  2.81 kB
dist/assets/Pagination-BJwSteQ_.js                7.48 kB │ gzip:  2.77 kB
dist/assets/Button-BnuqIf40.js                    7.77 kB │ gzip:  2.27 kB
dist/assets/portal-CQyczX3b.js                    7.89 kB │ gzip:  3.03 kB
dist/assets/card-B9vXKOCa.js                      7.91 kB │ gzip:  2.53 kB
dist/assets/Radio-DEz6znlJ.js                     8.00 kB │ gzip:  2.83 kB
dist/assets/QRCode-3ELgs-Nd.js                    8.24 kB │ gzip:  3.24 kB
dist/assets/InputNumber-HpXwq0Vs.js               8.63 kB │ gzip:  3.37 kB
dist/assets/Transfer-LbQSY1aV.js                  8.91 kB │ gzip:  3.34 kB
dist/assets/Typography-Cf7J1CNV.js                9.02 kB │ gzip:  3.41 kB
dist/assets/AutoComplete-BnCVVz0u.js              9.24 kB │ gzip:  3.69 kB
dist/assets/Tabs-BePHR9cb.js                      9.59 kB │ gzip:  3.59 kB
dist/assets/Badge-B-y2I4Kg.js                     9.71 kB │ gzip:  3.34 kB
dist/assets/Modal-Ctl1e7yn.js                     9.78 kB │ gzip:  3.82 kB
dist/assets/Mentions-XtLG2Y0S.js                 10.40 kB │ gzip:  4.26 kB
dist/assets/Slider-e8UaxmRI.js                   10.88 kB │ gzip:  4.18 kB
dist/assets/Form-Db9tbwyO.js                     11.18 kB │ gzip:  4.03 kB
dist/assets/image-Cg8gUI0o.js                    11.51 kB │ gzip:  5.50 kB
dist/assets/Timeline-ntnjK8KG.js                 11.63 kB │ gzip:  3.32 kB
dist/assets/TreeSelect-BnVAW1H6.js               12.39 kB │ gzip:  4.22 kB
dist/assets/Tag-CEhiJp4G.js                      12.46 kB │ gzip:  4.16 kB
dist/assets/ColorPicker-DHwGok3R.js              12.76 kB │ gzip:  4.85 kB
dist/assets/Input-Bq10i2Zl.js                    13.37 kB │ gzip:  4.90 kB
dist/assets/Progress-BItKMjZ3.js                 13.53 kB │ gzip:  5.29 kB
dist/assets/Select-C0GCGa8a.js                   15.19 kB │ gzip:  5.24 kB
dist/assets/Splitter-Ot0CZEHx.js                 16.59 kB │ gzip:  6.31 kB
dist/assets/TimePicker-BBxymvQu.js               17.21 kB │ gzip:  5.35 kB
dist/assets/Cascader-CDDj-9jw.js                 20.92 kB │ gzip:  6.62 kB
dist/assets/Tree-1gtVVqz0.js                     22.09 kB │ gzip:  7.77 kB
dist/assets/Upload-CL4d6xAJ.js                   25.19 kB │ gzip:  7.90 kB
dist/assets/bundle-mjs-CGEkkbPF.js               27.83 kB │ gzip:  8.82 kB
dist/assets/Result-Dg2ZSgA5.js                   31.07 kB │ gzip: 10.14 kB
dist/assets/DatePicker-DGM-Hnnk.js               38.00 kB │ gzip: 10.55 kB
dist/assets/web-ijF5tFMO.js                      42.16 kB │ gzip: 16.30 kB
dist/assets/src-BUUIfu6R.js                      62.49 kB │ gzip: 21.74 kB
dist/assets/entry-client-DgXZR-6b.js             74.61 kB │ gzip: 17.19 kB

✓ built in 1.65s
vite v8.2.1 building ssr environment for production...
[2Ktransforming...✓ 714 modules transformed.
rendering chunks...
computing gzip size...
.ssr/entry-server.js  1,193.16 kB │ gzip: 271.18 kB

✓ built in 328ms
Prerendered 55 documentation pages to docs/dist (base: /).
