[WebServer] (node:134) Warning: The 'NO_COLOR' env is ignored due to the 'FORCE_COLOR' env being set.
[WebServer] (Use `node --trace-warnings ...` to show where the warning was created)

[WebServer] (node:197) Warning: The 'NO_COLOR' env is ignored due to the 'FORCE_COLOR' env being set.
[WebServer] (Use `node --trace-warnings ...` to show where the warning was created)

[WebServer] (node:240) Warning: The 'NO_COLOR' env is ignored due to the 'FORCE_COLOR' env being set.
[WebServer] (Use `node --trace-warnings ...` to show where the warning was created)

[WebServer] (node:382) Warning: The 'NO_COLOR' env is ignored due to the 'FORCE_COLOR' env being set.
[WebServer] (Use `node --trace-warnings ...` to show where the warning was created)

[WebServer] (node:419) Warning: The 'NO_COLOR' env is ignored due to the 'FORCE_COLOR' env being set.
[WebServer] (Use `node --trace-warnings ...` to show where the warning was created)


Running 4 tests using 2 workers

(node:491) Warning: The 'NO_COLOR' env is ignored due to the 'FORCE_COLOR' env being set.
(Use `node --trace-warnings ...` to show where the warning was created)


(node:490) Warning: The 'NO_COLOR' env is ignored due to the 'FORCE_COLOR' env being set.
(Use `node --trace-warnings ...` to show where the warning was created)


[1/4] [docs] › browser/Form/presentation.spec.ts:102:1 › [form.browser.complex-list] edits nested purchase details and resets
[2/4] [docs] › browser/Form/presentation.spec.ts:74:1 › [form.browser.nested-list] adds and removes both levels and recovers from empty
[3/4] [docs] › browser/Form/presentation.spec.ts:134:1 › [form.browser.mobile] keeps form demos within the viewport
[4/4] [docs] › browser/Form/presentation.spec.ts:163:1 › [form.browser.custom-list-alignment] aligns the remove action with its inputs
  4 passed (12.5s)
