[WebServer] (node:68870) Warning: The 'NO_COLOR' env is ignored due to the 'FORCE_COLOR' env being set.
[WebServer] (Use `node --trace-warnings ...` to show where the warning was created)

[WebServer] (node:68909) Warning: The 'NO_COLOR' env is ignored due to the 'FORCE_COLOR' env being set.
[WebServer] (Use `node --trace-warnings ...` to show where the warning was created)

[WebServer] (node:68940) Warning: The 'NO_COLOR' env is ignored due to the 'FORCE_COLOR' env being set.
[WebServer] (Use `node --trace-warnings ...` to show where the warning was created)

[WebServer] (node:69030) Warning: The 'NO_COLOR' env is ignored due to the 'FORCE_COLOR' env being set.
[WebServer] (Use `node --trace-warnings ...` to show where the warning was created)

[WebServer] (node:69067) Warning: The 'NO_COLOR' env is ignored due to the 'FORCE_COLOR' env being set.
[WebServer] (Use `node --trace-warnings ...` to show where the warning was created)


Running 23 tests using 2 workers

(node:69127) Warning: The 'NO_COLOR' env is ignored due to the 'FORCE_COLOR' env being set.
(Use `node --trace-warnings ...` to show where the warning was created)


(node:69128) Warning: The 'NO_COLOR' env is ignored due to the 'FORCE_COLOR' env being set.
(Use `node --trace-warnings ...` to show where the warning was created)


[1/23] [docs] › browser/Form/interactions.spec.ts:39:1 › [form.browser.validation] reports synchronous and asynchronous validation errors
[2/23] [docs] › browser/Form/interactions.spec.ts:16:1 › [form.browser.basic] submits and resets a required field
[3/23] [docs] › browser/Form/interactions.spec.ts:52:1 › [form.browser.list] adds and removes rows while retaining list values
[4/23] [docs] › browser/Form/interactions.spec.ts:71:1 › [form.browser.custom] custom composed control updates the form store
[5/23] [docs] › browser/Form/interactions.spec.ts:81:1 › [form.browser.nested] keeps nested NamePath and inner form submission independent
[6/23] [docs] › browser/Form/interactions.spec.ts:95:1 › [form.browser.ssr] exposes Form API and example source in static HTML
[7/23] [docs] › browser/Form/interactions.spec.ts:107:1 › [form.browser.layout] renders label association and error styling
[8/23] [docs] › browser/Form/presentation.spec.ts:7:3 › [form.browser.typing.production] retains focus through consecutive keystrokes
[9/23] [docs] › browser/Form/presentation.spec.ts:7:3 › [form.browser.typing.development] retains focus through consecutive keystrokes
[WebServer] 7:58:29 PM [vite] (client) [console.warn] [STRICT_READ_UNTRACKED] Reactive value read directly in <Form> will not update. Move it into a tracking scope (JSX, a memo, or an effect's compute function).

[WebServer] 7:58:29 PM [vite] (client) [console.warn] [STRICT_READ_UNTRACKED] Reactive value read directly in <Input> will not update. Move it into a tracking scope (JSX, a memo, or an effect's compute function).
[WebServer] 7:58:29 PM [vite] (client) [console.warn] [STRICT_READ_UNTRACKED] Reactive value read directly in <Select> will not update. Move it into a tracking scope (JSX, a memo, or an effect's compute function).
[WebServer] 7:58:29 PM [vite] (client) [console.warn] [STRICT_READ_UNTRACKED] Reactive value read directly in <Select> will not update. Move it into a tracking scope (JSX, a memo, or an effect's compute function).
[WebServer] 7:58:29 PM [vite] (client) [console.warn] [STRICT_READ_UNTRACKED] Reactive value read directly in <Select> will not update. Move it into a tracking scope (JSX, a memo, or an effect's compute function).
[WebServer] 7:58:29 PM [vite] (client) [console.warn] [STRICT_READ_UNTRACKED] Reactive value read directly in <Select> will not update. Move it into a tracking scope (JSX, a memo, or an effect's compute function).
[WebServer] 7:58:29 PM [vite] (client) [console.warn] [STRICT_READ_UNTRACKED] Reactive value read directly in <Select> will not update. Move it into a tracking scope (JSX, a memo, or an effect's compute function).
[WebServer] 7:58:29 PM [vite] (client) [console.warn] [STRICT_READ_UNTRACKED] Reactive value read directly in an effect callback will not update. Move it into a tracking scope (JSX, a memo, or an effect's compute function).
[WebServer] 7:58:29 PM [vite] (client) [console.warn] [STRICT_READ_UNTRACKED] Reactive value read directly in <Form> will not update. Move it into a tracking scope (JSX, a memo, or an effect's compute function).
[WebServer] 7:58:29 PM [vite] (client) [console.warn] [STRICT_READ_UNTRACKED] Reactive value read directly in <FormItem> will not update. Move it into a tracking scope (JSX, a memo, or an effect's compute function).
[WebServer] 7:58:29 PM [vite] (client) [console.warn] [STRICT_READ_UNTRACKED] Reactive value read directly in <FormItem> will not update. Move it into a tracking scope (JSX, a memo, or an effect's compute function).
[WebServer] 7:58:29 PM [vite] (client) [console.warn] [STRICT_READ_UNTRACKED] Reactive value read directly in <FormItem> will not update. Move it into a tracking scope (JSX, a memo, or an effect's compute function).
[WebServer] 7:58:29 PM [vite] (client) [console.warn] [STRICT_READ_UNTRACKED] Reactive value read directly in <FormItem> will not update. Move it into a tracking scope (JSX, a memo, or an effect's compute function).

[WebServer] 7:58:29 PM [vite] (client) [console.warn] [STRICT_READ_UNTRACKED] Reactive value read directly in <Input> will not update. Move it into a tracking scope (JSX, a memo, or an effect's compute function).
[WebServer] 7:58:29 PM [vite] (client) [console.warn] [STRICT_READ_UNTRACKED] Reactive value read directly in <FormItem> will not update. Move it into a tracking scope (JSX, a memo, or an effect's compute function).
[WebServer] 7:58:29 PM [vite] (client) [console.warn] [STRICT_READ_UNTRACKED] Reactive value read directly in <FormItem> will not update. Move it into a tracking scope (JSX, a memo, or an effect's compute function).
[WebServer] 7:58:29 PM [vite] (client) [console.warn] [STRICT_READ_UNTRACKED] Reactive value read directly in <FormItem> will not update. Move it into a tracking scope (JSX, a memo, or an effect's compute function).
[WebServer] 7:58:29 PM [vite] (client) [console.warn] [STRICT_READ_UNTRACKED] Reactive value read directly in <FormItem> will not update. Move it into a tracking scope (JSX, a memo, or an effect's compute function).
[WebServer] 7:58:29 PM [vite] (client) [console.warn] [STRICT_READ_UNTRACKED] Reactive value read directly in <Input> will not update. Move it into a tracking scope (JSX, a memo, or an effect's compute function).
[WebServer] 7:58:29 PM [vite] (client) [console.warn] [STRICT_READ_UNTRACKED] Reactive value read directly in <Form> will not update. Move it into a tracking scope (JSX, a memo, or an effect's compute function).
[WebServer] 7:58:29 PM [vite] (client) [console.warn] [STRICT_READ_UNTRACKED] Reactive value read directly in <Input> will not update. Move it into a tracking scope (JSX, a memo, or an effect's compute function).
[WebServer] 7:58:29 PM [vite] (client) [console.warn] [STRICT_READ_UNTRACKED] Reactive value read directly in <Input> will not update. Move it into a tracking scope (JSX, a memo, or an effect's compute function).
[WebServer] 7:58:29 PM [vite] (client) [console.warn] [STRICT_READ_UNTRACKED] Reactive value read directly in <Form> will not update. Move it into a tracking scope (JSX, a memo, or an effect's compute function).
[WebServer] 7:58:29 PM [vite] (client) [console.warn] [STRICT_READ_UNTRACKED] Reactive value read directly in <Input> will not update. Move it into a tracking scope (JSX, a memo, or an effect's compute function).
[WebServer] 7:58:29 PM [vite] (client) [console.warn] [STRICT_READ_UNTRACKED] Reactive value read directly in <Form> will not update. Move it into a tracking scope (JSX, a memo, or an effect's compute function).
[WebServer] 7:58:29 PM [vite] (client) [console.warn] [STRICT_READ_UNTRACKED] Reactive value read directly in <Input> will not update. Move it into a tracking scope (JSX, a memo, or an effect's compute function).

[WebServer] 7:58:29 PM [vite] (client) [console.warn] [STRICT_READ_UNTRACKED] Reactive value read directly in <Form> will not update. Move it into a tracking scope (JSX, a memo, or an effect's compute function).

[WebServer] 7:58:29 PM [vite] (client) [console.warn] [STRICT_READ_UNTRACKED] Reactive value read directly in <FormItem> will not update. Move it into a tracking scope (JSX, a memo, or an effect's compute function).

[WebServer] 7:58:29 PM [vite] (client) [console.warn] [STRICT_READ_UNTRACKED] Reactive value read directly in <FormItem> will not update. Move it into a tracking scope (JSX, a memo, or an effect's compute function).
[WebServer] 7:58:29 PM [vite] (client) [console.warn] [STRICT_READ_UNTRACKED] Reactive value read directly in <FormItem> will not update. Move it into a tracking scope (JSX, a memo, or an effect's compute function).
[WebServer] 7:58:29 PM [vite] (client) [console.warn] [STRICT_READ_UNTRACKED] Reactive value read directly in <FormItem> will not update. Move it into a tracking scope (JSX, a memo, or an effect's compute function).
[WebServer] 7:58:29 PM [vite] (client) [console.warn] [STRICT_READ_UNTRACKED] Reactive value read directly in <Input> will not update. Move it into a tracking scope (JSX, a memo, or an effect's compute function).
[WebServer] 7:58:29 PM [vite] (client) [console.warn] [STRICT_READ_UNTRACKED] Reactive value read directly in <Form> will not update. Move it into a tracking scope (JSX, a memo, or an effect's compute function).
[WebServer] 7:58:29 PM [vite] (client) [console.warn] [STRICT_READ_UNTRACKED] Reactive value read directly in <Input> will not update. Move it into a tracking scope (JSX, a memo, or an effect's compute function).
[WebServer] 7:58:29 PM [vite] (client) [console.warn] [STRICT_READ_UNTRACKED] Reactive value read directly in <Select> will not update. Move it into a tracking scope (JSX, a memo, or an effect's compute function).
[WebServer] 7:58:29 PM [vite] (client) [console.warn] [STRICT_READ_UNTRACKED] Reactive value read directly in <Select> will not update. Move it into a tracking scope (JSX, a memo, or an effect's compute function).
[WebServer] 7:58:29 PM [vite] (client) [console.warn] [STRICT_READ_UNTRACKED] Reactive value read directly in <Select> will not update. Move it into a tracking scope (JSX, a memo, or an effect's compute function).
[WebServer] 7:58:29 PM [vite] (client) [console.warn] [STRICT_READ_UNTRACKED] Reactive value read directly in <Select> will not update. Move it into a tracking scope (JSX, a memo, or an effect's compute function).
[WebServer] 7:58:29 PM [vite] (client) [console.warn] [STRICT_READ_UNTRACKED] Reactive value read directly in <Select> will not update. Move it into a tracking scope (JSX, a memo, or an effect's compute function).
[WebServer] 7:58:29 PM [vite] (client) [console.warn] [STRICT_READ_UNTRACKED] Reactive value read directly in an effect callback will not update. Move it into a tracking scope (JSX, a memo, or an effect's compute function).
[WebServer] 7:58:29 PM [vite] (client) [console.warn] [STRICT_READ_UNTRACKED] Reactive value read directly in <Form> will not update. Move it into a tracking scope (JSX, a memo, or an effect's compute function).
[WebServer] 7:58:29 PM [vite] (client) [console.warn] [STRICT_READ_UNTRACKED] Reactive value read directly in <Input> will not update. Move it into a tracking scope (JSX, a memo, or an effect's compute function).
[WebServer] 7:58:29 PM [vite] (client) [console.warn] [STRICT_READ_UNTRACKED] Reactive value read directly in <Input> will not update. Move it into a tracking scope (JSX, a memo, or an effect's compute function).
[WebServer] 7:58:29 PM [vite] (client) [console.warn] [STRICT_READ_UNTRACKED] Reactive value read directly in <Form> will not update. Move it into a tracking scope (JSX, a memo, or an effect's compute function).

[WebServer] 7:58:29 PM [vite] (client) [console.warn] [STRICT_READ_UNTRACKED] Reactive value read directly in <Form> will not update. Move it into a tracking scope (JSX, a memo, or an effect's compute function).

[WebServer] 7:58:29 PM [vite] (client) [console.warn] [STRICT_READ_UNTRACKED] Reactive value read directly in <FormItem> will not update. Move it into a tracking scope (JSX, a memo, or an effect's compute function).

[WebServer] 7:58:29 PM [vite] (client) [console.warn] [STRICT_READ_UNTRACKED] Reactive value read directly in <FormItem> will not update. Move it into a tracking scope (JSX, a memo, or an effect's compute function).
[WebServer] 7:58:29 PM [vite] (client) [console.warn] [STRICT_READ_UNTRACKED] Reactive value read directly in <FormItem> will not update. Move it into a tracking scope (JSX, a memo, or an effect's compute function).
[WebServer] 7:58:29 PM [vite] (client) [console.warn] [STRICT_READ_UNTRACKED] Reactive value read directly in <FormItem> will not update. Move it into a tracking scope (JSX, a memo, or an effect's compute function).
[WebServer] 7:58:29 PM [vite] (client) [console.warn] [STRICT_READ_UNTRACKED] Reactive value read directly in <Input> will not update. Move it into a tracking scope (JSX, a memo, or an effect's compute function).

[WebServer] 7:58:29 PM [vite] (client) [console.warn] [STRICT_READ_UNTRACKED] Reactive value read directly in <FormList> will not update. Move it into a tracking scope (JSX, a memo, or an effect's compute function).

[WebServer] 7:58:29 PM [vite] (client) [console.warn] [STRICT_READ_UNTRACKED] Reactive value read directly in <FormList> will not update. Move it into a tracking scope (JSX, a memo, or an effect's compute function).
[WebServer] 7:58:29 PM [vite] (client) [console.warn] [STRICT_READ_UNTRACKED] Reactive value read directly in <FormList> will not update. Move it into a tracking scope (JSX, a memo, or an effect's compute function).

[WebServer] 7:58:29 PM [vite] (client) [console.warn] [STRICT_READ_UNTRACKED] Reactive value read directly in <FormItem> will not update. Move it into a tracking scope (JSX, a memo, or an effect's compute function).
[WebServer] 7:58:29 PM [vite] (client) [console.warn] [STRICT_READ_UNTRACKED] Reactive value read directly in <FormItem> will not update. Move it into a tracking scope (JSX, a memo, or an effect's compute function).
[WebServer] 7:58:29 PM [vite] (client) [console.warn] [STRICT_READ_UNTRACKED] Reactive value read directly in <FormItem> will not update. Move it into a tracking scope (JSX, a memo, or an effect's compute function).
[WebServer] 7:58:29 PM [vite] (client) [console.warn] [STRICT_READ_UNTRACKED] Reactive value read directly in <FormItem> will not update. Move it into a tracking scope (JSX, a memo, or an effect's compute function).

[WebServer] 7:58:29 PM [vite] (client) [console.warn] [STRICT_READ_UNTRACKED] Reactive value read directly in <Input> will not update. Move it into a tracking scope (JSX, a memo, or an effect's compute function).
[WebServer] 7:58:29 PM [vite] (client) [console.warn] [STRICT_READ_UNTRACKED] Reactive value read directly in <FormItem> will not update. Move it into a tracking scope (JSX, a memo, or an effect's compute function).

[WebServer] 7:58:29 PM [vite] (client) [console.warn] [STRICT_READ_UNTRACKED] Reactive value read directly in <FormItem> will not update. Move it into a tracking scope (JSX, a memo, or an effect's compute function).
[WebServer] 7:58:29 PM [vite] (client) [console.warn] [STRICT_READ_UNTRACKED] Reactive value read directly in <FormItem> will not update. Move it into a tracking scope (JSX, a memo, or an effect's compute function).
[WebServer] 7:58:29 PM [vite] (client) [console.warn] [STRICT_READ_UNTRACKED] Reactive value read directly in <FormItem> will not update. Move it into a tracking scope (JSX, a memo, or an effect's compute function).

[WebServer] 7:58:29 PM [vite] (client) [console.warn] [STRICT_READ_UNTRACKED] Reactive value read directly in <Form> will not update. Move it into a tracking scope (JSX, a memo, or an effect's compute function).

[WebServer] 7:58:29 PM [vite] (client) [console.warn] [STRICT_READ_UNTRACKED] Reactive value read directly in <Input> will not update. Move it into a tracking scope (JSX, a memo, or an effect's compute function).

[WebServer] 7:58:29 PM [vite] (client) [console.warn] [STRICT_READ_UNTRACKED] Reactive value read directly in <Input> will not update. Move it into a tracking scope (JSX, a memo, or an effect's compute function).

[WebServer] 7:58:29 PM [vite] (client) [console.warn] [STRICT_READ_UNTRACKED] Reactive value read directly in <Input> will not update. Move it into a tracking scope (JSX, a memo, or an effect's compute function).

[WebServer] 7:58:29 PM [vite] (client) [console.warn] [STRICT_READ_UNTRACKED] Reactive value read directly in <Input> will not update. Move it into a tracking scope (JSX, a memo, or an effect's compute function).
[WebServer] 7:58:29 PM [vite] (client) [console.warn] [STRICT_READ_UNTRACKED] Reactive value read directly in <Form> will not update. Move it into a tracking scope (JSX, a memo, or an effect's compute function).

[WebServer] 7:58:29 PM [vite] (client) [console.warn] [STRICT_READ_UNTRACKED] Reactive value read directly in <FormItem> will not update. Move it into a tracking scope (JSX, a memo, or an effect's compute function).
[WebServer] 7:58:29 PM [vite] (client) [console.warn] [STRICT_READ_UNTRACKED] Reactive value read directly in <FormItem> will not update. Move it into a tracking scope (JSX, a memo, or an effect's compute function).
[WebServer] 7:58:29 PM [vite] (client) [console.warn] [STRICT_READ_UNTRACKED] Reactive value read directly in <FormItem> will not update. Move it into a tracking scope (JSX, a memo, or an effect's compute function).

[WebServer] 7:58:29 PM [vite] (client) [console.warn] [STRICT_READ_UNTRACKED] Reactive value read directly in <FormItem> will not update. Move it into a tracking scope (JSX, a memo, or an effect's compute function).

[WebServer] 7:58:29 PM [vite] (client) [console.warn] [STRICT_READ_UNTRACKED] Reactive value read directly in <Input> will not update. Move it into a tracking scope (JSX, a memo, or an effect's compute function).
[WebServer] 7:58:29 PM [vite] (client) [console.warn] [STRICT_READ_UNTRACKED] Reactive value read directly in <FormItem> will not update. Move it into a tracking scope (JSX, a memo, or an effect's compute function).
[WebServer] 7:58:29 PM [vite] (client) [console.warn] [STRICT_READ_UNTRACKED] Reactive value read directly in <FormItem> will not update. Move it into a tracking scope (JSX, a memo, or an effect's compute function).

[WebServer] 7:58:29 PM [vite] (client) [console.warn] [STRICT_READ_UNTRACKED] Reactive value read directly in <FormItem> will not update. Move it into a tracking scope (JSX, a memo, or an effect's compute function).
[WebServer] 7:58:29 PM [vite] (client) [console.warn] [STRICT_READ_UNTRACKED] Reactive value read directly in <FormItem> will not update. Move it into a tracking scope (JSX, a memo, or an effect's compute function).

[WebServer] 7:58:29 PM [vite] (client) [console.warn] [STRICT_READ_UNTRACKED] Reactive value read directly in <Input> will not update. Move it into a tracking scope (JSX, a memo, or an effect's compute function).

[WebServer] 7:58:29 PM [vite] (client) [console.warn] [STRICT_READ_UNTRACKED] Reactive value read directly in <Form> will not update. Move it into a tracking scope (JSX, a memo, or an effect's compute function).

[WebServer] 7:58:30 PM [vite] (client) [console.warn] [STRICT_READ_UNTRACKED] Reactive value read directly in <Input> will not update. Move it into a tracking scope (JSX, a memo, or an effect's compute function).

[WebServer] 7:58:30 PM [vite] (client) [console.warn] [STRICT_READ_UNTRACKED] Reactive value read directly in <Input> will not update. Move it into a tracking scope (JSX, a memo, or an effect's compute function).

[WebServer] 7:58:30 PM [vite] (client) [console.warn] [STRICT_READ_UNTRACKED] Reactive value read directly in <Input> will not update. Move it into a tracking scope (JSX, a memo, or an effect's compute function).

[WebServer] 7:58:30 PM [vite] (client) [console.warn] [STRICT_READ_UNTRACKED] Reactive value read directly in <Form> will not update. Move it into a tracking scope (JSX, a memo, or an effect's compute function).

[WebServer] 7:58:30 PM [vite] (client) [console.warn] [STRICT_READ_UNTRACKED] Reactive value read directly in <Input> will not update. Move it into a tracking scope (JSX, a memo, or an effect's compute function).

[WebServer] 7:58:30 PM [vite] (client) [console.warn] [STRICT_READ_UNTRACKED] Reactive value read directly in <Input> will not update. Move it into a tracking scope (JSX, a memo, or an effect's compute function).

[WebServer] 7:58:30 PM [vite] (client) [console.warn] [STRICT_READ_UNTRACKED] Reactive value read directly in <Form> will not update. Move it into a tracking scope (JSX, a memo, or an effect's compute function).

[WebServer] 7:58:30 PM [vite] (client) [console.warn] [STRICT_READ_UNTRACKED] Reactive value read directly in <Input> will not update. Move it into a tracking scope (JSX, a memo, or an effect's compute function).

[WebServer] 7:58:30 PM [vite] (client) [console.warn] [STRICT_READ_UNTRACKED] Reactive value read directly in <Input> will not update. Move it into a tracking scope (JSX, a memo, or an effect's compute function).

[WebServer] 7:58:30 PM [vite] (client) [console.warn] [STRICT_READ_UNTRACKED] Reactive value read directly in <Select> will not update. Move it into a tracking scope (JSX, a memo, or an effect's compute function).

[WebServer] 7:58:30 PM [vite] (client) [console.warn] [STRICT_READ_UNTRACKED] Reactive value read directly in <Select> will not update. Move it into a tracking scope (JSX, a memo, or an effect's compute function).

[WebServer] 7:58:30 PM [vite] (client) [console.warn] [STRICT_READ_UNTRACKED] Reactive value read directly in <Select> will not update. Move it into a tracking scope (JSX, a memo, or an effect's compute function).
[WebServer] 7:58:30 PM [vite] (client) [console.warn] [STRICT_READ_UNTRACKED] Reactive value read directly in <Select> will not update. Move it into a tracking scope (JSX, a memo, or an effect's compute function).
[WebServer] 7:58:30 PM [vite] (client) [console.warn] [STRICT_READ_UNTRACKED] Reactive value read directly in <Select> will not update. Move it into a tracking scope (JSX, a memo, or an effect's compute function).

[WebServer] 7:58:30 PM [vite] (client) [console.warn] [STRICT_READ_UNTRACKED] Reactive value read directly in <Form> will not update. Move it into a tracking scope (JSX, a memo, or an effect's compute function).

[WebServer] 7:58:30 PM [vite] (client) [console.warn] [STRICT_READ_UNTRACKED] Reactive value read directly in <Input> will not update. Move it into a tracking scope (JSX, a memo, or an effect's compute function).

[WebServer] 7:58:30 PM [vite] (client) [console.warn] [STRICT_READ_UNTRACKED] Reactive value read directly in <Input> will not update. Move it into a tracking scope (JSX, a memo, or an effect's compute function).

[WebServer] 7:58:30 PM [vite] (client) [console.warn] [STRICT_READ_UNTRACKED] Reactive value read directly in <Select> will not update. Move it into a tracking scope (JSX, a memo, or an effect's compute function).
[WebServer] 7:58:30 PM [vite] (client) [console.warn] [STRICT_READ_UNTRACKED] Reactive value read directly in <Select> will not update. Move it into a tracking scope (JSX, a memo, or an effect's compute function).

[WebServer] 7:58:30 PM [vite] (client) [console.warn] [STRICT_READ_UNTRACKED] Reactive value read directly in <Select> will not update. Move it into a tracking scope (JSX, a memo, or an effect's compute function).

[WebServer] 7:58:30 PM [vite] (client) [console.warn] [STRICT_READ_UNTRACKED] Reactive value read directly in <Select> will not update. Move it into a tracking scope (JSX, a memo, or an effect's compute function).

[WebServer] 7:58:30 PM [vite] (client) [console.warn] [STRICT_READ_UNTRACKED] Reactive value read directly in <Select> will not update. Move it into a tracking scope (JSX, a memo, or an effect's compute function).

[WebServer] 7:58:30 PM [vite] (client) [console.warn] [STRICT_READ_UNTRACKED] Reactive value read directly in <Form> will not update. Move it into a tracking scope (JSX, a memo, or an effect's compute function).

[WebServer] 7:58:30 PM [vite] (client) [console.warn] [STRICT_READ_UNTRACKED] Reactive value read directly in <Input> will not update. Move it into a tracking scope (JSX, a memo, or an effect's compute function).

[WebServer] 7:58:30 PM [vite] (client) [console.warn] [STRICT_READ_UNTRACKED] Reactive value read directly in <Select> will not update. Move it into a tracking scope (JSX, a memo, or an effect's compute function).

[WebServer] 7:58:30 PM [vite] (client) [console.warn] [STRICT_READ_UNTRACKED] Reactive value read directly in <Select> will not update. Move it into a tracking scope (JSX, a memo, or an effect's compute function).

[WebServer] 7:58:30 PM [vite] (client) [console.warn] [STRICT_READ_UNTRACKED] Reactive value read directly in <Select> will not update. Move it into a tracking scope (JSX, a memo, or an effect's compute function).

[WebServer] 7:58:30 PM [vite] (client) [console.warn] [STRICT_READ_UNTRACKED] Reactive value read directly in <Select> will not update. Move it into a tracking scope (JSX, a memo, or an effect's compute function).

[WebServer] 7:58:30 PM [vite] (client) [console.warn] [STRICT_READ_UNTRACKED] Reactive value read directly in <Select> will not update. Move it into a tracking scope (JSX, a memo, or an effect's compute function).

[WebServer] 7:58:30 PM [vite] (client) [console.warn] [STRICT_READ_UNTRACKED] Reactive value read directly in an effect callback will not update. Move it into a tracking scope (JSX, a memo, or an effect's compute function).

[WebServer] 7:58:30 PM [vite] (client) [console.warn] [STRICT_READ_UNTRACKED] Reactive value read directly in an effect callback will not update. Move it into a tracking scope (JSX, a memo, or an effect's compute function).
[WebServer] 7:58:30 PM [vite] (client) [console.warn] [STRICT_READ_UNTRACKED] Reactive value read directly in an effect callback will not update. Move it into a tracking scope (JSX, a memo, or an effect's compute function).

[WebServer] 7:58:30 PM [vite] (client) [console.warn] [STRICT_READ_UNTRACKED] Reactive value read directly in <Form> will not update. Move it into a tracking scope (JSX, a memo, or an effect's compute function).

[WebServer] 7:58:30 PM [vite] (client) [console.warn] [STRICT_READ_UNTRACKED] Reactive value read directly in <FormItem> will not update. Move it into a tracking scope (JSX, a memo, or an effect's compute function).

[WebServer] 7:58:30 PM [vite] (client) [console.warn] [STRICT_READ_UNTRACKED] Reactive value read directly in <FormItem> will not update. Move it into a tracking scope (JSX, a memo, or an effect's compute function).

[WebServer] 7:58:30 PM [vite] (client) [console.warn] [STRICT_READ_UNTRACKED] Reactive value read directly in <FormItem> will not update. Move it into a tracking scope (JSX, a memo, or an effect's compute function).

[WebServer] 7:58:30 PM [vite] (client) [console.warn] [STRICT_READ_UNTRACKED] Reactive value read directly in <FormItem> will not update. Move it into a tracking scope (JSX, a memo, or an effect's compute function).

[WebServer] 7:58:30 PM [vite] (client) [console.warn] [STRICT_READ_UNTRACKED] Reactive value read directly in <Input> will not update. Move it into a tracking scope (JSX, a memo, or an effect's compute function).

[WebServer] 7:58:30 PM [vite] (client) [console.warn] [STRICT_READ_UNTRACKED] Reactive value read directly in <FormList> will not update. Move it into a tracking scope (JSX, a memo, or an effect's compute function).

[WebServer] 7:58:30 PM [vite] (client) [console.warn] [STRICT_READ_UNTRACKED] Reactive value read directly in <FormList> will not update. Move it into a tracking scope (JSX, a memo, or an effect's compute function).

[WebServer] 7:58:30 PM [vite] (client) [console.warn] [STRICT_READ_UNTRACKED] Reactive value read directly in <FormList> will not update. Move it into a tracking scope (JSX, a memo, or an effect's compute function).

[WebServer] 7:58:30 PM [vite] (client) [console.warn] [STRICT_READ_UNTRACKED] Reactive value read directly in <FormItem> will not update. Move it into a tracking scope (JSX, a memo, or an effect's compute function).

[WebServer] 7:58:30 PM [vite] (client) [console.warn] [STRICT_READ_UNTRACKED] Reactive value read directly in <FormItem> will not update. Move it into a tracking scope (JSX, a memo, or an effect's compute function).

[WebServer] 7:58:30 PM [vite] (client) [console.warn] [STRICT_READ_UNTRACKED] Reactive value read directly in <FormItem> will not update. Move it into a tracking scope (JSX, a memo, or an effect's compute function).

[WebServer] 7:58:30 PM [vite] (client) [console.warn] [STRICT_READ_UNTRACKED] Reactive value read directly in <FormItem> will not update. Move it into a tracking scope (JSX, a memo, or an effect's compute function).

[WebServer] 7:58:30 PM [vite] (client) [console.warn] [STRICT_READ_UNTRACKED] Reactive value read directly in <Input> will not update. Move it into a tracking scope (JSX, a memo, or an effect's compute function).

[WebServer] 7:58:30 PM [vite] (client) [console.warn] [STRICT_READ_UNTRACKED] Reactive value read directly in <Form> will not update. Move it into a tracking scope (JSX, a memo, or an effect's compute function).

[WebServer] 7:58:30 PM [vite] (client) [console.warn] [STRICT_READ_UNTRACKED] Reactive value read directly in <Input> will not update. Move it into a tracking scope (JSX, a memo, or an effect's compute function).

[WebServer] 7:58:30 PM [vite] (client) [console.warn] [STRICT_READ_UNTRACKED] Reactive value read directly in <Form> will not update. Move it into a tracking scope (JSX, a memo, or an effect's compute function).

[WebServer] 7:58:30 PM [vite] (client) [console.warn] [STRICT_READ_UNTRACKED] Reactive value read directly in <Input> will not update. Move it into a tracking scope (JSX, a memo, or an effect's compute function).

[WebServer] 7:58:30 PM [vite] (client) [console.warn] [STRICT_READ_UNTRACKED] Reactive value read directly in <Input> will not update. Move it into a tracking scope (JSX, a memo, or an effect's compute function).

[WebServer] 7:58:30 PM [vite] (client) [console.warn] [STRICT_READ_UNTRACKED] Reactive value read directly in <Form> will not update. Move it into a tracking scope (JSX, a memo, or an effect's compute function).

[WebServer] 7:58:30 PM [vite] (client) [console.warn] [STRICT_READ_UNTRACKED] Reactive value read directly in <Input> will not update. Move it into a tracking scope (JSX, a memo, or an effect's compute function).
[WebServer] 7:58:30 PM [vite] (client) [console.warn] [STRICT_READ_UNTRACKED] Reactive value read directly in <Form> will not update. Move it into a tracking scope (JSX, a memo, or an effect's compute function).

[WebServer] 7:58:30 PM [vite] (client) [console.warn] [STRICT_READ_UNTRACKED] Reactive value read directly in <Input> will not update. Move it into a tracking scope (JSX, a memo, or an effect's compute function).

[WebServer] 7:58:30 PM [vite] (client) [console.warn] [STRICT_READ_UNTRACKED] Reactive value read directly in <Input> will not update. Move it into a tracking scope (JSX, a memo, or an effect's compute function).

[WebServer] 7:58:30 PM [vite] (client) [console.warn] [STRICT_READ_UNTRACKED] Reactive value read directly in <Input> will not update. Move it into a tracking scope (JSX, a memo, or an effect's compute function).

[WebServer] 7:58:30 PM [vite] (client) [console.warn] [STRICT_READ_UNTRACKED] Reactive value read directly in <Input> will not update. Move it into a tracking scope (JSX, a memo, or an effect's compute function).

[WebServer] 7:58:30 PM [vite] (client) [console.warn] [STRICT_READ_UNTRACKED] Reactive value read directly in <Tooltip> will not update. Move it into a tracking scope (JSX, a memo, or an effect's compute function).

[WebServer] 7:58:30 PM [vite] (client) [console.warn] [STRICT_READ_UNTRACKED] Reactive value read directly in <Tooltip> will not update. Move it into a tracking scope (JSX, a memo, or an effect's compute function).

[WebServer] 7:58:30 PM [vite] (client) [console.warn] [STRICT_READ_UNTRACKED] Reactive value read directly in <Tooltip> will not update. Move it into a tracking scope (JSX, a memo, or an effect's compute function).

[WebServer] 7:58:30 PM [vite] (client) [console.warn] [STRICT_READ_UNTRACKED] Reactive value read directly in <Tooltip> will not update. Move it into a tracking scope (JSX, a memo, or an effect's compute function).

[WebServer] 7:58:30 PM [vite] (client) [console.warn] [STRICT_READ_UNTRACKED] Reactive value read directly in <Input> will not update. Move it into a tracking scope (JSX, a memo, or an effect's compute function).

[WebServer] 7:58:30 PM [vite] (client) [console.warn] [STRICT_READ_UNTRACKED] Reactive value read directly in an effect callback will not update. Move it into a tracking scope (JSX, a memo, or an effect's compute function).

[WebServer] 7:58:30 PM [vite] (client) [console.warn] [STRICT_READ_UNTRACKED] Reactive value read directly in <Form> will not update. Move it into a tracking scope (JSX, a memo, or an effect's compute function).

[WebServer] 7:58:30 PM [vite] (client) [console.warn] [STRICT_READ_UNTRACKED] Reactive value read directly in <Select> will not update. Move it into a tracking scope (JSX, a memo, or an effect's compute function).

[WebServer] 7:58:30 PM [vite] (client) [console.warn] [STRICT_READ_UNTRACKED] Reactive value read directly in <Select> will not update. Move it into a tracking scope (JSX, a memo, or an effect's compute function).

[WebServer] 7:58:30 PM [vite] (client) [console.warn] [STRICT_READ_UNTRACKED] Reactive value read directly in <Select> will not update. Move it into a tracking scope (JSX, a memo, or an effect's compute function).

[WebServer] 7:58:30 PM [vite] (client) [console.warn] [STRICT_READ_UNTRACKED] Reactive value read directly in <Select> will not update. Move it into a tracking scope (JSX, a memo, or an effect's compute function).

[WebServer] 7:58:30 PM [vite] (client) [console.warn] [STRICT_READ_UNTRACKED] Reactive value read directly in <Select> will not update. Move it into a tracking scope (JSX, a memo, or an effect's compute function).
[WebServer] 7:58:30 PM [vite] (client) [console.warn] [STRICT_READ_UNTRACKED] Reactive value read directly in <Input> will not update. Move it into a tracking scope (JSX, a memo, or an effect's compute function).

[WebServer] 7:58:30 PM [vite] (client) [console.warn] [STRICT_READ_UNTRACKED] Reactive value read directly in <Input> will not update. Move it into a tracking scope (JSX, a memo, or an effect's compute function).

[WebServer] 7:58:30 PM [vite] (client) [console.warn] [STRICT_READ_UNTRACKED] Reactive value read directly in an effect callback will not update. Move it into a tracking scope (JSX, a memo, or an effect's compute function).
[WebServer] 7:58:30 PM [vite] (client) [console.warn] [STRICT_READ_UNTRACKED] Reactive value read directly in <Form> will not update. Move it into a tracking scope (JSX, a memo, or an effect's compute function).

[WebServer] 7:58:30 PM [vite] (client) [console.warn] [STRICT_READ_UNTRACKED] Reactive value read directly in <Input> will not update. Move it into a tracking scope (JSX, a memo, or an effect's compute function).

[WebServer] 7:58:30 PM [vite] (client) [console.warn] [STRICT_READ_UNTRACKED] Reactive value read directly in <Input> will not update. Move it into a tracking scope (JSX, a memo, or an effect's compute function).

[WebServer] 7:58:30 PM [vite] (client) [console.warn] [STRICT_READ_UNTRACKED] Reactive value read directly in <Form> will not update. Move it into a tracking scope (JSX, a memo, or an effect's compute function).

[WebServer] 7:58:30 PM [vite] (client) [console.warn] [STRICT_READ_UNTRACKED] Reactive value read directly in <Select> will not update. Move it into a tracking scope (JSX, a memo, or an effect's compute function).

[WebServer] 7:58:30 PM [vite] (client) [console.warn] [STRICT_READ_UNTRACKED] Reactive value read directly in <Select> will not update. Move it into a tracking scope (JSX, a memo, or an effect's compute function).

[WebServer] 7:58:30 PM [vite] (client) [console.warn] [STRICT_READ_UNTRACKED] Reactive value read directly in <Select> will not update. Move it into a tracking scope (JSX, a memo, or an effect's compute function).

[WebServer] 7:58:30 PM [vite] (client) [console.warn] [STRICT_READ_UNTRACKED] Reactive value read directly in <Select> will not update. Move it into a tracking scope (JSX, a memo, or an effect's compute function).

[WebServer] 7:58:30 PM [vite] (client) [console.warn] [STRICT_READ_UNTRACKED] Reactive value read directly in <Select> will not update. Move it into a tracking scope (JSX, a memo, or an effect's compute function).

[WebServer] 7:58:30 PM [vite] (client) [console.warn] [STRICT_READ_UNTRACKED] Reactive value read directly in an effect callback will not update. Move it into a tracking scope (JSX, a memo, or an effect's compute function).

[WebServer] 7:58:30 PM [vite] (client) [console.warn] [STRICT_READ_UNTRACKED] Reactive value read directly in <Form> will not update. Move it into a tracking scope (JSX, a memo, or an effect's compute function).

[WebServer] 7:58:30 PM [vite] (client) [console.warn] [STRICT_READ_UNTRACKED] Reactive value read directly in <Input> will not update. Move it into a tracking scope (JSX, a memo, or an effect's compute function).

[WebServer] 7:58:30 PM [vite] (client) [console.warn] [STRICT_READ_UNTRACKED] Reactive value read directly in <Input> will not update. Move it into a tracking scope (JSX, a memo, or an effect's compute function).

[WebServer] 7:58:30 PM [vite] (client) [console.warn] [STRICT_READ_UNTRACKED] Reactive value read directly in <Form> will not update. Move it into a tracking scope (JSX, a memo, or an effect's compute function).

[WebServer] 7:58:30 PM [vite] (client) [console.warn] [STRICT_READ_UNTRACKED] Reactive value read directly in <Upload> will not update. Move it into a tracking scope (JSX, a memo, or an effect's compute function).

[WebServer] 7:58:30 PM [vite] (client) [console.warn] [STRICT_READ_UNTRACKED] Reactive value read directly in <Form> will not update. Move it into a tracking scope (JSX, a memo, or an effect's compute function).

[WebServer] 7:58:30 PM [vite] (client) [console.warn] [STRICT_READ_UNTRACKED] Reactive value read directly in <DatePicker> will not update. Move it into a tracking scope (JSX, a memo, or an effect's compute function).

[WebServer] 7:58:30 PM [vite] (client) [console.warn] [STRICT_READ_UNTRACKED] Reactive value read directly in <DatePicker> will not update. Move it into a tracking scope (JSX, a memo, or an effect's compute function).

[WebServer] 7:58:30 PM [vite] (client) [console.warn] [STRICT_READ_UNTRACKED] Reactive value read directly in <DatePicker> will not update. Move it into a tracking scope (JSX, a memo, or an effect's compute function).

[WebServer] 7:58:30 PM [vite] (client) [console.warn] [STRICT_READ_UNTRACKED] Reactive value read directly in <DatePicker> will not update. Move it into a tracking scope (JSX, a memo, or an effect's compute function).

[WebServer] 7:58:30 PM [vite] (client) [console.warn] [STRICT_READ_UNTRACKED] Reactive value read directly in <DatePicker> will not update. Move it into a tracking scope (JSX, a memo, or an effect's compute function).

[WebServer] 7:58:30 PM [vite] (client) [console.warn] [STRICT_READ_UNTRACKED] Reactive value read directly in <TimePicker> will not update. Move it into a tracking scope (JSX, a memo, or an effect's compute function).

[WebServer] 7:58:30 PM [vite] (client) [console.warn] [STRICT_READ_UNTRACKED] Reactive value read directly in <TimePicker> will not update. Move it into a tracking scope (JSX, a memo, or an effect's compute function).
[WebServer] 7:58:30 PM [vite] (client) [console.warn] [STRICT_READ_UNTRACKED] Reactive value read directly in <TimePicker> will not update. Move it into a tracking scope (JSX, a memo, or an effect's compute function).

[WebServer] 7:58:30 PM [vite] (client) [console.warn] [STRICT_READ_UNTRACKED] Reactive value read directly in <TimePicker> will not update. Move it into a tracking scope (JSX, a memo, or an effect's compute function).

[WebServer] 7:58:30 PM [vite] (client) [console.warn] [STRICT_READ_UNTRACKED] Reactive value read directly in an effect callback will not update. Move it into a tracking scope (JSX, a memo, or an effect's compute function).

[WebServer] 7:58:30 PM [vite] (client) [console.warn] [STRICT_READ_UNTRACKED] Reactive value read directly in an effect callback will not update. Move it into a tracking scope (JSX, a memo, or an effect's compute function).

[10/23] [docs] › browser/Form/presentation.spec.ts:23:1 › [form.browser.feedback-affixes] aligns status icons with clear and count
[11/23] [docs] › browser/Form/presentation.spec.ts:47:1 › [form.browser.layouts] compares multi-field layouts and unique labels
[12/23] [docs] › browser/Form/presentation.spec.ts:74:1 › [form.browser.nested-list] adds and removes both levels and recovers from empty
[13/23] [docs] › browser/Form/presentation.spec.ts:96:1 › [form.browser.complex-list] edits nested purchase details and resets
[14/23] [docs] › browser/Form/presentation.spec.ts:115:1 › [form.browser.list-order] refreshes row labels after a move
[15/23] [docs] › browser/Form/presentation.spec.ts:124:1 › [form.browser.mobile] keeps form demos within the viewport
[16/23] [docs] › browser/Form/presentation.spec.ts:139:1 › [form.browser.register] completes matching-password validation
(node:69431) Warning: The 'NO_COLOR' env is ignored due to the 'FORCE_COLOR' env being set.
(Use `node --trace-warnings ...` to show where the warning was created)


[17/23] [example] › browser/Form/interactions.spec.ts:16:1 › [form.browser.basic] submits and resets a required field
(node:69457) Warning: The 'NO_COLOR' env is ignored due to the 'FORCE_COLOR' env being set.
(Use `node --trace-warnings ...` to show where the warning was created)


[18/23] [example] › browser/Form/interactions.spec.ts:39:1 › [form.browser.validation] reports synchronous and asynchronous validation errors
[19/23] [example] › browser/Form/interactions.spec.ts:52:1 › [form.browser.list] adds and removes rows while retaining list values
[20/23] [example] › browser/Form/interactions.spec.ts:71:1 › [form.browser.custom] custom composed control updates the form store
[21/23] [example] › browser/Form/interactions.spec.ts:81:1 › [form.browser.nested] keeps nested NamePath and inner form submission independent
[22/23] [example] › browser/Form/interactions.spec.ts:95:1 › [form.browser.ssr] exposes Form API and example source in static HTML
[23/23] [example] › browser/Form/interactions.spec.ts:107:1 › [form.browser.layout] renders label association and error styling
  4 skipped
  19 passed (15.8s)
