
 RUN  v4.1.10 /Users/zhangchen327/code/github/pk111and222/solid-upthrust/packages/testing

stderr | render/Button/props.test.tsx
You appear to have multiple instances of Solid. This can lead to unexpected behavior.

stderr | render/Form/contracts.test.tsx
You appear to have multiple instances of Solid. This can lead to unexpected behavior.

stderr | render/Button/activation.test.tsx
You appear to have multiple instances of Solid. This can lead to unexpected behavior.

···················································stderr | render/Form/contracts.test.tsx > [form.render.field] injects value, id, status and reset through Form.Item
[STRICT_READ_UNTRACKED] Reactive value read directly in <[solid-refresh]Input> will not update. Move it into a tracking scope (JSX, a memo, or an effect's compute function).

stderr | render/Form/contracts.test.tsx > [form.render.list] list rows write nested values and operations preserve submitted shape
[STRICT_READ_UNTRACKED] Reactive value read directly in an effect callback will not update. Move it into a tracking scope (JSX, a memo, or an effect's compute function).
[STRICT_READ_UNTRACKED] Reactive value read directly in an effect callback will not update. Move it into a tracking scope (JSX, a memo, or an effect's compute function).
[STRICT_READ_UNTRACKED] Reactive value read directly in <[solid-refresh]FormItem> will not update. Move it into a tracking scope (JSX, a memo, or an effect's compute function).
[STRICT_READ_UNTRACKED] Reactive value read directly in <[solid-refresh]FormItem> will not update. Move it into a tracking scope (JSX, a memo, or an effect's compute function).
[STRICT_READ_UNTRACKED] Reactive value read directly in <[solid-refresh]FormItem> will not update. Move it into a tracking scope (JSX, a memo, or an effect's compute function).
[STRICT_READ_UNTRACKED] Reactive value read directly in <[solid-refresh]FormItem> will not update. Move it into a tracking scope (JSX, a memo, or an effect's compute function).
[STRICT_READ_UNTRACKED] Reactive value read directly in <[solid-refresh]Input> will not update. Move it into a tracking scope (JSX, a memo, or an effect's compute function).
[STRICT_READ_UNTRACKED] Reactive value read directly in <[solid-refresh]FormItem> will not update. Move it into a tracking scope (JSX, a memo, or an effect's compute function).
[STRICT_READ_UNTRACKED] Reactive value read directly in <[solid-refresh]FormItem> will not update. Move it into a tracking scope (JSX, a memo, or an effect's compute function).
[STRICT_READ_UNTRACKED] Reactive value read directly in <[solid-refresh]FormItem> will not update. Move it into a tracking scope (JSX, a memo, or an effect's compute function).
[STRICT_READ_UNTRACKED] Reactive value read directly in <[solid-refresh]FormItem> will not update. Move it into a tracking scope (JSX, a memo, or an effect's compute function).
[STRICT_READ_UNTRACKED] Reactive value read directly in <[solid-refresh]Input> will not update. Move it into a tracking scope (JSX, a memo, or an effect's compute function).

stderr | render/Form/contracts.test.tsx > [form.render.list] surviving rows keep their DOM identity after removal
[STRICT_READ_UNTRACKED] Reactive value read directly in <[solid-refresh]Form> will not update. Move it into a tracking scope (JSX, a memo, or an effect's compute function).
[STRICT_READ_UNTRACKED] Reactive value read directly in <[solid-refresh]FormItem> will not update. Move it into a tracking scope (JSX, a memo, or an effect's compute function).
[STRICT_READ_UNTRACKED] Reactive value read directly in <[solid-refresh]FormItem> will not update. Move it into a tracking scope (JSX, a memo, or an effect's compute function).
[STRICT_READ_UNTRACKED] Reactive value read directly in <[solid-refresh]FormItem> will not update. Move it into a tracking scope (JSX, a memo, or an effect's compute function).
[STRICT_READ_UNTRACKED] Reactive value read directly in <[solid-refresh]FormItem> will not update. Move it into a tracking scope (JSX, a memo, or an effect's compute function).
[STRICT_READ_UNTRACKED] Reactive value read directly in <[solid-refresh]Input> will not update. Move it into a tracking scope (JSX, a memo, or an effect's compute function).
[STRICT_READ_UNTRACKED] Reactive value read directly in <[solid-refresh]FormItem> will not update. Move it into a tracking scope (JSX, a memo, or an effect's compute function).
[STRICT_READ_UNTRACKED] Reactive value read directly in <[solid-refresh]FormItem> will not update. Move it into a tracking scope (JSX, a memo, or an effect's compute function).
[STRICT_READ_UNTRACKED] Reactive value read directly in <[solid-refresh]FormItem> will not update. Move it into a tracking scope (JSX, a memo, or an effect's compute function).
[STRICT_READ_UNTRACKED] Reactive value read directly in <[solid-refresh]FormItem> will not update. Move it into a tracking scope (JSX, a memo, or an effect's compute function).
[STRICT_READ_UNTRACKED] Reactive value read directly in <[solid-refresh]Input> will not update. Move it into a tracking scope (JSX, a memo, or an effect's compute function).

stderr | render/Form/contracts.test.tsx > [form.render.destroy] clearOnDestroy clears an externally owned form store
[STRICT_READ_UNTRACKED] Reactive value read directly in <[solid-refresh]Form> will not update. Move it into a tracking scope (JSX, a memo, or an effect's compute function).
[STRICT_READ_UNTRACKED] Reactive value read directly in <[solid-refresh]Input> will not update. Move it into a tracking scope (JSX, a memo, or an effect's compute function).

stderr | render/Form/contracts.test.tsx > [form.render.focus] retains the input node across typing and validation
[STRICT_READ_UNTRACKED] Reactive value read directly in <[solid-refresh]Form> will not update. Move it into a tracking scope (JSX, a memo, or an effect's compute function).
[STRICT_READ_UNTRACKED] Reactive value read directly in <[solid-refresh]Input> will not update. Move it into a tracking scope (JSX, a memo, or an effect's compute function).

stderr | render/Form/contracts.test.tsx > [form.render.accessor] does not treat a JSX accessor as a field renderer
[STRICT_READ_UNTRACKED] Reactive value read directly in <[solid-refresh]Form> will not update. Move it into a tracking scope (JSX, a memo, or an effect's compute function).

stderr | render/Form/contracts.test.tsx > [form.render.unique-id] isolates label associations across forms
[STRICT_READ_UNTRACKED] Reactive value read directly in <[solid-refresh]Form> will not update. Move it into a tracking scope (JSX, a memo, or an effect's compute function).
[STRICT_READ_UNTRACKED] Reactive value read directly in <[solid-refresh]Input> will not update. Move it into a tracking scope (JSX, a memo, or an effect's compute function).
[STRICT_READ_UNTRACKED] Reactive value read directly in <[solid-refresh]Form> will not update. Move it into a tracking scope (JSX, a memo, or an effect's compute function).
[STRICT_READ_UNTRACKED] Reactive value read directly in <[solid-refresh]Input> will not update. Move it into a tracking scope (JSX, a memo, or an effect's compute function).

stderr | render/Form/contracts.test.tsx > [form.render.feedback] renders one feedback slot beside clear and count
[STRICT_READ_UNTRACKED] Reactive value read directly in <[solid-refresh]Form> will not update. Move it into a tracking scope (JSX, a memo, or an effect's compute function).
[STRICT_READ_UNTRACKED] Reactive value read directly in <[solid-refresh]Input> will not update. Move it into a tracking scope (JSX, a memo, or an effect's compute function).

stderr | render/Form/contracts.test.tsx > [form.render.list-labels] updates row labels after moving without remounting
[STRICT_READ_UNTRACKED] Reactive value read directly in <[solid-refresh]Form> will not update. Move it into a tracking scope (JSX, a memo, or an effect's compute function).
[STRICT_READ_UNTRACKED] Reactive value read directly in <[solid-refresh]FormItem> will not update. Move it into a tracking scope (JSX, a memo, or an effect's compute function).
[STRICT_READ_UNTRACKED] Reactive value read directly in <[solid-refresh]FormItem> will not update. Move it into a tracking scope (JSX, a memo, or an effect's compute function).
[STRICT_READ_UNTRACKED] Reactive value read directly in <[solid-refresh]FormItem> will not update. Move it into a tracking scope (JSX, a memo, or an effect's compute function).
[STRICT_READ_UNTRACKED] Reactive value read directly in <[solid-refresh]FormItem> will not update. Move it into a tracking scope (JSX, a memo, or an effect's compute function).
[STRICT_READ_UNTRACKED] Reactive value read directly in <[solid-refresh]Input> will not update. Move it into a tracking scope (JSX, a memo, or an effect's compute function).
[STRICT_READ_UNTRACKED] Reactive value read directly in <[solid-refresh]FormItem> will not update. Move it into a tracking scope (JSX, a memo, or an effect's compute function).
[STRICT_READ_UNTRACKED] Reactive value read directly in <[solid-refresh]FormItem> will not update. Move it into a tracking scope (JSX, a memo, or an effect's compute function).
[STRICT_READ_UNTRACKED] Reactive value read directly in <[solid-refresh]FormItem> will not update. Move it into a tracking scope (JSX, a memo, or an effect's compute function).
[STRICT_READ_UNTRACKED] Reactive value read directly in <[solid-refresh]FormItem> will not update. Move it into a tracking scope (JSX, a memo, or an effect's compute function).
[STRICT_READ_UNTRACKED] Reactive value read directly in <[solid-refresh]Input> will not update. Move it into a tracking scope (JSX, a memo, or an effect's compute function).

stderr | render/Form/contracts.test.tsx > [form.render.container] respects the div container for an independent inner store
[STRICT_READ_UNTRACKED] Reactive value read directly in <[solid-refresh]Form> will not update. Move it into a tracking scope (JSX, a memo, or an effect's compute function).
[STRICT_READ_UNTRACKED] Reactive value read directly in <[solid-refresh]Form> will not update. Move it into a tracking scope (JSX, a memo, or an effect's compute function).
[STRICT_READ_UNTRACKED] Reactive value read directly in <[solid-refresh]Input> will not update. Move it into a tracking scope (JSX, a memo, or an effect's compute function).

stderr | render/Form/contracts.test.tsx > [form.render.reset-once] resets each field once per reset-button click
[STRICT_READ_UNTRACKED] Reactive value read directly in <[solid-refresh]Form> will not update. Move it into a tracking scope (JSX, a memo, or an effect's compute function).
[STRICT_READ_UNTRACKED] Reactive value read directly in <[solid-refresh]Input> will not update. Move it into a tracking scope (JSX, a memo, or an effect's compute function).

············

 Test Files  3 passed (3)
      Tests  63 passed (63)
   Start at  19:54:58
   Duration  733ms (transform 797ms, setup 0ms, import 1.07s, tests 97ms, environment 634ms)

