[WebServer] (node:98623) Warning: The 'NO_COLOR' env is ignored due to the 'FORCE_COLOR' env being set.
[WebServer] (Use `node --trace-warnings ...` to show where the warning was created)

[WebServer] (node:98647) Warning: The 'NO_COLOR' env is ignored due to the 'FORCE_COLOR' env being set.
[WebServer] (Use `node --trace-warnings ...` to show where the warning was created)

[WebServer] (node:98675) Warning: The 'NO_COLOR' env is ignored due to the 'FORCE_COLOR' env being set.
[WebServer] (Use `node --trace-warnings ...` to show where the warning was created)

[WebServer] (node:98785) Warning: The 'NO_COLOR' env is ignored due to the 'FORCE_COLOR' env being set.
[WebServer] (Use `node --trace-warnings ...` to show where the warning was created)

[WebServer] (node:98822) Warning: The 'NO_COLOR' env is ignored due to the 'FORCE_COLOR' env being set.
[WebServer] (Use `node --trace-warnings ...` to show where the warning was created)


Running 2 tests using 2 workers

(node:98895) Warning: The 'NO_COLOR' env is ignored due to the 'FORCE_COLOR' env being set.
(Use `node --trace-warnings ...` to show where the warning was created)


(node:98896) Warning: The 'NO_COLOR' env is ignored due to the 'FORCE_COLOR' env being set.
(Use `node --trace-warnings ...` to show where the warning was created)


[1/2] [docs] › browser/Form/presentation.spec.ts:102:1 › [form.browser.complex-list] edits nested purchase details and resets
[2/2] [docs] › browser/Form/presentation.spec.ts:163:1 › [form.browser.custom-list-alignment] aligns the remove action with its inputs
  1) [docs] › browser/Form/presentation.spec.ts:163:1 › [form.browser.custom-list-alignment] aligns the remove action with its inputs 

    Error: expect(received).toBeLessThan(expected)

    Expected: < 2
    Received:   16

      166 |   const input = (await area.getByRole('textbox', { name: '值', exact: true }).boundingBox())!
      167 |   const remove = (await area.getByRole('button', { name: '删除', exact: true }).boundingBox())!
    > 168 |   expect(Math.abs(remove.y - input.y)).toBeLessThan(2)
          |                                        ^
      169 | })
      170 |
        at /Users/zhangchen327/code/github/pk111and222/solid-upthrust/packages/testing/browser/Form/presentation.spec.ts:168:40

    Error Context: test-results/form/Form-presentation--form-br-37670-move-action-with-its-inputs-docs/error-context.md

    attachment #2: trace (application/zip) ─────────────────────────────────────────────────────────
    test-results/form/Form-presentation--form-br-37670-move-action-with-its-inputs-docs/trace.zip
    Usage:

        pnpm exec playwright show-trace test-results/form/Form-presentation--form-br-37670-move-action-with-its-inputs-docs/trace.zip

    ────────────────────────────────────────────────────────────────────────────────────────────────


  2) [docs] › browser/Form/presentation.spec.ts:102:1 › [form.browser.complex-list] edits nested purchase details and resets 

    Error: expect(received).toBeLessThan(expected)

    Expected: < 2
    Received:   16

      109 |   const itemInput = (await blocks.first().getByRole('textbox', { name: '物品名称' }).boundingBox())!
      110 |   const itemRemove = (await blocks.first().getByRole('button', { name: '删除明细' }).boundingBox())!
    > 111 |   expect(Math.abs(itemRemove.y - itemInput.y)).toBeLessThan(2)
          |                                                ^
      112 |   await blocks.nth(1).getByRole('textbox', { name: '标题', exact: false }).fill('设备')
      113 |   await blocks.nth(1).getByRole('button', { name: '新增明细' }).click()
      114 |   await blocks.nth(1).getByRole('textbox', { name: '物品名称' }).nth(1).fill('显示器')
        at /Users/zhangchen327/code/github/pk111and222/solid-upthrust/packages/testing/browser/Form/presentation.spec.ts:111:48

    Error Context: test-results/form/Form-presentation--form-br-260a4-purchase-details-and-resets-docs/error-context.md

    attachment #2: trace (application/zip) ─────────────────────────────────────────────────────────
    test-results/form/Form-presentation--form-br-260a4-purchase-details-and-resets-docs/trace.zip
    Usage:

        pnpm exec playwright show-trace test-results/form/Form-presentation--form-br-260a4-purchase-details-and-resets-docs/trace.zip

    ────────────────────────────────────────────────────────────────────────────────────────────────


  2 failed
    [docs] › browser/Form/presentation.spec.ts:102:1 › [form.browser.complex-list] edits nested purchase details and resets 
    [docs] › browser/Form/presentation.spec.ts:163:1 › [form.browser.custom-list-alignment] aligns the remove action with its inputs 
