$ pnpm --dir docs run build
$ node scripts/build.mjs
vite v8.2.1 building client environment for production...
[2Ktransforming...✓ 478 modules transformed.
rendering chunks...
computing gzip size...
dist/.vite/manifest.json                      89.15 kB │ gzip:  9.32 kB
dist/assets/entry-client-D4GMxac3.css        145.98 kB │ gzip: 21.80 kB
dist/assets/basic-B5CGyJj1.js                  0.12 kB │ gzip:  0.12 kB
dist/assets/empty-DY71AOzO.js                  0.16 kB │ gzip:  0.17 kB
dist/assets/width-BuAoh4Yl.js                  0.18 kB │ gzip:  0.17 kB
dist/assets/duration-J-wYatez.js               0.19 kB │ gzip:  0.19 kB
dist/assets/basic-DttDm4Mi.js                  0.19 kB │ gzip:  0.17 kB
dist/assets/data-ez8iftd6.js                   0.22 kB │ gzip:  0.16 kB
dist/assets/check-ttiZlpNl.js                  0.22 kB │ gzip:  0.18 kB
dist/assets/basic-C4xyWVte.js                  0.24 kB │ gzip:  0.21 kB
dist/assets/style-Cjcd5jm_.js                  0.26 kB │ gzip:  0.22 kB
dist/assets/clearableArrow-Br5jYDKH.js         0.28 kB │ gzip:  0.22 kB
dist/assets/Portal-BzNTuuu5.js                 0.29 kB │ gzip:  0.20 kB
dist/assets/search-Ds3AhH_t.js                 0.32 kB │ gzip:  0.27 kB
dist/assets/basic-LSee3HqO.js                  0.34 kB │ gzip:  0.25 kB
dist/assets/page-size-BPnFqm5v.js              0.34 kB │ gzip:  0.28 kB
dist/assets/avatar-CGmc6zNi.js                 0.35 kB │ gzip:  0.26 kB
dist/assets/block-DDGW1jmR.js                  0.35 kB │ gzip:  0.29 kB
dist/assets/disabled-CvgBHIIT.js               0.36 kB │ gzip:  0.28 kB
dist/assets/strict-D96hvqhX.js                 0.36 kB │ gzip:  0.27 kB
dist/assets/composition-CSO5HxgC.js            0.37 kB │ gzip:  0.27 kB
dist/assets/search-C7dZsZ0B.js                 0.37 kB │ gzip:  0.30 kB
dist/assets/style-DmgmlnNM.js                  0.37 kB │ gzip:  0.28 kB
dist/assets/icons-Bv_JEdLg.js                  0.37 kB │ gzip:  0.29 kB
dist/assets/controlled-IDmgzK6i.js             0.39 kB │ gzip:  0.32 kB
dist/assets/jumper-254aqYLn.js                 0.39 kB │ gzip:  0.32 kB
dist/assets/basic-CnNBRLSn.js                  0.40 kB │ gzip:  0.31 kB
dist/assets/appearance-DE4wYJOP.js             0.41 kB │ gzip:  0.28 kB
dist/assets/active-BrvQ1St-.js                 0.41 kB │ gzip:  0.32 kB
dist/assets/input-B-S2wWyi.js                  0.41 kB │ gzip:  0.29 kB
dist/assets/button-DO5tomaT.js                 0.41 kB │ gzip:  0.33 kB
dist/assets/link-_ZdKF-72.js                   0.41 kB │ gzip:  0.33 kB
dist/assets/ghost-qhF_4Vyf.js                  0.42 kB │ gzip:  0.31 kB
dist/assets/fragment-2OgK74dc.js               0.42 kB │ gzip:  0.31 kB
dist/assets/spin-CcR7IVnA.js                   0.43 kB │ gzip:  0.34 kB
dist/assets/icon-C5992MHZ.js                   0.43 kB │ gzip:  0.31 kB
dist/assets/disabled-0c6qX2iz.js               0.43 kB │ gzip:  0.34 kB
dist/assets/disabled-BJeyTtsF.js               0.43 kB │ gzip:  0.31 kB
dist/assets/children-D0JQMDFM.js               0.44 kB │ gzip:  0.33 kB
dist/assets/variants-CZRFv3bE.js               0.45 kB │ gzip:  0.35 kB
dist/assets/controlled-CFG2QHPV.js             0.46 kB │ gzip:  0.34 kB
dist/assets/avatar-part-Ctjna91U.js            0.46 kB │ gzip:  0.29 kB
dist/assets/range-BvvBd0Gg.js                  0.46 kB │ gzip:  0.37 kB
dist/assets/status-CJrvzm6i.js                 0.46 kB │ gzip:  0.33 kB
dist/assets/basic-3qxrej7n.js                  0.46 kB │ gzip:  0.39 kB
dist/assets/range-O3BgI816.js                  0.47 kB │ gzip:  0.37 kB
dist/assets/constraints-BaXTvhXe.js            0.47 kB │ gzip:  0.34 kB
dist/assets/button-xROLtV46.js                 0.47 kB │ gzip:  0.31 kB
dist/assets/basic-Dmo5exPR.js                  0.48 kB │ gzip:  0.37 kB
dist/assets/rotate-FP7E-CKF.js                 0.48 kB │ gzip:  0.26 kB
dist/assets/password-controlled-CzikBH0k.js    0.48 kB │ gzip:  0.37 kB
dist/assets/basic-fLD5Q1XO.js                  0.49 kB │ gzip:  0.36 kB
dist/assets/custom-text-pxkhn9DF.js            0.49 kB │ gzip:  0.36 kB
dist/assets/size-nxoFgMLm.js                   0.49 kB │ gzip:  0.27 kB
dist/assets/manual-BnHJ1I4p.js                 0.49 kB │ gzip:  0.40 kB
dist/assets/virtual-9739ksyl.js                0.49 kB │ gzip:  0.44 kB
dist/assets/basic-DaS_ITZX.js                  0.50 kB │ gzip:  0.28 kB
dist/assets/disabled-eOLuUKyY.js               0.50 kB │ gzip:  0.30 kB
dist/assets/virtual-B8nappqt.js                0.51 kB │ gzip:  0.41 kB
dist/assets/inline-BkMEcOgE.js                 0.51 kB │ gzip:  0.42 kB
dist/assets/icon-CXqwuI4F.js                   0.51 kB │ gzip:  0.31 kB
dist/assets/disabled-C8Ri47UD.js               0.51 kB │ gzip:  0.35 kB
dist/assets/node-BwDum7M_.js                   0.51 kB │ gzip:  0.33 kB
dist/assets/basic-FdyvwRe1.js                  0.51 kB │ gzip:  0.41 kB
dist/assets/tags-BM6QYoTO.js                   0.51 kB │ gzip:  0.41 kB
dist/assets/centered-Cj2pGzoV.js               0.52 kB │ gzip:  0.30 kB
dist/assets/search-loading-DkW_0Esa.js         0.52 kB │ gzip:  0.40 kB
dist/assets/dynamic-BYFktTyA.js                0.52 kB │ gzip:  0.38 kB
dist/assets/basic-2ypfNu7I.js                  0.52 kB │ gzip:  0.34 kB
dist/assets/loading-Y4RwT1Sa.js                0.52 kB │ gzip:  0.37 kB
dist/assets/variants-D6rosLUt.js               0.53 kB │ gzip:  0.36 kB
dist/assets/clear-N4ntMquc.js                  0.53 kB │ gzip:  0.41 kB
dist/assets/card-B1tbAkd3.js                   0.53 kB │ gzip:  0.30 kB
dist/assets/prefix-DdrLwnCx.js                 0.53 kB │ gzip:  0.41 kB
dist/assets/action-kG7ebdJy.js                 0.53 kB │ gzip:  0.39 kB
dist/assets/form-DKrbuaz2.js                   0.54 kB │ gzip:  0.35 kB
dist/assets/states-BJK9kxs-.js                 0.54 kB │ gzip:  0.42 kB
dist/assets/preset-groups-C1RGIM3B.js          0.54 kB │ gzip:  0.44 kB
dist/assets/ref-B16S87tr.js                    0.54 kB │ gzip:  0.39 kB
dist/assets/states-Bq_WTQLH.js                 0.54 kB │ gzip:  0.37 kB
dist/assets/slice-B0YwfWHx.js                  0.54 kB │ gzip:  0.36 kB
dist/assets/disabled-BtQyhRMA.js               0.54 kB │ gzip:  0.43 kB
dist/assets/affix-CRUt9wHI.js                  0.55 kB │ gzip:  0.40 kB
dist/assets/editable-NVYjUIja.js               0.55 kB │ gzip:  0.42 kB
dist/assets/native-BPOT74Of.js                 0.55 kB │ gzip:  0.41 kB
dist/assets/half-vwr4FUxQ.js                   0.55 kB │ gzip:  0.44 kB
dist/assets/textarea-ZgjY1Rd6.js               0.55 kB │ gzip:  0.41 kB
dist/assets/preserve-cgGE5gLj.js               0.55 kB │ gzip:  0.38 kB
dist/assets/appearance-CNFkBPL_.js             0.55 kB │ gzip:  0.36 kB
dist/assets/sizes-CGNLWPcU.js                  0.56 kB │ gzip:  0.33 kB
dist/assets/password-DXe50HFp.js               0.56 kB │ gzip:  0.38 kB
dist/assets/multiple-Do3tARD8.js               0.56 kB │ gzip:  0.42 kB
dist/assets/placement-DEyqFew5.js              0.56 kB │ gzip:  0.33 kB
dist/assets/presets-Badfv08Y.js                0.56 kB │ gzip:  0.45 kB
dist/assets/basic-2DRN4rKs.js                  0.57 kB │ gzip:  0.44 kB
dist/assets/search-DbPeR4BG.js                 0.57 kB │ gzip:  0.42 kB
dist/assets/watch-XZjTEwUG.js                  0.58 kB │ gzip:  0.39 kB
dist/assets/keyboard-stMqYM8v.js               0.58 kB │ gzip:  0.47 kB
dist/assets/search-Ds6HpBgN.js                 0.58 kB │ gzip:  0.40 kB
dist/assets/basic-Dscj6gyN.js                  0.59 kB │ gzip:  0.46 kB
dist/assets/placement-CmSROn0w.js              0.59 kB │ gzip:  0.35 kB
dist/assets/constraints-BSVr3Xpj.js            0.60 kB │ gzip:  0.46 kB
dist/assets/events-DRrKMyVy.js                 0.60 kB │ gzip:  0.42 kB
dist/assets/filter-DL3gJl_5.js                 0.60 kB │ gzip:  0.44 kB
dist/assets/remote-wHuURdbM.js                 0.60 kB │ gzip:  0.48 kB
dist/assets/fields-CgnwR8h5.js                 0.60 kB │ gzip:  0.42 kB
dist/assets/theme-BONxxICX.js                  0.60 kB │ gzip:  0.42 kB
dist/assets/label-value-B0yKbKeO.js            0.61 kB │ gzip:  0.42 kB
dist/assets/basic-Bo36knQ6.js                  0.61 kB │ gzip:  0.45 kB
dist/assets/size-DmzOSXvv.js                   0.61 kB │ gzip:  0.38 kB
dist/assets/autosize-BEvjlGxa.js               0.61 kB │ gzip:  0.44 kB
dist/assets/basic-CdzySRys.js                  0.61 kB │ gzip:  0.43 kB
dist/assets/theme-BfnFlids.js                  0.61 kB │ gzip:  0.43 kB
dist/assets/shift-CTpJCOun.js                  0.61 kB │ gzip:  0.47 kB
dist/assets/controlled-BjryoKTq.js             0.62 kB │ gzip:  0.38 kB
dist/assets/group-BEml4kC6.js                  0.62 kB │ gzip:  0.48 kB
dist/assets/grouped-Dr358QSR.js                0.62 kB │ gzip:  0.46 kB
dist/assets/basic-Do71uIWv.js                  0.62 kB │ gzip:  0.42 kB
dist/assets/filter-YsL3R_AV.js                 0.63 kB │ gzip:  0.43 kB
dist/assets/formats-BHo_rTfm.js                0.63 kB │ gzip:  0.46 kB
dist/assets/basic-DOPjGTU32.js                 0.63 kB │ gzip:  0.36 kB
dist/assets/basic-CAhZCHLv.js                  0.64 kB │ gzip:  0.37 kB
dist/assets/placement-C3zYVsjV.js              0.64 kB │ gzip:  0.41 kB
dist/assets/nested-CqB2UEa3.js                 0.64 kB │ gzip:  0.43 kB
dist/assets/basic-G2Vyy3pn.js                  0.64 kB │ gzip:  0.46 kB
dist/assets/context-Cgs95FLz.js                0.64 kB │ gzip:  0.43 kB
dist/assets/form-Ba03v48k.js                   0.64 kB │ gzip:  0.45 kB
dist/assets/states-COW6INM4.js                 0.64 kB │ gzip:  0.42 kB
dist/assets/actions-DQ4ltpnu.js                0.65 kB │ gzip:  0.48 kB
dist/assets/basic-Dm1XX5b2.js                  0.65 kB │ gzip:  0.48 kB
dist/assets/form-6U2RkZFE.js                   0.65 kB │ gzip:  0.46 kB
dist/assets/size-7svRccHz.js                   0.65 kB │ gzip:  0.44 kB
dist/assets/upload-MTSJe_Uq.js                 0.65 kB │ gzip:  0.46 kB
dist/assets/color-DTFl9rSF.js                  0.65 kB │ gzip:  0.29 kB
dist/assets/basic-Ctsczr35.js                  0.65 kB │ gzip:  0.49 kB
dist/assets/basic-J-pWt-KI.js                  0.65 kB │ gzip:  0.46 kB
dist/assets/checkable-4xuqYVhw.js              0.65 kB │ gzip:  0.47 kB
dist/assets/open-CjemPR4-.js                   0.66 kB │ gzip:  0.46 kB
dist/assets/buttons-CweuNtDE.js                0.66 kB │ gzip:  0.40 kB
dist/assets/controlled-B21tL_kf.js             0.66 kB │ gzip:  0.48 kB
dist/assets/modes-CJHYvjFI.js                  0.66 kB │ gzip:  0.41 kB
dist/assets/drag-DbU-wnRI.js                   0.66 kB │ gzip:  0.43 kB
dist/assets/form-Vw83VMJI.js                   0.67 kB │ gzip:  0.47 kB
dist/assets/normalize-z2m_pzPx.js              0.67 kB │ gzip:  0.50 kB
dist/assets/basic-CcEbxCYz.js                  0.67 kB │ gzip:  0.46 kB
dist/assets/remote-CvJtga89.js                 0.67 kB │ gzip:  0.54 kB
dist/assets/open-BuF28a9y.js                   0.67 kB │ gzip:  0.48 kB
dist/assets/variants-DQIHgDmP.js               0.67 kB │ gzip:  0.45 kB
dist/assets/open-DckFHcei.js                   0.68 kB │ gzip:  0.46 kB
dist/assets/time-presets-B2qB_fnf.js           0.68 kB │ gzip:  0.47 kB
dist/assets/dragger-BjxC6oYi.js                0.68 kB │ gzip:  0.51 kB
dist/assets/events-DpjQbYA6.js                 0.68 kB │ gzip:  0.50 kB
dist/assets/multiple-BooAUK1I.js               0.69 kB │ gzip:  0.51 kB
dist/assets/controlled-D0Br_V_c.js             0.69 kB │ gzip:  0.42 kB
dist/assets/disabled-BCiXui-1.js               0.69 kB │ gzip:  0.46 kB
dist/assets/form-Cwk4g9kS.js                   0.70 kB │ gzip:  0.49 kB
dist/assets/dynamic-XStPpVK_.js                0.70 kB │ gzip:  0.49 kB
dist/assets/form-cZdXXby5.js                   0.70 kB │ gzip:  0.49 kB
dist/assets/range-BnV35tEk.js                  0.71 kB │ gzip:  0.53 kB
dist/assets/trigger-BeNgNBbT.js                0.71 kB │ gzip:  0.52 kB
dist/assets/disabled-C5QuDfGO.js               0.71 kB │ gzip:  0.43 kB
dist/assets/variants-CzlcZIHV.js               0.71 kB │ gzip:  0.45 kB
dist/assets/basic-Bdi-nX2x.js                  0.72 kB │ gzip:  0.43 kB
dist/assets/context-menu-B9RRMs5V.js           0.72 kB │ gzip:  0.52 kB
dist/assets/form-DyicO4LO.js                   0.72 kB │ gzip:  0.51 kB
dist/assets/size-status-BO1_Y21H.js            0.72 kB │ gzip:  0.41 kB
dist/assets/messages-nmnXPx-_.js               0.72 kB │ gzip:  0.52 kB
dist/assets/search-D0IuJs49.js                 0.72 kB │ gzip:  0.49 kB
dist/assets/controlled-Ctb4BZ3R.js             0.72 kB │ gzip:  0.37 kB
dist/assets/validate-only-PDAXGBXm.js          0.72 kB │ gzip:  0.51 kB
dist/assets/controlled-BhyaJ84f.js             0.72 kB │ gzip:  0.52 kB
dist/assets/search-ByepjP8a.js                 0.72 kB │ gzip:  0.52 kB
dist/assets/date-time-DMnree8g.js              0.73 kB │ gzip:  0.48 kB
dist/assets/form-DEcgmW-W.js                   0.73 kB │ gzip:  0.53 kB
dist/assets/controlled-BI3rtsPZ.js             0.73 kB │ gzip:  0.54 kB
dist/assets/advanced-BVJGbGNH.js               0.74 kB │ gzip:  0.54 kB
dist/assets/basic-Ds1WWItk.js                  0.74 kB │ gzip:  0.53 kB
dist/assets/controlled-DLqrjiYu.js             0.74 kB │ gzip:  0.45 kB
dist/assets/login-KZs-GH9W.js                  0.74 kB │ gzip:  0.49 kB
dist/assets/size-CGyXkAHH.js                   0.76 kB │ gzip:  0.37 kB
dist/assets/destroy-inactive-Csy8vSJw.js       0.76 kB │ gzip:  0.55 kB
dist/assets/trigger-DSC_JIys.js                0.78 kB │ gzip:  0.44 kB
dist/assets/native-DoeO7YLj.js                 0.78 kB │ gzip:  0.59 kB
dist/assets/focus-CgxyYiSq.js                  0.78 kB │ gzip:  0.56 kB
dist/assets/disabled-delay-CNrI_Xnx.js         0.79 kB │ gzip:  0.49 kB
dist/assets/editable-MSp8I3_L.js               0.79 kB │ gzip:  0.58 kB
dist/assets/variants-CGt8JqC-.js               0.80 kB │ gzip:  0.42 kB
dist/assets/controlled-f42IzgYv.js             0.80 kB │ gzip:  0.53 kB
dist/assets/keyboard-DUoUkmlV.js               0.80 kB │ gzip:  0.58 kB
dist/assets/controlled-D4azKMx9.js             0.81 kB │ gzip:  0.58 kB
dist/assets/multiple-CQTy360V.js               0.81 kB │ gzip:  0.57 kB
dist/assets/conditional-B-2Zrl99.js            0.81 kB │ gzip:  0.42 kB
dist/assets/style-Dbjio-IT.js                  0.82 kB │ gzip:  0.46 kB
dist/assets/basic-BhJQ4Or3.js                  0.83 kB │ gzip:  0.58 kB
dist/assets/loading-DnqQQE16.js                0.83 kB │ gzip:  0.59 kB
dist/assets/context-BvM92nIL.js                0.84 kB │ gzip:  0.53 kB
dist/assets/directions-B54FE-Rl.js             0.85 kB │ gzip:  0.53 kB
dist/assets/basic-Cldr4fTa.js                  0.85 kB │ gzip:  0.54 kB
dist/assets/remote-zacypE63.js                 0.85 kB │ gzip:  0.65 kB
dist/assets/trigger-B9HPI0EY.js                0.86 kB │ gzip:  0.48 kB
dist/assets/context-Bk73QXGV.js                0.86 kB │ gzip:  0.56 kB
dist/assets/context-CWvOFlD8.js                0.86 kB │ gzip:  0.56 kB
dist/assets/strict-CBQoPwkl.js                 0.87 kB │ gzip:  0.54 kB
dist/assets/dependent-Cs46rUEW.js              0.87 kB │ gzip:  0.53 kB
dist/assets/marks-DaKk25Sn.js                  0.87 kB │ gzip:  0.55 kB
dist/assets/custom-buttons-DQW5zbc2.js         0.87 kB │ gzip:  0.55 kB
dist/assets/style-DRMNF83t.js                  0.88 kB │ gzip:  0.59 kB
dist/assets/context-B1YwX3vH.js                0.88 kB │ gzip:  0.56 kB
dist/assets/one-way-CPnsYPeb.js                0.88 kB │ gzip:  0.62 kB
dist/assets/basic-D0-GfewD.js                  0.89 kB │ gzip:  0.57 kB
dist/assets/container-BakeL5MM.js              0.90 kB │ gzip:  0.56 kB
dist/assets/form-BzgSadSD.js                   0.91 kB │ gzip:  0.60 kB
dist/assets/programmatic-CBTF8aCF.js           0.91 kB │ gzip:  0.60 kB
dist/assets/controlled-CN4P4Kai.js             0.91 kB │ gzip:  0.60 kB
dist/assets/list-move-yER85E6s.js              0.92 kB │ gzip:  0.59 kB
dist/assets/group-BlPxzMJd.js                  0.93 kB │ gzip:  0.59 kB
dist/assets/context-CoSqsZsA.js                0.95 kB │ gzip:  0.58 kB
dist/assets/picture-CyfA7NEw.js                0.95 kB │ gzip:  0.68 kB
dist/assets/container-DrkGzvvP.js              0.96 kB │ gzip:  0.58 kB
dist/assets/picture-card-pGuv1OKf.js           0.96 kB │ gzip:  0.55 kB
dist/assets/position-CSRpiMyG.js               0.96 kB │ gzip:  0.50 kB
dist/assets/ref-DXLtYzul.js                    0.97 kB │ gzip:  0.57 kB
dist/assets/click-pP1Kmlt8.js                  0.97 kB │ gzip:  0.62 kB
dist/assets/context-CkE3RE8t.js                0.98 kB │ gzip:  0.62 kB
dist/assets/custom-render-ygigJrXf.js          0.99 kB │ gzip:  0.66 kB
dist/assets/basic-DxRfdYKL.js                  0.99 kB │ gzip:  0.64 kB
dist/assets/style-Y1hfhosF.js                  1.00 kB │ gzip:  0.55 kB
dist/assets/controlled-CZ0aumjY.js             1.01 kB │ gzip:  0.65 kB
dist/assets/appearance-A8QjADEU.js             1.01 kB │ gzip:  0.64 kB
dist/assets/controlled-DQZdmz7T.js             1.01 kB │ gzip:  0.61 kB
dist/assets/register-CNp-wCUJ.js               1.02 kB │ gzip:  0.61 kB
dist/assets/context-_poYZKGu.js                1.02 kB │ gzip:  0.64 kB
dist/assets/dynamic-Cq72_ieK.js                1.05 kB │ gzip:  0.65 kB
dist/assets/dynamic-p3FZlw7h.js                1.05 kB │ gzip:  0.68 kB
dist/assets/format-BfzdzrE9.js                 1.05 kB │ gzip:  0.60 kB
dist/assets/sizes-BsZmnHnG.js                  1.05 kB │ gzip:  0.43 kB
dist/assets/native-fKRa75mQ.js                 1.06 kB │ gzip:  0.71 kB
dist/assets/search-CvEO928U.js                 1.06 kB │ gzip:  0.67 kB
dist/assets/nested-DB0nSBFW.js                 1.07 kB │ gzip:  0.61 kB
dist/assets/PickerSuffix-sybvj52R.js           1.08 kB │ gzip:  0.64 kB
dist/assets/precision-fiQ8RycR.js              1.08 kB │ gzip:  0.62 kB
dist/assets/confirmation-BJ5XZUrW.js           1.08 kB │ gzip:  0.68 kB
dist/assets/constraints-BVvdtQR-.js            1.10 kB │ gzip:  0.76 kB
dist/assets/feedback-LVGHr7pM.js               1.11 kB │ gzip:  0.62 kB
dist/assets/scroll-B0seYIKg.js                 1.11 kB │ gzip:  0.70 kB
dist/assets/theme-DgZWFr2J.js                  1.12 kB │ gzip:  0.68 kB
dist/assets/list-Kfcp202E.js                   1.18 kB │ gzip:  0.75 kB
dist/assets/variants-DDSNLVBg.js               1.22 kB │ gzip:  0.52 kB
dist/assets/Icon-jBRBN2kn.js                   1.24 kB │ gzip:  0.69 kB
dist/assets/context-B0_oPpRH.js                1.25 kB │ gzip:  0.70 kB
dist/assets/validation-DmzqAkdd.js             1.27 kB │ gzip:  0.82 kB
dist/assets/ConfigProvider-CZsYt9_u.js         1.30 kB │ gzip:  0.72 kB
dist/assets/context-nfAuKeZg.js                1.31 kB │ gzip:  0.73 kB
dist/assets/states-EUden_6F.js                 1.32 kB │ gzip:  0.70 kB
dist/assets/aliases-ref-NC8oavbV.js            1.32 kB │ gzip:  0.75 kB
dist/assets/disabled-BoM0RdFj.js               1.35 kB │ gzip:  0.74 kB
dist/assets/context-i2q7ppl4.js                1.39 kB │ gzip:  0.68 kB
dist/assets/lifecycle-CklDQfO8.js              1.42 kB │ gzip:  0.80 kB
dist/assets/controlled-CugzWiLd.js             1.43 kB │ gzip:  0.79 kB
dist/assets/custom-D8sKsDIf.js                 1.43 kB │ gzip:  0.89 kB
dist/assets/Flex-CgRg_dVv.js                   1.47 kB │ gzip:  0.64 kB
dist/assets/dynamic-4Hjmdztr.js                1.48 kB │ gzip:  0.75 kB
dist/assets/controls-CmIhUJty.js               1.51 kB │ gzip:  0.83 kB
dist/assets/custom-list--LwtwSI4.js            1.56 kB │ gzip:  0.86 kB
dist/assets/states-14Yt1htn.js                 1.86 kB │ gzip:  0.66 kB
dist/assets/_VirtualList-BqPrVAc0.js           2.09 kB │ gzip:  1.03 kB
dist/assets/selection-D-rllHzf.js              2.48 kB │ gzip:  1.10 kB
dist/assets/list-nested-DdVB3Bkm.js            2.58 kB │ gzip:  1.22 kB
dist/assets/Space-DGYy1MAH.js                  2.59 kB │ gzip:  1.02 kB
dist/assets/color-BKjaAcKI.js                  2.63 kB │ gzip:  1.25 kB
dist/assets/layout-xLqW9wtG.js                 2.78 kB │ gzip:  0.99 kB
dist/assets/list-complex-82k5-o2T.js           2.85 kB │ gzip:  1.29 kB
dist/assets/Popover-R5GkHuH7.js                3.29 kB │ gzip:  1.41 kB
dist/assets/Tooltip-DX6l3aty.js                3.32 kB │ gzip:  1.41 kB
dist/assets/styles-Dr6c71Bc.js                 4.15 kB │ gzip:  1.00 kB
dist/assets/Switch-OP-zQlh-.js                 4.44 kB │ gzip:  1.85 kB
dist/assets/Skeleton-Dmqtj9Io.js               4.55 kB │ gzip:  1.65 kB
dist/assets/styles-Owhw51KM.js                 4.81 kB │ gzip:  1.36 kB
dist/assets/Rate-Br4HN2Mv.js                   5.24 kB │ gzip:  2.17 kB
dist/assets/Dropdown-B7PjpyOY.js               5.88 kB │ gzip:  2.43 kB
dist/assets/trigger-D91mguzB.js                6.18 kB │ gzip:  2.37 kB
dist/assets/Checkbox-BxDfovh0.js               6.29 kB │ gzip:  2.38 kB
dist/assets/Segmented-ClEhX93O.js              6.57 kB │ gzip:  2.75 kB
dist/assets/Pagination-DMl8e-To.js             7.44 kB │ gzip:  2.75 kB
dist/assets/Button-BQa5kK2B.js                 7.73 kB │ gzip:  2.25 kB
dist/assets/Radio-CM1A2IgC.js                  7.97 kB │ gzip:  2.78 kB
dist/assets/InputNumber-wN6Sp8KN.js            8.61 kB │ gzip:  3.35 kB
dist/assets/Transfer-Du8KSsXc.js               8.88 kB │ gzip:  3.35 kB
dist/assets/AutoComplete-BntDk47B.js           9.21 kB │ gzip:  3.68 kB
dist/assets/Tabs-CxJDmTTC.js                   9.54 kB │ gzip:  3.58 kB
dist/assets/portal-9xAGRKgg.js                10.04 kB │ gzip:  4.00 kB
dist/assets/Mentions-DSt6HGc_.js              10.37 kB │ gzip:  4.24 kB
dist/assets/Slider-DRI5WqBh.js                10.85 kB │ gzip:  4.17 kB
dist/assets/Form-NyCnAt77.js                  11.16 kB │ gzip:  4.02 kB
dist/assets/TreeSelect-Dzmp2Gst.js            12.35 kB │ gzip:  4.20 kB
dist/assets/ColorPicker-QKnOhNkZ.js           12.73 kB │ gzip:  4.83 kB
dist/assets/Input-DYxrUcrQ.js                 13.36 kB │ gzip:  4.89 kB
dist/assets/Select-FOwK4-XF.js                15.12 kB │ gzip:  5.19 kB
dist/assets/TimePicker-Dl1kylad.js            17.17 kB │ gzip:  5.36 kB
dist/assets/Cascader-DiHLW4DM.js              20.88 kB │ gzip:  6.61 kB
dist/assets/Tree-CfRPkKEm.js                  22.06 kB │ gzip:  7.75 kB
dist/assets/Upload-C9uLfbUl.js                25.16 kB │ gzip:  7.89 kB
dist/assets/dist--_xTqYA2.js                  27.82 kB │ gzip:  8.98 kB
dist/assets/DatePicker-Bjz_LINd.js            37.97 kB │ gzip: 10.60 kB
dist/assets/web-BaPglX8e.js                   39.76 kB │ gzip: 15.43 kB
dist/assets/entry-client-N6Uju2w3.js          44.34 kB │ gzip:  9.87 kB
dist/assets/src-Bc_0yMPu.js                   46.18 kB │ gzip: 15.65 kB

✓ built in 1.02s
vite v8.2.1 building ssr environment for production...
[2Ktransforming...✓ 469 modules transformed.
rendering chunks...
computing gzip size...
.ssr/entry-server.js  824.72 kB │ gzip: 180.66 kB

✓ built in 186ms
Prerendered 36 documentation pages to docs/dist (base: /).
