[WebServer] (node:97221) Warning: The 'NO_COLOR' env is ignored due to the 'FORCE_COLOR' env being set.
[WebServer] (Use `node --trace-warnings ...` to show where the warning was created)

[WebServer] (node:97241) Warning: The 'NO_COLOR' env is ignored due to the 'FORCE_COLOR' env being set.
[WebServer] (Use `node --trace-warnings ...` to show where the warning was created)

[WebServer] (node:97272) Warning: The 'NO_COLOR' env is ignored due to the 'FORCE_COLOR' env being set.
[WebServer] (Use `node --trace-warnings ...` to show where the warning was created)

[WebServer] (node:97371) Warning: The 'NO_COLOR' env is ignored due to the 'FORCE_COLOR' env being set.
[WebServer] (Use `node --trace-warnings ...` to show where the warning was created)

[WebServer] (node:97402) Warning: The 'NO_COLOR' env is ignored due to the 'FORCE_COLOR' env being set.
[WebServer] (Use `node --trace-warnings ...` to show where the warning was created)


Running 1 test using 1 worker

(node:97492) Warning: The 'NO_COLOR' env is ignored due to the 'FORCE_COLOR' env being set.
(Use `node --trace-warnings ...` to show where the warning was created)


[1/1] [docs] › browser/Form/presentation.spec.ts:74:1 › [form.browser.nested-list] adds and removes both levels and recovers from empty
  1) [docs] › browser/Form/presentation.spec.ts:74:1 › [form.browser.nested-list] adds and removes both levels and recovers from empty 

    Error: expect(received).toBeLessThan(expected)

    Expected: < 2
    Received:   16

      84 |     const input = (await users.nth(1).getByRole('textbox', { name: '电话' }).nth(index).boundingBox())!
      85 |     const remove = (await users.nth(1).getByRole('button', { name: '删除电话' }).nth(index).boundingBox())!
    > 86 |     expect(Math.abs(remove.y - input.y)).toBeLessThan(2)
         |                                          ^
      87 |   }
      88 |   await users.nth(1).getByRole('textbox', { name: '电话' }).nth(1).fill('13900000000')
      89 |   await users.nth(1).getByRole('button', { name: '删除电话' }).first().click()
        at /Users/zhangchen327/code/github/pk111and222/solid-upthrust/packages/testing/browser/Form/presentation.spec.ts:86:42

    Error Context: test-results/form/Form-presentation--form-br-a18cc-els-and-recovers-from-empty-docs/error-context.md

    attachment #2: trace (application/zip) ─────────────────────────────────────────────────────────
    test-results/form/Form-presentation--form-br-a18cc-els-and-recovers-from-empty-docs/trace.zip
    Usage:

        pnpm exec playwright show-trace test-results/form/Form-presentation--form-br-a18cc-els-and-recovers-from-empty-docs/trace.zip

    ────────────────────────────────────────────────────────────────────────────────────────────────


  1 failed
    [docs] › browser/Form/presentation.spec.ts:74:1 › [form.browser.nested-list] adds and removes both levels and recovers from empty 
