
 RUN  v4.1.10 /Users/zhangchen327/code/github/pk111and222/solid-upthrust/packages/testing

stderr | render/InputNumber/contracts.test.tsx
You appear to have multiple instances of Solid. This can lead to unexpected behavior.

stderr | render/Input/regression.test.tsx
You appear to have multiple instances of Solid. This can lead to unexpected behavior.

stderr | render/Input/contracts.test.tsx
You appear to have multiple instances of Solid. This can lead to unexpected behavior.

stderr | render/Form/contracts.test.tsx
You appear to have multiple instances of Solid. This can lead to unexpected behavior.

·······stderr | render/Input/regression.test.tsx > [input.clear.guard] custom clear respects {"defaultValue":""}
[STRICT_READ_UNTRACKED] Reactive value read directly in <[solid-refresh]Input> will not update. Move it into a tracking scope (JSX, a memo, or an effect's compute function).

stderr | render/Input/regression.test.tsx > [input.clear.guard] custom clear respects {"defaultValue":"x","disabled":true}
[STRICT_READ_UNTRACKED] Reactive value read directly in <[solid-refresh]Input> will not update. Move it into a tracking scope (JSX, a memo, or an effect's compute function).

stderr | render/Input/regression.test.tsx > [input.clear.guard] custom clear respects {"defaultValue":"x","readonly":true}
[STRICT_READ_UNTRACKED] Reactive value read directly in <[solid-refresh]Input> will not update. Move it into a tracking scope (JSX, a memo, or an effect's compute function).

stderr | render/Form/contracts.test.tsx > [form.render.field] injects value, id, status and reset through Form.Item
[NO_OWNER_CLEANUP] onCleanup called outside a reactive context will never be run
[STRICT_READ_UNTRACKED] Reactive value read directly in <[solid-refresh]Input> will not update. Move it into a tracking scope (JSX, a memo, or an effect's compute function).

stderr | render/Input/contracts.test.tsx > [input.appearance.small] size/status/affixes
[STRICT_READ_UNTRACKED] Reactive value read directly in <[solid-refresh]Input> will not update. Move it into a tracking scope (JSX, a memo, or an effect's compute function).

stderr | render/Input/regression.test.tsx > [input.ime.commit] commits once and forwards compositionEnd
[STRICT_READ_UNTRACKED] Reactive value read directly in <[solid-refresh]Input> will not update. Move it into a tracking scope (JSX, a memo, or an effect's compute function).

stderr | render/Input/contracts.test.tsx > [input.appearance.middle] size/status/affixes
[STRICT_READ_UNTRACKED] Reactive value read directly in <[solid-refresh]Input> will not update. Move it into a tracking scope (JSX, a memo, or an effect's compute function).

stderr | render/Input/contracts.test.tsx > [input.appearance.large] size/status/affixes
[STRICT_READ_UNTRACKED] Reactive value read directly in <[solid-refresh]Input> will not update. Move it into a tracking scope (JSX, a memo, or an effect's compute function).

stderr | render/Input/contracts.test.tsx > [input.affix.dynamic] stable focused input
[STRICT_READ_UNTRACKED] Reactive value read directly in <[solid-refresh]Input> will not update. Move it into a tracking scope (JSX, a memo, or an effect's compute function).

stderr | render/Input/regression.test.tsx > [input.search.clear] emits both change and clear search
[STRICT_READ_UNTRACKED] Reactive value read directly in <[solid-refresh]Input> will not update. Move it into a tracking scope (JSX, a memo, or an effect's compute function).

stderr | render/Form/contracts.test.tsx > [form.render.custom] render props support custom controls
[NO_OWNER_CLEANUP] onCleanup called outside a reactive context will never be run

stderr | render/Input/contracts.test.tsx > [input.clear.keyboard] custom icon and readonly
[STRICT_READ_UNTRACKED] Reactive value read directly in <[solid-refresh]Input> will not update. Move it into a tracking scope (JSX, a memo, or an effect's compute function).

stderr | render/Input/contracts.test.tsx > [input.count.formatter] custom and disabled count
[STRICT_READ_UNTRACKED] Reactive value read directly in <[solid-refresh]Input> will not update. Move it into a tracking scope (JSX, a memo, or an effect's compute function).

stderr | render/Form/contracts.test.tsx > [form.render.list] list rows write nested values and operations preserve submitted shape
[NO_OWNER_CLEANUP] onCleanup called outside a reactive context will never be run
[STRICT_READ_UNTRACKED] Reactive value read directly in an effect callback will not update. Move it into a tracking scope (JSX, a memo, or an effect's compute function).
[STRICT_READ_UNTRACKED] Reactive value read directly in an effect callback will not update. Move it into a tracking scope (JSX, a memo, or an effect's compute function).
[STRICT_READ_UNTRACKED] Reactive value read directly in <[solid-refresh]FormItem> will not update. Move it into a tracking scope (JSX, a memo, or an effect's compute function).
[STRICT_READ_UNTRACKED] Reactive value read directly in <[solid-refresh]Input> will not update. Move it into a tracking scope (JSX, a memo, or an effect's compute function).
[STRICT_READ_UNTRACKED] Reactive value read directly in <[solid-refresh]FormItem> will not update. Move it into a tracking scope (JSX, a memo, or an effect's compute function).
[STRICT_READ_UNTRACKED] Reactive value read directly in <[solid-refresh]Input> will not update. Move it into a tracking scope (JSX, a memo, or an effect's compute function).

stderr | render/Input/regression.test.tsx > [input.textarea.cleanup] removes autosize mirror
[STRICT_READ_UNTRACKED] Reactive value read directly in <[solid-refresh]TextArea> will not update. Move it into a tracking scope (JSX, a memo, or an effect's compute function).
[STRICT_READ_UNTRACKED] Reactive value read directly in an effect callback will not update. Move it into a tracking scope (JSX, a memo, or an effect's compute function).

stderr | render/Input/contracts.test.tsx > [input.context.precedence] reactive field injection and explicit override
[STRICT_READ_UNTRACKED] Reactive value read directly in <[solid-refresh]Input> will not update. Move it into a tracking scope (JSX, a memo, or an effect's compute function).
[STRICT_READ_UNTRACKED] Reactive value read directly in <[solid-refresh]Input> will not update. Move it into a tracking scope (JSX, a memo, or an effect's compute function).

stderr | render/Input/regression.test.tsx > [input.controlled.reject] restores the DOM value
[STRICT_READ_UNTRACKED] Reactive value read directly in <[solid-refresh]Input> will not update. Move it into a tracking scope (JSX, a memo, or an effect's compute function).

·······stderr | render/Form/contracts.test.tsx > [form.render.list] surviving rows keep their DOM identity after removal
[STRICT_READ_UNTRACKED] Reactive value read directly in <[solid-refresh]Form> will not update. Move it into a tracking scope (JSX, a memo, or an effect's compute function).
[NO_OWNER_CLEANUP] onCleanup called outside a reactive context will never be run
[STRICT_READ_UNTRACKED] Reactive value read directly in <[solid-refresh]FormItem> will not update. Move it into a tracking scope (JSX, a memo, or an effect's compute function).
[STRICT_READ_UNTRACKED] Reactive value read directly in <[solid-refresh]Input> will not update. Move it into a tracking scope (JSX, a memo, or an effect's compute function).
[STRICT_READ_UNTRACKED] Reactive value read directly in <[solid-refresh]FormItem> will not update. Move it into a tracking scope (JSX, a memo, or an effect's compute function).
[STRICT_READ_UNTRACKED] Reactive value read directly in <[solid-refresh]Input> will not update. Move it into a tracking scope (JSX, a memo, or an effect's compute function).

stderr | render/Form/contracts.test.tsx > [form.render.destroy] clearOnDestroy clears an externally owned form store
[STRICT_READ_UNTRACKED] Reactive value read directly in <[solid-refresh]Form> will not update. Move it into a tracking scope (JSX, a memo, or an effect's compute function).
[NO_OWNER_CLEANUP] onCleanup called outside a reactive context will never be run
[STRICT_READ_UNTRACKED] Reactive value read directly in <[solid-refresh]Input> will not update. Move it into a tracking scope (JSX, a memo, or an effect's compute function).

stderr | render/Input/contracts.test.tsx > [input.context.global] global disabled applies to actions
[STRICT_READ_UNTRACKED] Reactive value read directly in <[solid-refresh]Input> will not update. Move it into a tracking scope (JSX, a memo, or an effect's compute function).
[STRICT_READ_UNTRACKED] Reactive value read directly in <[solid-refresh]Input> will not update. Move it into a tracking scope (JSX, a memo, or an effect's compute function).
[STRICT_READ_UNTRACKED] Reactive value read directly in <[solid-refresh]Input> will not update. Move it into a tracking scope (JSX, a memo, or an effect's compute function).
[STRICT_READ_UNTRACKED] Reactive value read directly in <[solid-refresh]Input> will not update. Move it into a tracking scope (JSX, a memo, or an effect's compute function).

stderr | render/Form/contracts.test.tsx > [form.render.focus] retains the input node across typing and validation
[STRICT_READ_UNTRACKED] Reactive value read directly in <[solid-refresh]Form> will not update. Move it into a tracking scope (JSX, a memo, or an effect's compute function).
[NO_OWNER_CLEANUP] onCleanup called outside a reactive context will never be run
[STRICT_READ_UNTRACKED] Reactive value read directly in <[solid-refresh]Input> will not update. Move it into a tracking scope (JSX, a memo, or an effect's compute function).

stderr | render/Input/contracts.test.tsx > [input.password.toggle] click keyboard and toggle flag
[STRICT_READ_UNTRACKED] Reactive value read directly in <[solid-refresh]Input> will not update. Move it into a tracking scope (JSX, a memo, or an effect's compute function).
[STRICT_READ_UNTRACKED] Reactive value read directly in <[solid-refresh]Input> will not update. Move it into a tracking scope (JSX, a memo, or an effect's compute function).

stderr | render/Input/contracts.test.tsx > [input.password.hover-controlled] hover restore and controlled refusal
[STRICT_READ_UNTRACKED] Reactive value read directly in <[solid-refresh]Input> will not update. Move it into a tracking scope (JSX, a memo, or an effect's compute function).
[STRICT_READ_UNTRACKED] Reactive value read directly in <[solid-refresh]Input> will not update. Move it into a tracking scope (JSX, a memo, or an effect's compute function).

stderr | render/Form/contracts.test.tsx > [form.render.accessor] does not treat a JSX accessor as a field renderer
[STRICT_READ_UNTRACKED] Reactive value read directly in <[solid-refresh]Form> will not update. Move it into a tracking scope (JSX, a memo, or an effect's compute function).
[NO_OWNER_CLEANUP] onCleanup called outside a reactive context will never be run

·······stderr | render/Input/contracts.test.tsx > [input.search.modes] enterButton=true
[STRICT_READ_UNTRACKED] Reactive value read directly in <[solid-refresh]Button> will not update. Move it into a tracking scope (JSX, a memo, or an effect's compute function).
[STRICT_READ_UNTRACKED] Reactive value read directly in <[solid-refresh]Button> will not update. Move it into a tracking scope (JSX, a memo, or an effect's compute function).
[STRICT_READ_UNTRACKED] Reactive value read directly in <[solid-refresh]Button> will not update. Move it into a tracking scope (JSX, a memo, or an effect's compute function).
[STRICT_READ_UNTRACKED] Reactive value read directly in <[solid-refresh]Button> will not update. Move it into a tracking scope (JSX, a memo, or an effect's compute function).
[STRICT_READ_UNTRACKED] Reactive value read directly in <[solid-refresh]Button> will not update. Move it into a tracking scope (JSX, a memo, or an effect's compute function).
[STRICT_READ_UNTRACKED] Reactive value read directly in <[solid-refresh]Button> will not update. Move it into a tracking scope (JSX, a memo, or an effect's compute function).
[STRICT_READ_UNTRACKED] Reactive value read directly in <[solid-refresh]Button> will not update. Move it into a tracking scope (JSX, a memo, or an effect's compute function).

stderr | render/Input/contracts.test.tsx > [input.search.modes] enterButton=查找
[STRICT_READ_UNTRACKED] Reactive value read directly in <[solid-refresh]Button> will not update. Move it into a tracking scope (JSX, a memo, or an effect's compute function).
[STRICT_READ_UNTRACKED] Reactive value read directly in <[solid-refresh]Button> will not update. Move it into a tracking scope (JSX, a memo, or an effect's compute function).
[STRICT_READ_UNTRACKED] Reactive value read directly in <[solid-refresh]Button> will not update. Move it into a tracking scope (JSX, a memo, or an effect's compute function).
[STRICT_READ_UNTRACKED] Reactive value read directly in <[solid-refresh]Button> will not update. Move it into a tracking scope (JSX, a memo, or an effect's compute function).
[STRICT_READ_UNTRACKED] Reactive value read directly in <[solid-refresh]Button> will not update. Move it into a tracking scope (JSX, a memo, or an effect's compute function).
[STRICT_READ_UNTRACKED] Reactive value read directly in <[solid-refresh]Button> will not update. Move it into a tracking scope (JSX, a memo, or an effect's compute function).
[STRICT_READ_UNTRACKED] Reactive value read directly in <[solid-refresh]Button> will not update. Move it into a tracking scope (JSX, a memo, or an effect's compute function).
[STRICT_READ_UNTRACKED] Reactive value read directly in <[solid-refresh]Button> will not update. Move it into a tracking scope (JSX, a memo, or an effect's compute function).

stderr | render/Input/contracts.test.tsx > [input.search.context] value and callback injection
[STRICT_READ_UNTRACKED] Reactive value read directly in <[solid-refresh]Input> will not update. Move it into a tracking scope (JSX, a memo, or an effect's compute function).

stderr | render/Input/contracts.test.tsx > [input.textarea.props] native attributes count and clear
[STRICT_READ_UNTRACKED] Reactive value read directly in an effect callback will not update. Move it into a tracking scope (JSX, a memo, or an effect's compute function).
[STRICT_READ_UNTRACKED] Reactive value read directly in an effect callback will not update. Move it into a tracking scope (JSX, a memo, or an effect's compute function).

stderr | render/Input/contracts.test.tsx > [input.textarea.dynamic] readonly disabled value and autosize cleanup
[STRICT_READ_UNTRACKED] Reactive value read directly in <[solid-refresh]TextArea> will not update. Move it into a tracking scope (JSX, a memo, or an effect's compute function).
[STRICT_READ_UNTRACKED] Reactive value read directly in an effect callback will not update. Move it into a tracking scope (JSX, a memo, or an effect's compute function).
[STRICT_READ_UNTRACKED] Reactive value read directly in an effect callback will not update. Move it into a tracking scope (JSX, a memo, or an effect's compute function).
[STRICT_READ_UNTRACKED] Reactive value read directly in an effect callback will not update. Move it into a tracking scope (JSX, a memo, or an effect's compute function).
[STRICT_READ_UNTRACKED] Reactive value read directly in an effect callback will not update. Move it into a tracking scope (JSX, a memo, or an effect's compute function).

stderr | render/Input/contracts.test.tsx > [input.search.dynamic-mode] switches modes without remounting input
[STRICT_READ_UNTRACKED] Reactive value read directly in <[solid-refresh]Input> will not update. Move it into a tracking scope (JSX, a memo, or an effect's compute function).
[STRICT_READ_UNTRACKED] Reactive value read directly in <[solid-refresh]Button> will not update. Move it into a tracking scope (JSX, a memo, or an effect's compute function).
[STRICT_READ_UNTRACKED] Reactive value read directly in <[solid-refresh]Button> will not update. Move it into a tracking scope (JSX, a memo, or an effect's compute function).
[STRICT_READ_UNTRACKED] Reactive value read directly in <[solid-refresh]Button> will not update. Move it into a tracking scope (JSX, a memo, or an effect's compute function).
[STRICT_READ_UNTRACKED] Reactive value read directly in <[solid-refresh]Button> will not update. Move it into a tracking scope (JSX, a memo, or an effect's compute function).
[STRICT_READ_UNTRACKED] Reactive value read directly in <[solid-refresh]Button> will not update. Move it into a tracking scope (JSX, a memo, or an effect's compute function).
[STRICT_READ_UNTRACKED] Reactive value read directly in <[solid-refresh]Button> will not update. Move it into a tracking scope (JSX, a memo, or an effect's compute function).
[STRICT_READ_UNTRACKED] Reactive value read directly in <[solid-refresh]Button> will not update. Move it into a tracking scope (JSX, a memo, or an effect's compute function).

stderr | render/Input/contracts.test.tsx > [input.textarea.resize-disposal] observes width and disconnects
[STRICT_READ_UNTRACKED] Reactive value read directly in <[solid-refresh]TextArea> will not update. Move it into a tracking scope (JSX, a memo, or an effect's compute function).

···················

 Test Files  4 passed (4)
      Tests  40 passed (40)
   Start at  19:47:20
   Duration  788ms (transform 1.19s, setup 0ms, import 1.60s, tests 126ms, environment 962ms)

