
 RUN  v4.1.10 /Users/zhangchen327/code/github/pk111and222/solid-upthrust/packages/testing

stderr | render/Popover/content.test.tsx
You appear to have multiple instances of Solid. This can lead to unexpected behavior.

stderr | render/Tooltip/content.test.tsx
You appear to have multiple instances of Solid. This can lead to unexpected behavior.

stderr | render/Tooltip/content.test.tsx > [tooltip.content.text] renders a plain string title
[STRICT_READ_UNTRACKED] Reactive value read directly in <[solid-refresh]Tooltip> will not update. Move it into a tracking scope (JSX, a memo, or an effect's compute function).
[STRICT_READ_UNTRACKED] Reactive value read directly in <[solid-refresh]Tooltip> will not update. Move it into a tracking scope (JSX, a memo, or an effect's compute function).
[STRICT_READ_UNTRACKED] Reactive value read directly in <[solid-refresh]Tooltip> will not update. Move it into a tracking scope (JSX, a memo, or an effect's compute function).
[STRICT_READ_UNTRACKED] Reactive value read directly in <[solid-refresh]Tooltip> will not update. Move it into a tracking scope (JSX, a memo, or an effect's compute function).
[STRICT_READ_UNTRACKED] Reactive value read directly in an effect callback will not update. Move it into a tracking scope (JSX, a memo, or an effect's compute function).
[STRICT_READ_UNTRACKED] Reactive value read directly in an effect callback will not update. Move it into a tracking scope (JSX, a memo, or an effect's compute function).
[STRICT_READ_UNTRACKED] Reactive value read directly in an effect callback will not update. Move it into a tracking scope (JSX, a memo, or an effect's compute function).

stderr | render/Popover/content.test.tsx > [popover.content.title-and-content] renders both title and content blocks
[STRICT_READ_UNTRACKED] Reactive value read directly in <[solid-refresh]Popover> will not update. Move it into a tracking scope (JSX, a memo, or an effect's compute function).
[STRICT_READ_UNTRACKED] Reactive value read directly in <[solid-refresh]Popover> will not update. Move it into a tracking scope (JSX, a memo, or an effect's compute function).
[STRICT_READ_UNTRACKED] Reactive value read directly in <[solid-refresh]Popover> will not update. Move it into a tracking scope (JSX, a memo, or an effect's compute function).
[STRICT_READ_UNTRACKED] Reactive value read directly in <[solid-refresh]Popover> will not update. Move it into a tracking scope (JSX, a memo, or an effect's compute function).
[STRICT_READ_UNTRACKED] Reactive value read directly in an effect callback will not update. Move it into a tracking scope (JSX, a memo, or an effect's compute function).
[STRICT_READ_UNTRACKED] Reactive value read directly in an effect callback will not update. Move it into a tracking scope (JSX, a memo, or an effect's compute function).
[STRICT_READ_UNTRACKED] Reactive value read directly in an effect callback will not update. Move it into a tracking scope (JSX, a memo, or an effect's compute function).

stderr | render/Tooltip/content.test.tsx > [tooltip.content.jsx] renders JSX title
[STRICT_READ_UNTRACKED] Reactive value read directly in <[solid-refresh]Tooltip> will not update. Move it into a tracking scope (JSX, a memo, or an effect's compute function).
[STRICT_READ_UNTRACKED] Reactive value read directly in <[solid-refresh]Tooltip> will not update. Move it into a tracking scope (JSX, a memo, or an effect's compute function).
[STRICT_READ_UNTRACKED] Reactive value read directly in <[solid-refresh]Tooltip> will not update. Move it into a tracking scope (JSX, a memo, or an effect's compute function).
[STRICT_READ_UNTRACKED] Reactive value read directly in <[solid-refresh]Tooltip> will not update. Move it into a tracking scope (JSX, a memo, or an effect's compute function).
[STRICT_READ_UNTRACKED] Reactive value read directly in an effect callback will not update. Move it into a tracking scope (JSX, a memo, or an effect's compute function).
[STRICT_READ_UNTRACKED] Reactive value read directly in an effect callback will not update. Move it into a tracking scope (JSX, a memo, or an effect's compute function).
[STRICT_READ_UNTRACKED] Reactive value read directly in an effect callback will not update. Move it into a tracking scope (JSX, a memo, or an effect's compute function).

stderr | render/Popover/content.test.tsx > [popover.content.content-only] renders content without a title block
[STRICT_READ_UNTRACKED] Reactive value read directly in <[solid-refresh]Popover> will not update. Move it into a tracking scope (JSX, a memo, or an effect's compute function).
[STRICT_READ_UNTRACKED] Reactive value read directly in <[solid-refresh]Popover> will not update. Move it into a tracking scope (JSX, a memo, or an effect's compute function).
[STRICT_READ_UNTRACKED] Reactive value read directly in <[solid-refresh]Popover> will not update. Move it into a tracking scope (JSX, a memo, or an effect's compute function).
[STRICT_READ_UNTRACKED] Reactive value read directly in <[solid-refresh]Popover> will not update. Move it into a tracking scope (JSX, a memo, or an effect's compute function).
[STRICT_READ_UNTRACKED] Reactive value read directly in an effect callback will not update. Move it into a tracking scope (JSX, a memo, or an effect's compute function).
[STRICT_READ_UNTRACKED] Reactive value read directly in an effect callback will not update. Move it into a tracking scope (JSX, a memo, or an effect's compute function).
[STRICT_READ_UNTRACKED] Reactive value read directly in an effect callback will not update. Move it into a tracking scope (JSX, a memo, or an effect's compute function).

stderr | render/Tooltip/content.test.tsx > [tooltip.content.zero] treats numeric 0 as a valid, non-empty title
[STRICT_READ_UNTRACKED] Reactive value read directly in <[solid-refresh]Tooltip> will not update. Move it into a tracking scope (JSX, a memo, or an effect's compute function).
[STRICT_READ_UNTRACKED] Reactive value read directly in <[solid-refresh]Tooltip> will not update. Move it into a tracking scope (JSX, a memo, or an effect's compute function).
[STRICT_READ_UNTRACKED] Reactive value read directly in <[solid-refresh]Tooltip> will not update. Move it into a tracking scope (JSX, a memo, or an effect's compute function).
[STRICT_READ_UNTRACKED] Reactive value read directly in <[solid-refresh]Tooltip> will not update. Move it into a tracking scope (JSX, a memo, or an effect's compute function).
[STRICT_READ_UNTRACKED] Reactive value read directly in an effect callback will not update. Move it into a tracking scope (JSX, a memo, or an effect's compute function).
[STRICT_READ_UNTRACKED] Reactive value read directly in an effect callback will not update. Move it into a tracking scope (JSX, a memo, or an effect's compute function).
[STRICT_READ_UNTRACKED] Reactive value read directly in an effect callback will not update. Move it into a tracking scope (JSX, a memo, or an effect's compute function).

stderr | render/Popover/content.test.tsx > [popover.content.jsx-content] renders JSX content, e.g. an interactive button
[STRICT_READ_UNTRACKED] Reactive value read directly in <[solid-refresh]Popover> will not update. Move it into a tracking scope (JSX, a memo, or an effect's compute function).
[STRICT_READ_UNTRACKED] Reactive value read directly in <[solid-refresh]Popover> will not update. Move it into a tracking scope (JSX, a memo, or an effect's compute function).
[STRICT_READ_UNTRACKED] Reactive value read directly in <[solid-refresh]Popover> will not update. Move it into a tracking scope (JSX, a memo, or an effect's compute function).
[STRICT_READ_UNTRACKED] Reactive value read directly in <[solid-refresh]Popover> will not update. Move it into a tracking scope (JSX, a memo, or an effect's compute function).
[STRICT_READ_UNTRACKED] Reactive value read directly in an effect callback will not update. Move it into a tracking scope (JSX, a memo, or an effect's compute function).
[STRICT_READ_UNTRACKED] Reactive value read directly in an effect callback will not update. Move it into a tracking scope (JSX, a memo, or an effect's compute function).
[STRICT_READ_UNTRACKED] Reactive value read directly in an effect callback will not update. Move it into a tracking scope (JSX, a memo, or an effect's compute function).

stderr | render/Tooltip/content.test.tsx > [tooltip.content.empty] never opens for undefined title
[STRICT_READ_UNTRACKED] Reactive value read directly in <[solid-refresh]Tooltip> will not update. Move it into a tracking scope (JSX, a memo, or an effect's compute function).
[STRICT_READ_UNTRACKED] Reactive value read directly in <[solid-refresh]Tooltip> will not update. Move it into a tracking scope (JSX, a memo, or an effect's compute function).
[STRICT_READ_UNTRACKED] Reactive value read directly in <[solid-refresh]Tooltip> will not update. Move it into a tracking scope (JSX, a memo, or an effect's compute function).
[STRICT_READ_UNTRACKED] Reactive value read directly in <[solid-refresh]Tooltip> will not update. Move it into a tracking scope (JSX, a memo, or an effect's compute function).
[STRICT_READ_UNTRACKED] Reactive value read directly in an effect callback will not update. Move it into a tracking scope (JSX, a memo, or an effect's compute function).

stderr | render/Popover/content.test.tsx > [popover.content.empty] never opens when both title and content are empty
[STRICT_READ_UNTRACKED] Reactive value read directly in <[solid-refresh]Popover> will not update. Move it into a tracking scope (JSX, a memo, or an effect's compute function).
[STRICT_READ_UNTRACKED] Reactive value read directly in <[solid-refresh]Popover> will not update. Move it into a tracking scope (JSX, a memo, or an effect's compute function).
[STRICT_READ_UNTRACKED] Reactive value read directly in <[solid-refresh]Popover> will not update. Move it into a tracking scope (JSX, a memo, or an effect's compute function).
[STRICT_READ_UNTRACKED] Reactive value read directly in <[solid-refresh]Popover> will not update. Move it into a tracking scope (JSX, a memo, or an effect's compute function).
[STRICT_READ_UNTRACKED] Reactive value read directly in an effect callback will not update. Move it into a tracking scope (JSX, a memo, or an effect's compute function).

stderr | render/Tooltip/content.test.tsx > [tooltip.content.empty] never opens for null title
[STRICT_READ_UNTRACKED] Reactive value read directly in <[solid-refresh]Tooltip> will not update. Move it into a tracking scope (JSX, a memo, or an effect's compute function).
[STRICT_READ_UNTRACKED] Reactive value read directly in <[solid-refresh]Tooltip> will not update. Move it into a tracking scope (JSX, a memo, or an effect's compute function).
[STRICT_READ_UNTRACKED] Reactive value read directly in <[solid-refresh]Tooltip> will not update. Move it into a tracking scope (JSX, a memo, or an effect's compute function).
[STRICT_READ_UNTRACKED] Reactive value read directly in <[solid-refresh]Tooltip> will not update. Move it into a tracking scope (JSX, a memo, or an effect's compute function).
[STRICT_READ_UNTRACKED] Reactive value read directly in an effect callback will not update. Move it into a tracking scope (JSX, a memo, or an effect's compute function).

stderr | render/Popover/content.test.tsx > [popover.content.empty] treats undefined content, empty-string title as empty too
[STRICT_READ_UNTRACKED] Reactive value read directly in <[solid-refresh]Popover> will not update. Move it into a tracking scope (JSX, a memo, or an effect's compute function).
[STRICT_READ_UNTRACKED] Reactive value read directly in <[solid-refresh]Popover> will not update. Move it into a tracking scope (JSX, a memo, or an effect's compute function).
[STRICT_READ_UNTRACKED] Reactive value read directly in <[solid-refresh]Popover> will not update. Move it into a tracking scope (JSX, a memo, or an effect's compute function).
[STRICT_READ_UNTRACKED] Reactive value read directly in <[solid-refresh]Popover> will not update. Move it into a tracking scope (JSX, a memo, or an effect's compute function).
[STRICT_READ_UNTRACKED] Reactive value read directly in an effect callback will not update. Move it into a tracking scope (JSX, a memo, or an effect's compute function).

stderr | render/Tooltip/content.test.tsx > [tooltip.content.empty] never opens for empty string title
[STRICT_READ_UNTRACKED] Reactive value read directly in <[solid-refresh]Tooltip> will not update. Move it into a tracking scope (JSX, a memo, or an effect's compute function).
[STRICT_READ_UNTRACKED] Reactive value read directly in <[solid-refresh]Tooltip> will not update. Move it into a tracking scope (JSX, a memo, or an effect's compute function).
[STRICT_READ_UNTRACKED] Reactive value read directly in <[solid-refresh]Tooltip> will not update. Move it into a tracking scope (JSX, a memo, or an effect's compute function).
[STRICT_READ_UNTRACKED] Reactive value read directly in <[solid-refresh]Tooltip> will not update. Move it into a tracking scope (JSX, a memo, or an effect's compute function).
[STRICT_READ_UNTRACKED] Reactive value read directly in an effect callback will not update. Move it into a tracking scope (JSX, a memo, or an effect's compute function).

stderr | render/Popover/content.test.tsx > [popover.content.empty] treats null content, null title as empty too
[STRICT_READ_UNTRACKED] Reactive value read directly in <[solid-refresh]Popover> will not update. Move it into a tracking scope (JSX, a memo, or an effect's compute function).
[STRICT_READ_UNTRACKED] Reactive value read directly in <[solid-refresh]Popover> will not update. Move it into a tracking scope (JSX, a memo, or an effect's compute function).
[STRICT_READ_UNTRACKED] Reactive value read directly in <[solid-refresh]Popover> will not update. Move it into a tracking scope (JSX, a memo, or an effect's compute function).
[STRICT_READ_UNTRACKED] Reactive value read directly in <[solid-refresh]Popover> will not update. Move it into a tracking scope (JSX, a memo, or an effect's compute function).
[STRICT_READ_UNTRACKED] Reactive value read directly in an effect callback will not update. Move it into a tracking scope (JSX, a memo, or an effect's compute function).

stderr | render/Tooltip/content.test.tsx > [tooltip.content.false] treats boolean false as an empty title, not a visible bubble
[STRICT_READ_UNTRACKED] Reactive value read directly in <[solid-refresh]Tooltip> will not update. Move it into a tracking scope (JSX, a memo, or an effect's compute function).
[STRICT_READ_UNTRACKED] Reactive value read directly in <[solid-refresh]Tooltip> will not update. Move it into a tracking scope (JSX, a memo, or an effect's compute function).
[STRICT_READ_UNTRACKED] Reactive value read directly in <[solid-refresh]Tooltip> will not update. Move it into a tracking scope (JSX, a memo, or an effect's compute function).
[STRICT_READ_UNTRACKED] Reactive value read directly in <[solid-refresh]Tooltip> will not update. Move it into a tracking scope (JSX, a memo, or an effect's compute function).
[STRICT_READ_UNTRACKED] Reactive value read directly in an effect callback will not update. Move it into a tracking scope (JSX, a memo, or an effect's compute function).

stderr | render/Popover/content.test.tsx > [popover.content.empty] treats empty-string content, undefined title as empty too
[STRICT_READ_UNTRACKED] Reactive value read directly in <[solid-refresh]Popover> will not update. Move it into a tracking scope (JSX, a memo, or an effect's compute function).
[STRICT_READ_UNTRACKED] Reactive value read directly in <[solid-refresh]Popover> will not update. Move it into a tracking scope (JSX, a memo, or an effect's compute function).
[STRICT_READ_UNTRACKED] Reactive value read directly in <[solid-refresh]Popover> will not update. Move it into a tracking scope (JSX, a memo, or an effect's compute function).
[STRICT_READ_UNTRACKED] Reactive value read directly in <[solid-refresh]Popover> will not update. Move it into a tracking scope (JSX, a memo, or an effect's compute function).
[STRICT_READ_UNTRACKED] Reactive value read directly in an effect callback will not update. Move it into a tracking scope (JSX, a memo, or an effect's compute function).

stderr | render/Tooltip/content.test.tsx > [tooltip.content.role] marks the overlay with role=tooltip
[STRICT_READ_UNTRACKED] Reactive value read directly in <[solid-refresh]Tooltip> will not update. Move it into a tracking scope (JSX, a memo, or an effect's compute function).
[STRICT_READ_UNTRACKED] Reactive value read directly in <[solid-refresh]Tooltip> will not update. Move it into a tracking scope (JSX, a memo, or an effect's compute function).
[STRICT_READ_UNTRACKED] Reactive value read directly in <[solid-refresh]Tooltip> will not update. Move it into a tracking scope (JSX, a memo, or an effect's compute function).
[STRICT_READ_UNTRACKED] Reactive value read directly in <[solid-refresh]Tooltip> will not update. Move it into a tracking scope (JSX, a memo, or an effect's compute function).
[STRICT_READ_UNTRACKED] Reactive value read directly in an effect callback will not update. Move it into a tracking scope (JSX, a memo, or an effect's compute function).
[STRICT_READ_UNTRACKED] Reactive value read directly in an effect callback will not update. Move it into a tracking scope (JSX, a memo, or an effect's compute function).
[STRICT_READ_UNTRACKED] Reactive value read directly in an effect callback will not update. Move it into a tracking scope (JSX, a memo, or an effect's compute function).

stderr | render/Popover/content.test.tsx > [popover.content.role] marks the overlay with role=dialog
[STRICT_READ_UNTRACKED] Reactive value read directly in <[solid-refresh]Popover> will not update. Move it into a tracking scope (JSX, a memo, or an effect's compute function).
[STRICT_READ_UNTRACKED] Reactive value read directly in <[solid-refresh]Popover> will not update. Move it into a tracking scope (JSX, a memo, or an effect's compute function).
[STRICT_READ_UNTRACKED] Reactive value read directly in <[solid-refresh]Popover> will not update. Move it into a tracking scope (JSX, a memo, or an effect's compute function).
[STRICT_READ_UNTRACKED] Reactive value read directly in <[solid-refresh]Popover> will not update. Move it into a tracking scope (JSX, a memo, or an effect's compute function).
[STRICT_READ_UNTRACKED] Reactive value read directly in an effect callback will not update. Move it into a tracking scope (JSX, a memo, or an effect's compute function).
[STRICT_READ_UNTRACKED] Reactive value read directly in an effect callback will not update. Move it into a tracking scope (JSX, a memo, or an effect's compute function).
[STRICT_READ_UNTRACKED] Reactive value read directly in an effect callback will not update. Move it into a tracking scope (JSX, a memo, or an effect's compute function).

stderr | render/Tooltip/content.test.tsx > [tooltip.content.closed-aria] marks the still-mounted closed layer aria-hidden and inert
[STRICT_READ_UNTRACKED] Reactive value read directly in <[solid-refresh]Tooltip> will not update. Move it into a tracking scope (JSX, a memo, or an effect's compute function).
[STRICT_READ_UNTRACKED] Reactive value read directly in <[solid-refresh]Tooltip> will not update. Move it into a tracking scope (JSX, a memo, or an effect's compute function).
[STRICT_READ_UNTRACKED] Reactive value read directly in <[solid-refresh]Tooltip> will not update. Move it into a tracking scope (JSX, a memo, or an effect's compute function).
[STRICT_READ_UNTRACKED] Reactive value read directly in <[solid-refresh]Tooltip> will not update. Move it into a tracking scope (JSX, a memo, or an effect's compute function).
[STRICT_READ_UNTRACKED] Reactive value read directly in an effect callback will not update. Move it into a tracking scope (JSX, a memo, or an effect's compute function).
[STRICT_READ_UNTRACKED] Reactive value read directly in an effect callback will not update. Move it into a tracking scope (JSX, a memo, or an effect's compute function).
[STRICT_READ_UNTRACKED] Reactive value read directly in an effect callback will not update. Move it into a tracking scope (JSX, a memo, or an effect's compute function).
[STRICT_READ_UNTRACKED] Reactive value read directly in an effect callback will not update. Move it into a tracking scope (JSX, a memo, or an effect's compute function).

stderr | render/Popover/content.test.tsx > [popover.content.arrow] renders a pointing arrow element
[STRICT_READ_UNTRACKED] Reactive value read directly in <[solid-refresh]Popover> will not update. Move it into a tracking scope (JSX, a memo, or an effect's compute function).
[STRICT_READ_UNTRACKED] Reactive value read directly in <[solid-refresh]Popover> will not update. Move it into a tracking scope (JSX, a memo, or an effect's compute function).
[STRICT_READ_UNTRACKED] Reactive value read directly in <[solid-refresh]Popover> will not update. Move it into a tracking scope (JSX, a memo, or an effect's compute function).
[STRICT_READ_UNTRACKED] Reactive value read directly in <[solid-refresh]Popover> will not update. Move it into a tracking scope (JSX, a memo, or an effect's compute function).
[STRICT_READ_UNTRACKED] Reactive value read directly in an effect callback will not update. Move it into a tracking scope (JSX, a memo, or an effect's compute function).
[STRICT_READ_UNTRACKED] Reactive value read directly in an effect callback will not update. Move it into a tracking scope (JSX, a memo, or an effect's compute function).
[STRICT_READ_UNTRACKED] Reactive value read directly in an effect callback will not update. Move it into a tracking scope (JSX, a memo, or an effect's compute function).

stderr | render/Tooltip/content.test.tsx > [tooltip.content.arrow] renders a pointing arrow element
[STRICT_READ_UNTRACKED] Reactive value read directly in <[solid-refresh]Tooltip> will not update. Move it into a tracking scope (JSX, a memo, or an effect's compute function).
[STRICT_READ_UNTRACKED] Reactive value read directly in <[solid-refresh]Tooltip> will not update. Move it into a tracking scope (JSX, a memo, or an effect's compute function).
[STRICT_READ_UNTRACKED] Reactive value read directly in <[solid-refresh]Tooltip> will not update. Move it into a tracking scope (JSX, a memo, or an effect's compute function).
[STRICT_READ_UNTRACKED] Reactive value read directly in <[solid-refresh]Tooltip> will not update. Move it into a tracking scope (JSX, a memo, or an effect's compute function).
[STRICT_READ_UNTRACKED] Reactive value read directly in an effect callback will not update. Move it into a tracking scope (JSX, a memo, or an effect's compute function).
[STRICT_READ_UNTRACKED] Reactive value read directly in an effect callback will not update. Move it into a tracking scope (JSX, a memo, or an effect's compute function).
[STRICT_READ_UNTRACKED] Reactive value read directly in an effect callback will not update. Move it into a tracking scope (JSX, a memo, or an effect's compute function).

stderr | render/Popover/content.test.tsx > [popover.content.style] separates root class/style from overlay overrides
[STRICT_READ_UNTRACKED] Reactive value read directly in <[solid-refresh]Popover> will not update. Move it into a tracking scope (JSX, a memo, or an effect's compute function).
[STRICT_READ_UNTRACKED] Reactive value read directly in <[solid-refresh]Popover> will not update. Move it into a tracking scope (JSX, a memo, or an effect's compute function).
[STRICT_READ_UNTRACKED] Reactive value read directly in <[solid-refresh]Popover> will not update. Move it into a tracking scope (JSX, a memo, or an effect's compute function).
[STRICT_READ_UNTRACKED] Reactive value read directly in <[solid-refresh]Popover> will not update. Move it into a tracking scope (JSX, a memo, or an effect's compute function).
[STRICT_READ_UNTRACKED] Reactive value read directly in an effect callback will not update. Move it into a tracking scope (JSX, a memo, or an effect's compute function).
[STRICT_READ_UNTRACKED] Reactive value read directly in an effect callback will not update. Move it into a tracking scope (JSX, a memo, or an effect's compute function).
[STRICT_READ_UNTRACKED] Reactive value read directly in an effect callback will not update. Move it into a tracking scope (JSX, a memo, or an effect's compute function).

stderr | render/Tooltip/content.test.tsx > [tooltip.content.style] separates root class/style from overlay overrides
[STRICT_READ_UNTRACKED] Reactive value read directly in <[solid-refresh]Tooltip> will not update. Move it into a tracking scope (JSX, a memo, or an effect's compute function).
[STRICT_READ_UNTRACKED] Reactive value read directly in <[solid-refresh]Tooltip> will not update. Move it into a tracking scope (JSX, a memo, or an effect's compute function).
[STRICT_READ_UNTRACKED] Reactive value read directly in <[solid-refresh]Tooltip> will not update. Move it into a tracking scope (JSX, a memo, or an effect's compute function).
[STRICT_READ_UNTRACKED] Reactive value read directly in <[solid-refresh]Tooltip> will not update. Move it into a tracking scope (JSX, a memo, or an effect's compute function).
[STRICT_READ_UNTRACKED] Reactive value read directly in an effect callback will not update. Move it into a tracking scope (JSX, a memo, or an effect's compute function).
[STRICT_READ_UNTRACKED] Reactive value read directly in an effect callback will not update. Move it into a tracking scope (JSX, a memo, or an effect's compute function).
[STRICT_READ_UNTRACKED] Reactive value read directly in an effect callback will not update. Move it into a tracking scope (JSX, a memo, or an effect's compute function).

stderr | render/Popover/content.test.tsx > [popover.content.closed-aria] marks the still-mounted closed layer aria-hidden and inert
[STRICT_READ_UNTRACKED] Reactive value read directly in <[solid-refresh]Popover> will not update. Move it into a tracking scope (JSX, a memo, or an effect's compute function).
[STRICT_READ_UNTRACKED] Reactive value read directly in <[solid-refresh]Popover> will not update. Move it into a tracking scope (JSX, a memo, or an effect's compute function).
[STRICT_READ_UNTRACKED] Reactive value read directly in <[solid-refresh]Popover> will not update. Move it into a tracking scope (JSX, a memo, or an effect's compute function).
[STRICT_READ_UNTRACKED] Reactive value read directly in <[solid-refresh]Popover> will not update. Move it into a tracking scope (JSX, a memo, or an effect's compute function).
[STRICT_READ_UNTRACKED] Reactive value read directly in an effect callback will not update. Move it into a tracking scope (JSX, a memo, or an effect's compute function).
[STRICT_READ_UNTRACKED] Reactive value read directly in an effect callback will not update. Move it into a tracking scope (JSX, a memo, or an effect's compute function).
[STRICT_READ_UNTRACKED] Reactive value read directly in an effect callback will not update. Move it into a tracking scope (JSX, a memo, or an effect's compute function).
[STRICT_READ_UNTRACKED] Reactive value read directly in an effect callback will not update. Move it into a tracking scope (JSX, a memo, or an effect's compute function).

········x··stderr | render/Tooltip/content.test.tsx > [tooltip.content.overlay-style-priority] lets overlayStyle win on key collisions
[STRICT_READ_UNTRACKED] Reactive value read directly in <[solid-refresh]Tooltip> will not update. Move it into a tracking scope (JSX, a memo, or an effect's compute function).
[STRICT_READ_UNTRACKED] Reactive value read directly in <[solid-refresh]Tooltip> will not update. Move it into a tracking scope (JSX, a memo, or an effect's compute function).
[STRICT_READ_UNTRACKED] Reactive value read directly in <[solid-refresh]Tooltip> will not update. Move it into a tracking scope (JSX, a memo, or an effect's compute function).
[STRICT_READ_UNTRACKED] Reactive value read directly in <[solid-refresh]Tooltip> will not update. Move it into a tracking scope (JSX, a memo, or an effect's compute function).
[STRICT_READ_UNTRACKED] Reactive value read directly in an effect callback will not update. Move it into a tracking scope (JSX, a memo, or an effect's compute function).
[STRICT_READ_UNTRACKED] Reactive value read directly in an effect callback will not update. Move it into a tracking scope (JSX, a memo, or an effect's compute function).
[STRICT_READ_UNTRACKED] Reactive value read directly in an effect callback will not update. Move it into a tracking scope (JSX, a memo, or an effect's compute function).

·········x··stderr | headless/Tooltip/tooltip.test.ts > createTooltip > defaults to hover trigger with top placement
[STRICT_READ_UNTRACKED] Reactive value read directly in an effect callback will not update. Move it into a tracking scope (JSX, a memo, or an effect's compute function).

stderr | headless/Tooltip/tooltip.test.ts > createTooltip > [tooltip.headless.default-hover-delay] opens on hover with a 100ms default delay, unlike bare createTrigger (0ms)
[STRICT_READ_UNTRACKED] Reactive value read directly in an effect callback will not update. Move it into a tracking scope (JSX, a memo, or an effect's compute function).
[STRICT_READ_UNTRACKED] Reactive value read directly in an effect callback will not update. Move it into a tracking scope (JSX, a memo, or an effect's compute function).

stderr | headless/Tooltip/tooltip.test.ts > createTooltip > [tooltip.headless.custom-delay] maps mouseEnterDelay/mouseLeaveDelay onto hover delays
[STRICT_READ_UNTRACKED] Reactive value read directly in an effect callback will not update. Move it into a tracking scope (JSX, a memo, or an effect's compute function).
[STRICT_READ_UNTRACKED] Reactive value read directly in an effect callback will not update. Move it into a tracking scope (JSX, a memo, or an effect's compute function).
[STRICT_READ_UNTRACKED] Reactive value read directly in an effect callback will not update. Move it into a tracking scope (JSX, a memo, or an effect's compute function).

stderr | headless/Tooltip/tooltip.test.ts > createTooltip > [tooltip.headless.arrow-enabled] always reports arrow position data once open
[STRICT_READ_UNTRACKED] Reactive value read directly in an effect callback will not update. Move it into a tracking scope (JSX, a memo, or an effect's compute function).
[STRICT_READ_UNTRACKED] Reactive value read directly in an effect callback will not update. Move it into a tracking scope (JSX, a memo, or an effect's compute function).

stderr | headless/Tooltip/tooltip.test.ts > createTooltip > [tooltip.headless.disabled-forwards] forwards disabled to block setOpen
[STRICT_READ_UNTRACKED] Reactive value read directly in an effect callback will not update. Move it into a tracking scope (JSX, a memo, or an effect's compute function).

stderr | headless/Tooltip/tooltip.test.ts > createTooltip > flips top → bottom when there is no room above
[STRICT_READ_UNTRACKED] Reactive value read directly in an effect callback will not update. Move it into a tracking scope (JSX, a memo, or an effect's compute function).

stderr | headless/Tooltip/tooltip.test.ts > createTooltip > respects controlled open
[STRICT_READ_UNTRACKED] Reactive value read directly in an effect callback will not update. Move it into a tracking scope (JSX, a memo, or an effect's compute function).

stderr | headless/Tooltip/tooltip.test.ts > createTooltip > notifies onOpenChange
[STRICT_READ_UNTRACKED] Reactive value read directly in an effect callback will not update. Move it into a tracking scope (JSX, a memo, or an effect's compute function).

stderr | headless/Tooltip/tooltip.test.ts > createTooltip > exposes refs with open/setOpen
[STRICT_READ_UNTRACKED] Reactive value read directly in an effect callback will not update. Move it into a tracking scope (JSX, a memo, or an effect's compute function).

···x·····

⎯⎯⎯⎯⎯⎯⎯ Failed Tests 3 ⎯⎯⎯⎯⎯⎯⎯

 FAIL  headless/Tooltip/tooltip.test.ts > createTooltip > [tooltip.headless.arrow-enabled] always reports arrow position data once open
AssertionError: expected undefined to be defined
 ❯ headless/Tooltip/tooltip.test.ts:85:25
     83|       t.setOpen(true)
     84|       flush()
     85|       expect(t.arrow()).toBeDefined()
       |                         ^
     86|       dispose()
     87|     })
 ❯ ../../node_modules/.pnpm/@solidjs+signals@2.0.0-rc.0/node_modules/@solidjs/signals/dist/dev.js:1621:36
 ❯ runWithOwner ../../node_modules/.pnpm/@solidjs+signals@2.0.0-rc.0/node_modules/@solidjs/signals/dist/dev.js:3265:12
 ❯ createRoot ../../node_modules/.pnpm/@solidjs+signals@2.0.0-rc.0/node_modules/@solidjs/signals/dist/dev.js:1621:10
 ❯ headless/Tooltip/tooltip.test.ts:77:5

⎯⎯⎯⎯⎯⎯⎯⎯⎯⎯⎯⎯⎯⎯⎯⎯⎯⎯⎯⎯⎯⎯⎯⎯[1/3]⎯

 FAIL  render/Popover/content.test.tsx > [popover.content.arrow] renders a pointing arrow element
AssertionError: expected null not to be null
 ❯ render/Popover/content.test.tsx:71:21
     69|   const { overlay } = openClickPopover({ content: '提示' })
     70|   const arrow = overlay!.querySelector<HTMLElement>('span.rotate-45')
     71|   expect(arrow).not.toBeNull()
       |                     ^
     72|   expect(arrow!.className).toContain('bg-surface')
     73|   const hasSideClass = ['-top-[4px]', '-bottom-[4px]', '-left-[4px]', …

⎯⎯⎯⎯⎯⎯⎯⎯⎯⎯⎯⎯⎯⎯⎯⎯⎯⎯⎯⎯⎯⎯⎯⎯[2/3]⎯

 FAIL  render/Tooltip/content.test.tsx > [tooltip.content.arrow] renders a pointing arrow element
AssertionError: expected null not to be null
 ❯ render/Tooltip/content.test.tsx:77:21
     75|   const { overlay } = openClickTooltip('提示')
     76|   const arrow = overlay!.querySelector<HTMLElement>('span.rotate-45')
     77|   expect(arrow).not.toBeNull()
       |                     ^
     78|   expect(arrow!.className).toContain('bg-inverse-surface')
     79|   const hasSideClass = ['-top-[4px]', '-bottom-[4px]', '-left-[4px]', …

⎯⎯⎯⎯⎯⎯⎯⎯⎯⎯⎯⎯⎯⎯⎯⎯⎯⎯⎯⎯⎯⎯⎯⎯[3/3]⎯


 Test Files  3 failed (3)
      Tests  3 failed | 29 passed (32)
   Start at  19:56:06
   Duration  849ms (transform 500ms, setup 0ms, import 660ms, tests 63ms, environment 512ms)

