
Running 32 tests using 2 workers

  ✓   1 [docs] › browser/Badge/contracts.spec.ts:14:1 › [badge.browser.anchor] pill sits on the top-right corner (545ms)
  ✓   2 [docs] › browser/Badge/contracts.spec.ts:31:1 › [badge.browser.overflow] overflow text, size and title (552ms)
  ✓   3 [docs] › browser/Badge/contracts.spec.ts:48:1 › [badge.browser.offset] offset moves the pill (356ms)
  ✓   5 [docs] › browser/Badge/contracts.spec.ts:76:1 › [badge.browser.no-wrapper] standalone badges flow inline (365ms)
  ✓   6 [docs] › browser/Badge/contracts.spec.ts:88:1 › [badge.browser.status] status dots and colors (269ms)
  ✓   7 [docs] › browser/Badge/contracts.spec.ts:104:1 › [badge.browser.ribbon] ribbon geometry and fold color (880ms)
  ✓   4 [docs] › browser/Badge/contracts.spec.ts:58:1 › [badge.browser.change] zoom in/out on dynamic changes (2.0s)
  ✓   9 [docs] › browser/Badge/contracts.spec.ts:131:1 › [badge.browser.ssr] API sections are server-rendered (14ms)
  ✓  10 [docs] › browser/Tag/contracts.spec.ts:13:1 › [tag.browser.paint] geometry and nested link color (382ms)
  ✓  11 [docs] › browser/Tag/contracts.spec.ts:26:1 › [tag.browser.close] keyboard close and prevented close (408ms)
  ✓  12 [docs] › browser/Tag/contracts.spec.ts:41:1 › [tag.browser.colors] preset and custom colors paint (743ms)
  ✓  13 [docs] › browser/Tag/contracts.spec.ts:59:1 › [tag.browser.status] status colors and spinning icon (400ms)
  ✓   8 [docs] › browser/Badge/contracts.spec.ts:123:1 › [badge.browser.dev] dev rendering (2.5s)
  ✓  14 [docs] › browser/Tag/contracts.spec.ts:74:1 › [tag.browser.checkable] click, Space and focus ring (853ms)
  ✓  15 [docs] › browser/Tag/contracts.spec.ts:94:1 › [tag.browser.control] add, edit and remove tags (435ms)
  ✓  16 [docs] › browser/Tag/contracts.spec.ts:112:1 › [tag.browser.disabled] disabled tags are inert (440ms)
  ✓  18 [docs] › browser/Tag/contracts.spec.ts:136:1 › [tag.browser.ssr] API sections are server-rendered (15ms)
  ✓  17 [docs] › browser/Tag/contracts.spec.ts:128:1 › [tag.browser.dev] dev rendering (608ms)
  ✓  19 [example] › browser/Badge/contracts.spec.ts:14:1 › [badge.browser.anchor] pill sits on the top-right corner (486ms)
  ✓  20 [example] › browser/Badge/contracts.spec.ts:31:1 › [badge.browser.overflow] overflow text, size and title (463ms)
  ✓  21 [example] › browser/Badge/contracts.spec.ts:48:1 › [badge.browser.offset] offset moves the pill (352ms)
  ✓  23 [example] › browser/Badge/contracts.spec.ts:76:1 › [badge.browser.no-wrapper] standalone badges flow inline (426ms)
  ✓  24 [example] › browser/Badge/contracts.spec.ts:88:1 › [badge.browser.status] status dots and colors (281ms)
  ✓  25 [example] › browser/Badge/contracts.spec.ts:104:1 › [badge.browser.ribbon] ribbon geometry and fold color (729ms)
  ✓  22 [example] › browser/Badge/contracts.spec.ts:58:1 › [badge.browser.change] zoom in/out on dynamic changes (1.9s)
  ✓  26 [example] › browser/Tag/contracts.spec.ts:13:1 › [tag.browser.paint] geometry and nested link color (385ms)
  ✓  27 [example] › browser/Tag/contracts.spec.ts:26:1 › [tag.browser.close] keyboard close and prevented close (467ms)
  ✓  29 [example] › browser/Tag/contracts.spec.ts:59:1 › [tag.browser.status] status colors and spinning icon (321ms)
  ✓  28 [example] › browser/Tag/contracts.spec.ts:41:1 › [tag.browser.colors] preset and custom colors paint (671ms)
  ✓  31 [example] › browser/Tag/contracts.spec.ts:94:1 › [tag.browser.control] add, edit and remove tags (464ms)
  ✓  30 [example] › browser/Tag/contracts.spec.ts:74:1 › [tag.browser.checkable] click, Space and focus ring (843ms)
  ✓  32 [example] › browser/Tag/contracts.spec.ts:112:1 › [tag.browser.disabled] disabled tags are inert (330ms)

  32 passed (19.1s)
