$ vite build
vite v8.2.1 building client environment for production...
[2Ktransforming...✓ 555 modules transformed.
rendering chunks...
computing gzip size...
dist/index.html                             2.31 kB │ gzip:   0.66 kB
dist/assets/index-C0DM89_x.css            226.85 kB │ gzip:  38.28 kB
dist/assets/renderable-B03dwe5s.js          0.08 kB │ gzip:   0.09 kB
dist/assets/merge-eVHg4Im0.js               0.21 kB │ gzip:   0.16 kB
dist/assets/presetColors-DX5z46b8.js        0.23 kB │ gzip:   0.17 kB
dist/assets/clearableArrow--khSDXKJ.js      0.28 kB │ gzip:   0.22 kB
dist/assets/Portal-lahIA-hV.js              0.29 kB │ gzip:   0.20 kB
dist/assets/switch-AOfM2w4j.js              0.45 kB │ gzip:   0.31 kB
dist/assets/skeleton-pPn4SpLV.js            0.53 kB │ gzip:   0.33 kB
dist/assets/tooltip-C_YFWuhR.js             0.56 kB │ gzip:   0.30 kB
dist/assets/rolldown-runtime-CbXtAM7H.js    0.58 kB │ gzip:   0.36 kB
dist/assets/virtualList-DjBE8vWe.js         0.72 kB │ gzip:   0.40 kB
dist/assets/input-Cv4qbPDj.js               0.96 kB │ gzip:   0.52 kB
dist/assets/_VirtualList-Ps_IKVLW.js        1.01 kB │ gzip:   0.70 kB
dist/assets/badge-D9BrDmHd.js               1.21 kB │ gzip:   0.73 kB
dist/assets/Icon-DBqVOgMw.js                1.23 kB │ gzip:   0.69 kB
dist/assets/dialog-BkC30kBs.js              1.26 kB │ gzip:   0.60 kB
dist/assets/typography-BY48zn8B.js          1.27 kB │ gzip:   0.67 kB
dist/assets/ConfigProvider-BnMi8iXY.js      1.30 kB │ gzip:   0.72 kB
dist/assets/Home-BEJCJoC-.js                1.34 kB │ gzip:   0.55 kB
dist/assets/context-gfxJtlNB.js             1.39 kB │ gzip:   0.68 kB
dist/assets/pagination-B79SYjFV.js          1.40 kB │ gzip:   0.72 kB
dist/assets/_VirtualList-B5asjRnu.js        1.45 kB │ gzip:   0.77 kB
dist/assets/segmented-Cp1nRSDg.js           1.64 kB │ gzip:   0.80 kB
dist/assets/Breadcrumb-ByzDE5w5.js          1.80 kB │ gzip:   0.87 kB
dist/assets/tabs-BjV9mqfa.js                1.82 kB │ gzip:   0.88 kB
dist/assets/Empty-BMxtTXhJ.js               2.14 kB │ gzip:   1.09 kB
dist/assets/Mentions-66eNjPCc.js            2.27 kB │ gzip:   1.20 kB
dist/assets/tag-DJ51owoA.js                 2.31 kB │ gzip:   1.23 kB
dist/assets/selection-BjzWcSXw.js           2.48 kB │ gzip:   1.10 kB
dist/assets/color-BKjaAcKI.js               2.63 kB │ gzip:   1.25 kB
dist/assets/Tooltip-DsatHVrq.js             2.84 kB │ gzip:   1.28 kB
dist/assets/Result-qRfFPHUR.js              2.91 kB │ gzip:   1.25 kB
dist/assets/Watermark-C5smmsIV.js           2.93 kB │ gzip:   1.33 kB
dist/assets/Spin-D7hn876s.js                3.01 kB │ gzip:   1.39 kB
dist/assets/Divider-awsFByJo.js             3.08 kB │ gzip:   1.31 kB
dist/assets/Progress-CkAIBrcW.js            3.12 kB │ gzip:   1.15 kB
dist/assets/Statistic-Dg-liqUN.js           3.15 kB │ gzip:   1.34 kB
dist/assets/select-CGVBErmp.js              3.18 kB │ gzip:   1.35 kB
dist/assets/Popover-CO8Wx0fu.js             3.29 kB │ gzip:   1.41 kB
dist/assets/Icon-CMafxbtY.js                3.36 kB │ gzip:   1.17 kB
dist/assets/Carousel-BQDyxwvu.js            3.36 kB │ gzip:   1.64 kB
dist/assets/TimePicker-CGjfP0ST.js          3.40 kB │ gzip:   1.48 kB
dist/assets/FloatButton-CeLWGvdT.js         3.48 kB │ gzip:   1.65 kB
dist/assets/Transfer-B1vf48aP.js            3.50 kB │ gzip:   1.81 kB
dist/assets/Space-Q375igVO.js               3.60 kB │ gzip:   1.42 kB
dist/assets/Menu-DjVkYcIM.js                3.61 kB │ gzip:   1.48 kB
dist/assets/Anchor-BNlxbW_K.js              3.62 kB │ gzip:   1.46 kB
dist/assets/Rate-BJGl_bRT.js                3.70 kB │ gzip:   1.63 kB
dist/assets/QRCode-CgLGor3r.js              3.75 kB │ gzip:   1.23 kB
dist/assets/Alert-BZqESIJa.js               3.77 kB │ gzip:   1.56 kB
dist/assets/Steps-BSuGtRk1.js               3.80 kB │ gzip:   1.47 kB
dist/assets/Timeline-CZknqv8o.js            3.88 kB │ gzip:   1.32 kB
dist/assets/Cascader-DMJzth1P.js            3.94 kB │ gzip:   1.70 kB
dist/assets/Switch-B0ZaIY8_.js              4.08 kB │ gzip:   1.68 kB
dist/assets/Collapse-BBSnhT__.js            4.11 kB │ gzip:   1.69 kB
dist/assets/Drawer-DUFn0Qb8.js              4.16 kB │ gzip:   1.86 kB
dist/assets/Modal-DsqJrLvv.js               4.34 kB │ gzip:   2.03 kB
dist/assets/Affix-Dnt5Siww.js               4.39 kB │ gzip:   1.99 kB
dist/assets/Image-BJnXubr-.js               4.72 kB │ gzip:   1.85 kB
dist/assets/ColorPicker-BKlK-Hy6.js         4.77 kB │ gzip:   2.06 kB
dist/assets/Tree-CuHRAFke.js                4.77 kB │ gzip:   1.91 kB
dist/assets/AutoComplete-DKUvakEW.js        4.89 kB │ gzip:   2.02 kB
dist/assets/Popconfirm-BqFT3rKE.js          4.98 kB │ gzip:   1.68 kB
dist/assets/Segmented-DXe7QnOA.js           5.04 kB │ gzip:   2.19 kB
dist/assets/Segmented-C9L2vAYp.js           5.37 kB │ gzip:   2.28 kB
dist/assets/Divider-Bs7snzcQ.js             5.38 kB │ gzip:   1.56 kB
dist/assets/Message-G0d0li26.js             5.55 kB │ gzip:   2.21 kB
dist/assets/Popover-D5AebVco.js             5.58 kB │ gzip:   1.98 kB
dist/assets/Notification-CGFlM013.js        5.62 kB │ gzip:   2.25 kB
dist/assets/Tooltip-CzAQrP9A.js             5.81 kB │ gzip:   2.04 kB
dist/assets/Tour-Cyc2HlLh.js                5.82 kB │ gzip:   2.82 kB
dist/assets/DatePicker-DxW9Zbjn.js          5.83 kB │ gzip:   2.39 kB
dist/assets/Dropdown-CdK5eMde.js            5.88 kB │ gzip:   2.42 kB
dist/assets/splitter-BXfaaN4e.js            6.02 kB │ gzip:   2.64 kB
dist/assets/Switch-BvpIr93H.js              6.08 kB │ gzip:   2.14 kB
dist/assets/trigger-BP7cPPcq.js             6.18 kB │ gzip:   2.37 kB
dist/assets/Button-tgXH_fmZ.js              6.21 kB │ gzip:   1.97 kB
dist/assets/Upload-DPfJo4GS.js              6.68 kB │ gzip:   3.00 kB
dist/assets/Card-qgLvonrZ.js                6.78 kB │ gzip:   2.73 kB
dist/assets/Slider-DItjFH9f.js              6.80 kB │ gzip:   2.67 kB
dist/assets/Avatar-BCWuT3Dx.js              6.90 kB │ gzip:   2.63 kB
dist/assets/Descriptions-Bgfkbflj.js        7.02 kB │ gzip:   2.36 kB
dist/assets/Select-COzqlWJb.js              7.07 kB │ gzip:   2.62 kB
dist/assets/Calendar-CoVkQlWI.js            7.18 kB │ gzip:   2.71 kB
dist/assets/Input-BUxvTh87.js               7.36 kB │ gzip:   2.56 kB
dist/assets/List-Byr9Pt3h.js                7.43 kB │ gzip:   3.44 kB
dist/assets/Space-B8Mp0hYw.js               7.50 kB │ gzip:   2.52 kB
dist/assets/Button-Dw1YTqSP.js              7.73 kB │ gzip:   2.24 kB
dist/assets/Badge-CMK9F70w.js               7.81 kB │ gzip:   2.67 kB
dist/assets/Form-C0D1KmJ4.js                9.25 kB │ gzip:   3.32 kB
dist/assets/Skeleton-BBuWEdGo.js            9.57 kB │ gzip:   3.04 kB
dist/assets/Pagination-CgsEwbPQ.js          9.84 kB │ gzip:   3.40 kB
dist/assets/Tag-sn-Aqqrz.js                10.30 kB │ gzip:   3.14 kB
dist/assets/Tag-GCZBgm9J.js                10.56 kB │ gzip:   3.75 kB
dist/assets/Flex-DUNMAObB.js               10.71 kB │ gzip:   3.85 kB
dist/assets/Slider-CZPNMXKH.js             10.84 kB │ gzip:   4.17 kB
dist/assets/Checkbox-w58g8hr6.js           11.13 kB │ gzip:   4.27 kB
dist/assets/Table-C5r5FtaF.js              11.57 kB │ gzip:   4.63 kB
dist/assets/Masonry-iRGsjHuR.js            11.94 kB │ gzip:   4.77 kB
dist/assets/Dropdown-D_2_vgDd.js           11.94 kB │ gzip:   3.52 kB
dist/assets/Form-CkBK3cTN.js               12.59 kB │ gzip:   4.81 kB
dist/assets/Badge-B_hwjI7w.js              13.06 kB │ gzip:   4.28 kB
dist/assets/ConfigProvider-d4pHNCCr.js     13.42 kB │ gzip:   5.40 kB
dist/assets/serverForms-Dmw40_eA.js        14.06 kB │ gzip:   5.57 kB
dist/assets/Radio-BH6Fop_5.js              14.11 kB │ gzip:   5.07 kB
dist/assets/Typography-Dcm3Jhwj.js         15.54 kB │ gzip:   5.71 kB
dist/assets/Tabs-Ff7LMPas.js               16.01 kB │ gzip:   5.06 kB
dist/assets/Input-Cny5fx3d.js              16.52 kB │ gzip:   5.27 kB
dist/assets/Select-cBOrsEay.js             16.68 kB │ gzip:   5.13 kB
dist/assets/InputNumber-Don_hw_Q.js        16.75 kB │ gzip:   5.83 kB
dist/assets/routing-B6KWOUb1.js            16.97 kB │ gzip:   7.22 kB
dist/assets/Layout-CiF1XG1w.js             18.47 kB │ gzip:   5.64 kB
dist/assets/TreeSelect-DYLhSr_x.js         18.56 kB │ gzip:   6.31 kB
dist/assets/Grid-DPehA3Ss.js               18.75 kB │ gzip:   5.33 kB
dist/assets/decode-3X5v8ClT.js             19.92 kB │ gzip:   5.87 kB
dist/assets/Splitter-X_ehv6DU.js           21.08 kB │ gzip:   6.13 kB
dist/assets/Tree-BpWaS77k.js               22.07 kB │ gzip:   7.74 kB
dist/assets/index-DwQWyDFw.js              23.89 kB │ gzip:   7.66 kB
dist/assets/dist-rNV7ZeQa.js               28.79 kB │ gzip:   9.24 kB
dist/assets/web-B3rCcp4n.js                44.05 kB │ gzip:  17.12 kB
dist/assets/src-CljsFVPe.js                52.63 kB │ gzip:  18.23 kB
dist/assets/upthrust-IGIYLgir.js          548.37 kB │ gzip: 148.04 kB

✓ built in 1.47s
[plugin builtin:vite-reporter] 
(!) Some chunks are larger than 500 kB after minification. Consider:
- Using dynamic import() to code-split the application
- Use build.rolldownOptions.output.codeSplitting to improve chunking: https://rolldown.rs/reference/OutputOptions.codeSplitting
- Adjust chunk size limit for this warning via build.chunkSizeWarningLimit.
