$ vite build && vite build --mode preserve
vite v8.2.1 building client environment for production...
[96msrc/tag.ts[0m:[93m166[0m:[93m64[0m - [91merror[0m[90m TS2769: [0mNo overload matches this call.
  Overload 1 of 4, '(value: V[] | Exclude<V, Function> | null, options?: SignalOptions<V | V[] | null> | undefined): Signal<V | V[] | null>', gave the following error.
    Argument of type 'V | V[] | null' is not assignable to parameter of type 'V[] | Exclude<V, Function> | null'.
      Type 'V' is not assignable to type 'V[] | Exclude<V, Function> | null'.
        Type 'CheckableTagValue' is not assignable to type 'V[] | Exclude<V, Function> | null'.
          Type 'string' is not assignable to type 'V[] | Exclude<V, Function> | null'.
            Type 'V' is not assignable to type 'V[]'.
              Type 'CheckableTagValue' is not assignable to type 'V[]'.
                Type 'string' is not assignable to type 'V[]'.
  Overload 2 of 4, '(fn: ComputeFunction<NoInfer<V | V[] | null>, V | V[] | null>, options: SignalOptions<V | V[] | null> & MemoOptions<V | V[] | null> & { ...; }): Signal<...>', gave the following error.
    Argument of type 'CheckableTagValue | V[] | null' is not assignable to parameter of type 'ComputeFunction<NoInfer<V | V[] | null>, V | V[] | null>'.
      Type 'null' is not assignable to type 'ComputeFunction<NoInfer<V | V[] | null>, V | V[] | null>'.
  Overload 3 of 4, '(fn: ComputeFunction<NoInfer<V | V[] | null> | undefined, V | V[] | null>, options?: HydrationSignalOptions<V | V[] | null> | undefined): Signal<...>', gave the following error.
    Argument of type 'CheckableTagValue | V[] | null' is not assignable to parameter of type 'ComputeFunction<NoInfer<V | V[] | null> | undefined, V | V[] | null>'.
      Type 'null' is not assignable to type 'ComputeFunction<NoInfer<V | V[] | null> | undefined, V | V[] | null>'.

[7m166[0m   const [internal, setInternal] = createSignal<V | V[] | null>(initial, { ownedWrite: true })
[7m   [0m [91m                                                               ~~~~~~~[0m


[2Ktransforming...✓ 98 modules transformed.
rendering chunks...

[unplugin:dts] Start generate declaration files...
[unplugin:dts] Declaration files built in 1592ms.

computing gzip size...
dist/upthrust-competence.js  240.01 kB │ gzip: 68.39 kB │ map: 934.98 kB

[2Ktransforming...✓ 98 modules transformed.
rendering chunks...
computing gzip size...
dist/upthrust-competence.umd.cjs  186.80 kB │ gzip: 61.25 kB │ map: 940.68 kB

[33m[MISSING_GLOBAL_NAME] [0mNo name was provided for external module "async-validator" in "output.globals" – guessing "async_validator".

[33m[MISSING_GLOBAL_NAME] [0mNo name was provided for external module "dayjs" in "output.globals" – guessing "dayjs".

[2Ktransforming...✓ 98 modules transformed.
rendering chunks...
computing gzip size...
dist/upthrust-competence.cjs  187.97 kB │ gzip: 61.30 kB │ map: 940.67 kB

✓ built in 1.93s
vite v8.2.1 building client environment for preserve...
[2Ktransforming...✓ 94 modules transformed.
rendering chunks...
computing gzip size...
dist/es/node_modules/.pnpm/lodash@4.18.1/node_modules/lodash/_Symbol.js           0.43 kB │ gzip: 0.26 kB │ map:  0.36 kB
dist/es/node_modules/.pnpm/lodash@4.18.1/node_modules/lodash/_freeGlobal.js       0.46 kB │ gzip: 0.28 kB │ map:  0.44 kB
dist/es/node_modules/.pnpm/lodash@4.18.1/node_modules/lodash/_root.js             0.62 kB │ gzip: 0.36 kB │ map:  0.63 kB
dist/es/utils.js                                                                  0.65 kB │ gzip: 0.40 kB │ map:  0.85 kB
dist/es/presetColors.js                                                           0.72 kB │ gzip: 0.43 kB │ map:  1.21 kB
dist/es/table/utils.js                                                            0.80 kB │ gzip: 0.45 kB │ map:  1.61 kB
dist/es/table/index.js                                                            0.80 kB │ gzip: 0.25 kB
dist/es/node_modules/.pnpm/lodash@4.18.1/node_modules/lodash/_objectToString.js   0.88 kB │ gzip: 0.47 kB │ map:  0.92 kB
dist/es/node_modules/.pnpm/lodash@4.18.1/node_modules/lodash/isObjectLike.js      0.99 kB │ gzip: 0.51 kB │ map:  0.96 kB
dist/es/node_modules/.pnpm/lodash@4.18.1/node_modules/lodash/isObject.js          1.09 kB │ gzip: 0.60 kB │ map:  1.10 kB
dist/es/tooltip.js                                                                1.13 kB │ gzip: 0.45 kB │ map:  3.06 kB
dist/es/switch.js                                                                 1.13 kB │ gzip: 0.48 kB │ map:  3.63 kB
dist/es/node_modules/.pnpm/lodash@4.18.1/node_modules/lodash/isBoolean.js         1.14 kB │ gzip: 0.57 kB │ map:  1.10 kB
dist/es/_virtual/_rolldown/runtime.js                                             1.17 kB │ gzip: 0.57 kB
dist/es/alert.js                                                                  1.28 kB │ gzip: 0.56 kB │ map:  2.28 kB
dist/es/node_modules/.pnpm/lodash@4.18.1/node_modules/lodash/isFunction.js        1.30 kB │ gzip: 0.61 kB │ map:  1.52 kB
dist/es/node_modules/.pnpm/lodash@4.18.1/node_modules/lodash/_baseGetTag.js       1.30 kB │ gzip: 0.59 kB │ map:  1.33 kB
dist/es/breakpoint.js                                                             1.31 kB │ gzip: 0.69 kB │ map:  1.95 kB
dist/es/skeleton.js                                                               1.34 kB │ gzip: 0.59 kB │ map:  3.39 kB
dist/es/table/cells.js                                                            1.47 kB │ gzip: 0.69 kB │ map:  2.99 kB
dist/es/node_modules/.pnpm/lodash@4.18.1/node_modules/lodash/_getRawTag.js        1.51 kB │ gzip: 0.72 kB │ map:  1.81 kB
dist/es/virtualList.js                                                            1.59 kB │ gzip: 0.63 kB │ map:  2.99 kB
dist/es/avatar.js                                                                 1.61 kB │ gzip: 0.75 kB │ map:  2.72 kB
dist/es/popconfirm.js                                                             1.61 kB │ gzip: 0.61 kB │ map:  4.44 kB
dist/es/table/filtering.js                                                        1.68 kB │ gzip: 0.75 kB │ map:  3.24 kB
dist/es/imageGroup.js                                                             1.81 kB │ gzip: 0.71 kB │ map:  6.57 kB
dist/es/table/sorting.js                                                          1.91 kB │ gzip: 0.82 kB │ map:  3.79 kB
dist/es/progress.js                                                               2.04 kB │ gzip: 0.91 kB │ map:  5.30 kB
dist/es/menu.js                                                                   2.21 kB │ gzip: 0.70 kB │ map:  4.83 kB
dist/es/sider.js                                                                  2.41 kB │ gzip: 1.12 kB │ map:  5.31 kB
dist/es/watermark.js                                                              2.47 kB │ gzip: 1.18 kB │ map:  5.84 kB
dist/es/radio.js                                                                  2.53 kB │ gzip: 1.05 kB │ map:  6.39 kB
dist/es/input.js                                                                  2.55 kB │ gzip: 0.85 kB │ map:  4.82 kB
dist/es/checkbox.js                                                               2.63 kB │ gzip: 0.83 kB │ map:  7.73 kB
dist/es/carousel.js                                                               2.64 kB │ gzip: 1.01 kB │ map:  8.01 kB
dist/es/steps.js                                                                  2.71 kB │ gzip: 1.00 kB │ map:  6.14 kB
dist/es/table/rows.js                                                             2.71 kB │ gzip: 1.05 kB │ map:  5.07 kB
dist/es/typography.js                                                             2.86 kB │ gzip: 0.94 kB │ map:  5.61 kB
dist/es/button.js                                                                 2.86 kB │ gzip: 1.01 kB │ map:  5.20 kB
dist/es/table/grouping.js                                                         2.98 kB │ gzip: 1.18 kB │ map:  5.67 kB
dist/es/image.js                                                                  3.04 kB │ gzip: 0.96 kB │ map:  9.89 kB
dist/es/responsive.js                                                             3.12 kB │ gzip: 1.30 kB │ map:  6.00 kB
dist/es/message.js                                                                3.16 kB │ gzip: 1.14 kB │ map: 10.65 kB
dist/es/formList.js                                                               3.17 kB │ gzip: 1.13 kB │ map:  8.51 kB
dist/es/colorPicker/index.js                                                      3.17 kB │ gzip: 1.05 kB │ map:  6.09 kB
dist/es/tour/position.js                                                          3.28 kB │ gzip: 1.21 kB │ map:  5.78 kB
dist/es/floatButton.js                                                            3.45 kB │ gzip: 1.09 kB │ map: 10.02 kB
dist/es/segmented.js                                                              3.57 kB │ gzip: 1.23 kB │ map: 11.51 kB
dist/es/dialog.js                                                                 3.60 kB │ gzip: 1.07 kB │ map: 10.64 kB
dist/es/rate.js                                                                   3.61 kB │ gzip: 1.39 kB │ map:  8.06 kB
dist/es/table/editing.js                                                          3.68 kB │ gzip: 1.29 kB │ map:  7.26 kB
dist/es/badge.js                                                                  3.70 kB │ gzip: 1.50 kB │ map:  8.50 kB
dist/es/masonry.js                                                                3.73 kB │ gzip: 1.54 kB │ map:  8.01 kB
dist/es/pagination.js                                                             3.78 kB │ gzip: 1.39 kB │ map:  8.00 kB
dist/es/tabs.js                                                                   3.90 kB │ gzip: 1.29 kB │ map:  8.02 kB
dist/es/dropdown.js                                                               3.93 kB │ gzip: 1.20 kB │ map:  7.47 kB
dist/es/table/virtual.js                                                          4.08 kB │ gzip: 1.42 kB │ map:  7.83 kB
dist/es/affix.js                                                                  4.22 kB │ gzip: 1.39 kB │ map:  7.82 kB
dist/es/tour/index.js                                                             4.22 kB │ gzip: 1.36 kB │ map:  8.53 kB
dist/es/treeDrag.js                                                               4.27 kB │ gzip: 1.33 kB │ map:  9.27 kB
dist/es/calendar.js                                                               4.30 kB │ gzip: 1.36 kB │ map: 11.34 kB
dist/es/colorPicker/color.js                                                      4.32 kB │ gzip: 1.67 kB │ map:  8.92 kB
dist/es/transfer.js                                                               4.57 kB │ gzip: 1.45 kB │ map:  9.31 kB
dist/es/anchor.js                                                                 4.61 kB │ gzip: 1.62 kB │ map:  9.88 kB
dist/es/formUtils.js                                                              4.61 kB │ gzip: 1.86 kB │ map:  9.47 kB
dist/es/inputNumber.js                                                            4.67 kB │ gzip: 1.65 kB │ map: 11.91 kB
dist/es/autoComplete.js                                                           4.83 kB │ gzip: 1.44 kB │ map: 13.02 kB
dist/es/table/columns.js                                                          4.86 kB │ gzip: 1.85 kB │ map:  9.42 kB
dist/es/table/state.js                                                            4.91 kB │ gzip: 1.49 kB │ map:  9.16 kB
dist/es/tag.js                                                                    5.70 kB │ gzip: 2.38 kB │ map: 11.73 kB
dist/es/calendarDate.js                                                           5.81 kB │ gzip: 2.11 kB │ map: 10.31 kB
dist/es/notification.js                                                           5.85 kB │ gzip: 1.97 kB │ map: 16.32 kB
dist/es/formField.js                                                              5.95 kB │ gzip: 1.80 kB │ map: 16.52 kB
dist/es/table/selection.js                                                        6.20 kB │ gzip: 1.72 kB │ map: 12.23 kB
dist/es/slider.js                                                                 6.48 kB │ gzip: 2.14 kB │ map: 15.07 kB
dist/es/listDrag.js                                                               6.66 kB │ gzip: 2.15 kB │ map: 17.43 kB
dist/es/drag.js                                                                   6.68 kB │ gzip: 2.19 kB │ map: 18.73 kB
dist/es/selection.js                                                              6.92 kB │ gzip: 2.27 kB │ map: 19.82 kB
dist/es/mentions.js                                                               7.62 kB │ gzip: 2.27 kB │ map: 19.38 kB
dist/es/upload.js                                                                 8.05 kB │ gzip: 2.94 kB │ map: 23.82 kB
dist/es/formValidate.js                                                           8.41 kB │ gzip: 2.95 kB │ map: 16.19 kB
dist/es/timePicker.js                                                             8.61 kB │ gzip: 2.76 kB │ map: 23.50 kB
dist/es/list.js                                                                   8.74 kB │ gzip: 2.73 kB │ map: 27.35 kB
dist/es/select.js                                                                 9.39 kB │ gzip: 3.27 kB │ map: 22.61 kB
dist/es/cascader.js                                                               9.57 kB │ gzip: 3.28 kB │ map: 24.11 kB
dist/es/datePickerAdvanced.js                                                    10.54 kB │ gzip: 2.70 kB │ map: 20.15 kB
dist/es/index.js                                                                 10.55 kB │ gzip: 2.51 kB
dist/es/trigger.js                                                               14.07 kB │ gzip: 3.99 kB │ map: 35.38 kB
dist/es/table/createTable.js                                                     14.88 kB │ gzip: 3.94 kB │ map: 26.03 kB
dist/es/splitter.js                                                              16.48 kB │ gzip: 4.94 kB │ map: 37.05 kB
dist/es/tree.js                                                                  18.95 kB │ gzip: 4.87 kB │ map: 45.81 kB
dist/es/form.js                                                                  19.56 kB │ gzip: 5.22 kB │ map: 43.64 kB
dist/es/datePicker.js                                                            23.16 kB │ gzip: 5.58 kB │ map: 59.30 kB

✓ built in 83ms
