$ pnpm --dir docs run build
$ node scripts/build.mjs
vite v8.2.1 building client environment for production...
[2Ktransforming...✓ 586 modules transformed.
rendering chunks...
computing gzip size...
dist/.vite/manifest.json                     116.23 kB │ gzip: 12.41 kB
dist/assets/entry-client-C76q2LM8.css        163.32 kB │ gzip: 24.73 kB
dist/assets/basic-D_fPpzYM.js                  0.12 kB │ gzip:  0.12 kB
dist/assets/empty-Dyg5r4Fi.js                  0.16 kB │ gzip:  0.17 kB
dist/assets/width-ENYQnjI-.js                  0.18 kB │ gzip:  0.17 kB
dist/assets/duration-Dn53ao5f.js               0.19 kB │ gzip:  0.19 kB
dist/assets/basic-D02QRktE.js                  0.19 kB │ gzip:  0.18 kB
dist/assets/merge-eVHg4Im0.js                  0.21 kB │ gzip:  0.16 kB
dist/assets/data-ez8iftd6.js                   0.22 kB │ gzip:  0.16 kB
dist/assets/check-CUNjhgRf.js                  0.22 kB │ gzip:  0.19 kB
dist/assets/basic-CbZV3zvV2.js                 0.24 kB │ gzip:  0.20 kB
dist/assets/style-CKUvd_8M.js                  0.26 kB │ gzip:  0.22 kB
dist/assets/clearableArrow-3jkTuBoV.js         0.28 kB │ gzip:  0.22 kB
dist/assets/Portal-CTNHHyTR.js                 0.29 kB │ gzip:  0.20 kB
dist/assets/wrap-BOqrQNNh.js                   0.30 kB │ gzip:  0.24 kB
dist/assets/search-BP2N4fyv.js                 0.32 kB │ gzip:  0.27 kB
dist/assets/basic-vp_OWh1-.js                  0.34 kB │ gzip:  0.25 kB
dist/assets/base-C-oLkeIq.js                   0.34 kB │ gzip:  0.27 kB
dist/assets/page-size-CIZCQvFN.js              0.34 kB │ gzip:  0.29 kB
dist/assets/avatar-OLX9vGG6.js                 0.35 kB │ gzip:  0.26 kB
dist/assets/block-D20yzlFK.js                  0.35 kB │ gzip:  0.29 kB
dist/assets/title-B9vChgpF.js                  0.35 kB │ gzip:  0.21 kB
dist/assets/disabled-n4ys0iOq.js               0.36 kB │ gzip:  0.29 kB
dist/assets/strict-BJVnhCfp.js                 0.36 kB │ gzip:  0.27 kB
dist/assets/block-DyJWEERn.js                  0.37 kB │ gzip:  0.29 kB
dist/assets/composition-CghPHtvE.js            0.37 kB │ gzip:  0.27 kB
dist/assets/search-Xfo8Lbrk.js                 0.37 kB │ gzip:  0.29 kB
dist/assets/style-H_E17zr5.js                  0.37 kB │ gzip:  0.29 kB
dist/assets/icons-BwAfRQ3H.js                  0.37 kB │ gzip:  0.29 kB
dist/assets/sort-BTPBeX8x.js                   0.37 kB │ gzip:  0.25 kB
dist/assets/basic-ClUeRYBs.js                  0.38 kB │ gzip:  0.27 kB
dist/assets/controlled-fDtdZl80.js             0.39 kB │ gzip:  0.32 kB
dist/assets/jumper-D7CVy8uh.js                 0.39 kB │ gzip:  0.32 kB
dist/assets/basic-CJKs1D8D.js                  0.40 kB │ gzip:  0.31 kB
dist/assets/appearance-DsmTRJoj.js             0.41 kB │ gzip:  0.28 kB
dist/assets/active-B3THHBL_.js                 0.41 kB │ gzip:  0.32 kB
dist/assets/input-BXiTVBic.js                  0.41 kB │ gzip:  0.29 kB
dist/assets/controlled-BbIRIbIV.js             0.41 kB │ gzip:  0.32 kB
dist/assets/button-C5f5tbA3.js                 0.41 kB │ gzip:  0.33 kB
dist/assets/link-DOX33QVr.js                   0.41 kB │ gzip:  0.33 kB
dist/assets/ghost-BLgeUNf4.js                  0.42 kB │ gzip:  0.31 kB
dist/assets/fragment--mdRDGF1.js               0.42 kB │ gzip:  0.32 kB
dist/assets/spin-CkuAs9KI.js                   0.43 kB │ gzip:  0.34 kB
dist/assets/icon-DpHHwPGE.js                   0.43 kB │ gzip:  0.31 kB
dist/assets/disabled-BVH18giO.js               0.43 kB │ gzip:  0.35 kB
dist/assets/semantic-CGGhM6EO.js               0.43 kB │ gzip:  0.30 kB
dist/assets/disabled-C1fm375P.js               0.43 kB │ gzip:  0.32 kB
dist/assets/children-CXde7QWd.js               0.44 kB │ gzip:  0.33 kB
dist/assets/paragraph-bzOavk8l.js              0.44 kB │ gzip:  0.39 kB
dist/assets/variants-CI1dErph.js               0.45 kB │ gzip:  0.35 kB
dist/assets/controlled-Zc8M7LUH.js             0.46 kB │ gzip:  0.34 kB
dist/assets/avatar-part-B8aG5uyY.js            0.46 kB │ gzip:  0.29 kB
dist/assets/range-CXJH1Qdg.js                  0.46 kB │ gzip:  0.38 kB
dist/assets/status-DECAbAbt.js                 0.46 kB │ gzip:  0.33 kB
dist/assets/basic-D4Snko_5.js                  0.46 kB │ gzip:  0.39 kB
dist/assets/range-Bo9zhytl.js                  0.47 kB │ gzip:  0.38 kB
dist/assets/constraints-Cf0NygCM.js            0.47 kB │ gzip:  0.34 kB
dist/assets/button-DNA56ud5.js                 0.47 kB │ gzip:  0.31 kB
dist/assets/responsive-D_MQu3XO.js             0.48 kB │ gzip:  0.28 kB
dist/assets/basic-C21Wzinw.js                  0.48 kB │ gzip:  0.37 kB
dist/assets/rotate-CZQATE-q.js                 0.48 kB │ gzip:  0.27 kB
dist/assets/password-controlled-YnBEq2OK.js    0.48 kB │ gzip:  0.37 kB
dist/assets/basic-CZdqLRgc.js                  0.49 kB │ gzip:  0.36 kB
dist/assets/custom-text-BDFdV3of.js            0.49 kB │ gzip:  0.36 kB
dist/assets/size-Cwi-mdf5.js                   0.49 kB │ gzip:  0.28 kB
dist/assets/manual-C_pFqSMa.js                 0.49 kB │ gzip:  0.40 kB
dist/assets/virtual-DFwAtSOW.js                0.49 kB │ gzip:  0.44 kB
dist/assets/basic-C_gBxX7l.js                  0.50 kB │ gzip:  0.29 kB
dist/assets/disabled-C1VbNp3s.js               0.50 kB │ gzip:  0.30 kB
dist/assets/virtual-DMqrryl5.js                0.51 kB │ gzip:  0.41 kB
dist/assets/inline-GV6MCuon.js                 0.51 kB │ gzip:  0.42 kB
dist/assets/icon-hO6cFvup.js                   0.51 kB │ gzip:  0.31 kB
dist/assets/disabled-RZqykr8s.js               0.51 kB │ gzip:  0.35 kB
dist/assets/node-DCedrRKF.js                   0.51 kB │ gzip:  0.33 kB
dist/assets/basic-BpVxCD8S.js                  0.51 kB │ gzip:  0.41 kB
dist/assets/tags-DvQYAkhT.js                   0.51 kB │ gzip:  0.41 kB
dist/assets/centered-BMSnq9CL.js               0.52 kB │ gzip:  0.30 kB
dist/assets/search-loading-BJanYG7L.js         0.52 kB │ gzip:  0.40 kB
dist/assets/basic-JFIr6gjf.js                  0.52 kB │ gzip:  0.38 kB
dist/assets/dynamic-CnJK7enu.js                0.52 kB │ gzip:  0.38 kB
dist/assets/basic-B0l1DA3h.js                  0.52 kB │ gzip:  0.34 kB
dist/assets/loading-CxyMLewx.js                0.52 kB │ gzip:  0.37 kB
dist/assets/variants-U6wYjd8y.js               0.53 kB │ gzip:  0.36 kB
dist/assets/clear-BZJU2Ddo.js                  0.53 kB │ gzip:  0.41 kB
dist/assets/card-C7t-MmRq.js                   0.53 kB │ gzip:  0.30 kB
dist/assets/prefix-EK-sR3fB.js                 0.53 kB │ gzip:  0.41 kB
dist/assets/action-dxYrbCDd.js                 0.53 kB │ gzip:  0.40 kB
dist/assets/vertical-DKDqx_39.js               0.53 kB │ gzip:  0.31 kB
dist/assets/responsive-DwiHEpC4.js             0.53 kB │ gzip:  0.39 kB
dist/assets/compact-vertical-Bkbo-sep.js       0.54 kB │ gzip:  0.26 kB
dist/assets/form-Clqu0qKG.js                   0.54 kB │ gzip:  0.35 kB
dist/assets/states-BjJ9XuKj.js                 0.54 kB │ gzip:  0.43 kB
dist/assets/responsive-CVyQSUzo.js             0.54 kB │ gzip:  0.35 kB
dist/assets/vertical-Dw8LWM9W.js               0.54 kB │ gzip:  0.31 kB
dist/assets/preset-groups-Dgf60zbJ.js          0.54 kB │ gzip:  0.44 kB
dist/assets/editable-CIX7A4Ql.js               0.54 kB │ gzip:  0.44 kB
dist/assets/ref-BoGRN7Ek.js                    0.54 kB │ gzip:  0.39 kB
dist/assets/states-C6RxIJnu.js                 0.54 kB │ gzip:  0.37 kB
dist/assets/slice-BzpiLJ3m.js                  0.54 kB │ gzip:  0.36 kB
dist/assets/disabled-BNufnnU0.js               0.54 kB │ gzip:  0.43 kB
dist/assets/affix-Bjd71Jfo.js                  0.55 kB │ gzip:  0.40 kB
dist/assets/editable-c20MNJyg.js               0.55 kB │ gzip:  0.42 kB
dist/assets/native-mkLcQVEe.js                 0.55 kB │ gzip:  0.42 kB
dist/assets/half-BEXmOWuG.js                   0.55 kB │ gzip:  0.44 kB
dist/assets/orientation-margin-BaQcmb5C.js     0.55 kB │ gzip:  0.32 kB
dist/assets/textarea-CLkXbre7.js               0.55 kB │ gzip:  0.41 kB
dist/assets/preserve-Ds3Bdrhn.js               0.55 kB │ gzip:  0.38 kB
dist/assets/appearance-FuedAFKk.js             0.55 kB │ gzip:  0.36 kB
dist/assets/sizes-mef-8WDH.js                  0.56 kB │ gzip:  0.33 kB
dist/assets/size-YLyk6Oqa.js                   0.56 kB │ gzip:  0.33 kB
dist/assets/password-u2E5iTUb.js               0.56 kB │ gzip:  0.38 kB
dist/assets/multiple-De5Yw1Y6.js               0.56 kB │ gzip:  0.42 kB
dist/assets/placement-Bup4HaRZ.js              0.56 kB │ gzip:  0.33 kB
dist/assets/presets-DO1c31tR.js                0.56 kB │ gzip:  0.45 kB
dist/assets/basic-Dq74Tn9l.js                  0.57 kB │ gzip:  0.44 kB
dist/assets/basic-9vc3UtKG.js                  0.57 kB │ gzip:  0.35 kB
dist/assets/align-C0kA6r1R.js                  0.57 kB │ gzip:  0.40 kB
dist/assets/search-G_SFRKTW.js                 0.57 kB │ gzip:  0.42 kB
dist/assets/group-lRheYVHc.js                  0.58 kB │ gzip:  0.35 kB
dist/assets/watch-DtnCF57x.js                  0.58 kB │ gzip:  0.39 kB
dist/assets/characters-D0I1IswI.js             0.58 kB │ gzip:  0.42 kB
dist/assets/keyboard-DdtYQ_6B.js               0.58 kB │ gzip:  0.47 kB
dist/assets/search-CkA-M4fl.js                 0.58 kB │ gzip:  0.40 kB
dist/assets/addon-QFa7KsbM.js                  0.59 kB │ gzip:  0.35 kB
dist/assets/basic-FIHCFVDr.js                  0.59 kB │ gzip:  0.46 kB
dist/assets/placement-CAOsCNrL.js              0.59 kB │ gzip:  0.35 kB
dist/assets/constraints-yLe0LKMS.js            0.60 kB │ gzip:  0.46 kB
dist/assets/events-i-jvPLqo.js                 0.60 kB │ gzip:  0.43 kB
dist/assets/filter-DtZhC1Vk.js                 0.60 kB │ gzip:  0.45 kB
dist/assets/remote-BENj4-w2.js                 0.60 kB │ gzip:  0.48 kB
dist/assets/fields-C8BdzZGL.js                 0.60 kB │ gzip:  0.42 kB
dist/assets/theme-Bu8qwAS4.js                  0.60 kB │ gzip:  0.43 kB
dist/assets/label-value-Dz_MEcPE.js            0.61 kB │ gzip:  0.42 kB
dist/assets/basic-DAb5qDUM.js                  0.61 kB │ gzip:  0.45 kB
dist/assets/size-BxncaAbP.js                   0.61 kB │ gzip:  0.38 kB
dist/assets/autosize-ghOdNRUu.js               0.61 kB │ gzip:  0.45 kB
dist/assets/basic-zagNFx9N.js                  0.61 kB │ gzip:  0.43 kB
dist/assets/theme-BG67R-kz.js                  0.61 kB │ gzip:  0.44 kB
dist/assets/vertical-CbR27VOK.js               0.61 kB │ gzip:  0.46 kB
dist/assets/shift-CzFeUWRU.js                  0.61 kB │ gzip:  0.47 kB
dist/assets/controlled-Bv0K8YYr2.js            0.62 kB │ gzip:  0.38 kB
dist/assets/group-6EAQ2wVa.js                  0.62 kB │ gzip:  0.48 kB
dist/assets/grouped-CcBbthR4.js                0.62 kB │ gzip:  0.46 kB
dist/assets/basic-CfYML8NM.js                  0.62 kB │ gzip:  0.42 kB
dist/assets/filter-BxcN9Jm0.js                 0.63 kB │ gzip:  0.43 kB
dist/assets/formats-CK-9bkz9.js                0.63 kB │ gzip:  0.46 kB
dist/assets/basic-CaGn8uBn.js                  0.63 kB │ gzip:  0.36 kB
dist/assets/link-CzbO5q16.js                   0.63 kB │ gzip:  0.40 kB
dist/assets/copyable-BWAS0gG3.js               0.64 kB │ gzip:  0.49 kB
dist/assets/basic-DrHNsBSu.js                  0.64 kB │ gzip:  0.37 kB
dist/assets/placement-PgikH2rk.js              0.64 kB │ gzip:  0.41 kB
dist/assets/nested-HVsvHIEg.js                 0.64 kB │ gzip:  0.43 kB
dist/assets/basic-DwGLW65j.js                  0.64 kB │ gzip:  0.46 kB
dist/assets/context-Dl43TdIh.js                0.64 kB │ gzip:  0.43 kB
dist/assets/form-Bk7aOXBg.js                   0.64 kB │ gzip:  0.45 kB
dist/assets/states-DF86vTTn.js                 0.64 kB │ gzip:  0.42 kB
dist/assets/actions-C-U-2obM.js                0.65 kB │ gzip:  0.48 kB
dist/assets/basic-Bw0p1KjD.js                  0.65 kB │ gzip:  0.49 kB
dist/assets/form-CccmOghO.js                   0.65 kB │ gzip:  0.46 kB
dist/assets/size-C96p_txj.js                   0.65 kB │ gzip:  0.45 kB
dist/assets/upload-CHNoCEWg.js                 0.65 kB │ gzip:  0.46 kB
dist/assets/color-DuTHa3e6.js                  0.65 kB │ gzip:  0.29 kB
dist/assets/basic-BRHQrZjk.js                  0.65 kB │ gzip:  0.46 kB
dist/assets/basic-By7WA_4F.js                  0.65 kB │ gzip:  0.49 kB
dist/assets/checkable-CEnET8AX.js              0.65 kB │ gzip:  0.47 kB
dist/assets/open-L-Bhq0Zo.js                   0.66 kB │ gzip:  0.46 kB
dist/assets/buttons-DsSsMZT1.js                0.66 kB │ gzip:  0.40 kB
dist/assets/controlled-N4FA4UAE.js             0.66 kB │ gzip:  0.49 kB
dist/assets/modes-g28w2QJh.js                  0.66 kB │ gzip:  0.41 kB
dist/assets/drag-DY84watt.js                   0.66 kB │ gzip:  0.43 kB
dist/assets/form-C6srfJm2.js                   0.67 kB │ gzip:  0.47 kB
dist/assets/normalize-CjRDt7t8.js              0.67 kB │ gzip:  0.50 kB
dist/assets/basic-CtfDcWwA.js                  0.67 kB │ gzip:  0.46 kB
dist/assets/remote-B2A9ll6i.js                 0.67 kB │ gzip:  0.54 kB
dist/assets/compact-buttons-CDQSkTzp.js        0.67 kB │ gzip:  0.37 kB
dist/assets/open-Tn1ztu1v.js                   0.67 kB │ gzip:  0.48 kB
dist/assets/variants-DWZuabT7.js               0.67 kB │ gzip:  0.45 kB
dist/assets/open-CgA-_a9C.js                   0.68 kB │ gzip:  0.47 kB
dist/assets/time-presets-0tkq4clP.js           0.68 kB │ gzip:  0.48 kB
dist/assets/dragger-DnDPogly.js                0.68 kB │ gzip:  0.51 kB
dist/assets/events-BW5Xbuki.js                 0.68 kB │ gzip:  0.50 kB
dist/assets/multiple-D88fLVUQ.js               0.69 kB │ gzip:  0.51 kB
dist/assets/controlled-CKId3FKV.js             0.69 kB │ gzip:  0.42 kB
dist/assets/disabled-DJqbTDfE.js               0.69 kB │ gzip:  0.47 kB
dist/assets/form-yFcyXtmh.js                   0.70 kB │ gzip:  0.49 kB
dist/assets/offset-CsC_VVZo.js                 0.70 kB │ gzip:  0.34 kB
dist/assets/fixed-header-B-wxc776.js           0.70 kB │ gzip:  0.50 kB
dist/assets/dynamic-vVUBEDwf.js                0.70 kB │ gzip:  0.49 kB
dist/assets/basic-B6aB42VX.js                  0.70 kB │ gzip:  0.55 kB
dist/assets/form-Cm5TFi4u.js                   0.70 kB │ gzip:  0.49 kB
dist/assets/range-eVYKXtds.js                  0.71 kB │ gzip:  0.53 kB
dist/assets/trigger-C-pE43nA.js                0.71 kB │ gzip:  0.52 kB
dist/assets/disabled-DpKiV9vG.js               0.71 kB │ gzip:  0.43 kB
dist/assets/variants-Dz33mbVw.js               0.71 kB │ gzip:  0.45 kB
dist/assets/basic-D7DOkq9u.js                  0.72 kB │ gzip:  0.43 kB
dist/assets/context-menu-eaVrP1ni.js           0.72 kB │ gzip:  0.52 kB
dist/assets/form-QTLlbtG-.js                   0.72 kB │ gzip:  0.51 kB
dist/assets/size-status-DX1jqhj9.js            0.72 kB │ gzip:  0.42 kB
dist/assets/messages-DmwgCbmW.js               0.72 kB │ gzip:  0.52 kB
dist/assets/search-CjwbGdcK.js                 0.72 kB │ gzip:  0.50 kB
dist/assets/controlled-BpqhmrMJ.js             0.72 kB │ gzip:  0.37 kB
dist/assets/validate-only-DCphXP7J.js          0.72 kB │ gzip:  0.51 kB
dist/assets/controlled-Ca3bkoUD.js             0.72 kB │ gzip:  0.53 kB
dist/assets/search-B5mNeADg.js                 0.72 kB │ gzip:  0.52 kB
dist/assets/date-time-Dk8fh36T.js              0.73 kB │ gzip:  0.48 kB
dist/assets/form-CgHYmZmp.js                   0.73 kB │ gzip:  0.53 kB
dist/assets/controlled-BfDigiv4.js             0.73 kB │ gzip:  0.54 kB
dist/assets/advanced-BtN-cWsQ.js               0.74 kB │ gzip:  0.54 kB
dist/assets/basic-wH1edfS9.js                  0.74 kB │ gzip:  0.53 kB
dist/assets/controlled-CfwgEzyC.js             0.74 kB │ gzip:  0.45 kB
dist/assets/login-uq13pxHz.js                  0.74 kB │ gzip:  0.49 kB
dist/assets/plain-Cex_Axnu.js                  0.76 kB │ gzip:  0.40 kB
dist/assets/overflow-CfgaNJ5z.js               0.76 kB │ gzip:  0.50 kB
dist/assets/size-BKO3uxoD.js                   0.76 kB │ gzip:  0.38 kB
dist/assets/destroy-inactive-B28DPBuh.js       0.76 kB │ gzip:  0.55 kB
dist/assets/flex-CtXadj6X.js                   0.76 kB │ gzip:  0.51 kB
dist/assets/item-render-D1VQZObw.js            0.77 kB │ gzip:  0.52 kB
dist/assets/trigger-BnmqlTMD.js                0.78 kB │ gzip:  0.44 kB
dist/assets/native-CIsUqiSb.js                 0.78 kB │ gzip:  0.60 kB
dist/assets/focus-CB40sBR6.js                  0.78 kB │ gzip:  0.56 kB
dist/assets/nested-CENl4mPK.js                 0.79 kB │ gzip:  0.36 kB
dist/assets/recovery-CHLg2MkE.js               0.79 kB │ gzip:  0.56 kB
dist/assets/customize-ICrefw2e.js              0.79 kB │ gzip:  0.44 kB
dist/assets/disabled-delay-LB5hOE3A.js         0.79 kB │ gzip:  0.49 kB
dist/assets/editable-7namPTb0.js               0.79 kB │ gzip:  0.59 kB
dist/assets/variants-BK7t7eYt.js               0.80 kB │ gzip:  0.42 kB
dist/assets/controlled-xEOURt9O.js             0.80 kB │ gzip:  0.53 kB
dist/assets/basic-ByCXR-La.js                  0.80 kB │ gzip:  0.52 kB
dist/assets/keyboard-DyiRl1Zf.js               0.80 kB │ gzip:  0.58 kB
dist/assets/horizontal-CMpZ5OUA.js             0.81 kB │ gzip:  0.38 kB
dist/assets/controlled-CG149-yj.js             0.81 kB │ gzip:  0.59 kB
dist/assets/image-ChOyqshc.js                  0.81 kB │ gzip:  0.56 kB
dist/assets/multiple-DhtgNMMW.js               0.81 kB │ gzip:  0.57 kB
dist/assets/conditional-Cg0VhRKO.js            0.81 kB │ gzip:  0.42 kB
dist/assets/style-5MxgctPr.js                  0.82 kB │ gzip:  0.46 kB
dist/assets/basic-DddoN3Kj.js                  0.82 kB │ gzip:  0.39 kB
dist/assets/basic-Bc4Cc69Y.js                  0.83 kB │ gzip:  0.58 kB
dist/assets/separator-DJocrWY2.js              0.83 kB │ gzip:  0.46 kB
dist/assets/loading-BgjiU7M0.js                0.83 kB │ gzip:  0.59 kB
dist/assets/context-DZNEBf_r.js                0.84 kB │ gzip:  0.54 kB
dist/assets/semantic-Bx3KRQVa.js               0.84 kB │ gzip:  0.53 kB
dist/assets/align-MKlDMJLf.js                  0.85 kB │ gzip:  0.56 kB
dist/assets/directions-DWdSApkP.js             0.85 kB │ gzip:  0.53 kB
dist/assets/basic-DQa5V3TV.js                  0.85 kB │ gzip:  0.54 kB
dist/assets/remote-pVH2KB_7.js                 0.85 kB │ gzip:  0.65 kB
dist/assets/trigger-B7027TkJ.js                0.86 kB │ gzip:  0.48 kB
dist/assets/context-CWGWjJTH.js                0.86 kB │ gzip:  0.56 kB
dist/assets/context-CmzcZwT2.js                0.86 kB │ gzip:  0.56 kB
dist/assets/strict-8rV7_hFQ.js                 0.87 kB │ gzip:  0.54 kB
dist/assets/dependent-Ck8di6ld.js              0.87 kB │ gzip:  0.53 kB
dist/assets/marks-DxdXN4J7.js                  0.87 kB │ gzip:  0.55 kB
dist/assets/double-click-wUbmQOge.js           0.87 kB │ gzip:  0.48 kB
dist/assets/custom-buttons-BdoEW_Jp.js         0.87 kB │ gzip:  0.55 kB
dist/assets/children-32le0k2T.js               0.88 kB │ gzip:  0.32 kB
dist/assets/style-DVsoFdpq.js                  0.88 kB │ gzip:  0.59 kB
dist/assets/destroy-on-hidden-Dbuysp2a.js      0.88 kB │ gzip:  0.51 kB
dist/assets/context-CXC3GIwr.js                0.88 kB │ gzip:  0.56 kB
dist/assets/one-way-BWHPluGT.js                0.88 kB │ gzip:  0.62 kB
dist/assets/compact-Dc5srOQt.js                0.89 kB │ gzip:  0.51 kB
dist/assets/basic-DBaJQlBe.js                  0.89 kB │ gzip:  0.58 kB
dist/assets/ellipsis-BZJOFPJP.js               0.90 kB │ gzip:  0.57 kB
dist/assets/combination-BgNEQpKQ.js            0.90 kB │ gzip:  0.63 kB
dist/assets/container-CjhA1KGg.js              0.90 kB │ gzip:  0.56 kB
dist/assets/sequential-CQfgVALB.js             0.90 kB │ gzip:  0.57 kB
dist/assets/form-D3SWF7lT.js                   0.91 kB │ gzip:  0.60 kB
dist/assets/programmatic-CkuMsv0A.js           0.91 kB │ gzip:  0.60 kB
dist/assets/controlled-BymyLtn7.js             0.91 kB │ gzip:  0.59 kB
dist/assets/collapsible-icon-N5cbUAP6.js       0.92 kB │ gzip:  0.42 kB
dist/assets/list-move-dNCsmI2V.js              0.92 kB │ gzip:  0.60 kB
dist/assets/wrap-Bm0ZU-0-.js                   0.93 kB │ gzip:  0.59 kB
dist/assets/with-text-B4q0P-qD.js              0.93 kB │ gzip:  0.47 kB
dist/assets/group-wBo1x34d.js                  0.93 kB │ gzip:  0.59 kB
dist/assets/context-bGBpLOLf.js                0.95 kB │ gzip:  0.58 kB
dist/assets/types-CKQp-jSQ.js                  0.95 kB │ gzip:  0.58 kB
dist/assets/picture-BoxfFUDh.js                0.95 kB │ gzip:  0.69 kB
dist/assets/layout-change-DR2912ce.js          0.95 kB │ gzip:  0.61 kB
dist/assets/container-BR1eXwj6.js              0.96 kB │ gzip:  0.58 kB
dist/assets/picture-card-daGGyUWJ.js           0.96 kB │ gzip:  0.55 kB
dist/assets/position-Canmxs0F.js               0.96 kB │ gzip:  0.50 kB
dist/assets/ref-CeQdfBOf.js                    0.97 kB │ gzip:  0.57 kB
dist/assets/click-CSktJN9C.js                  0.97 kB │ gzip:  0.63 kB
dist/assets/context-7-AXVaPV.js                0.98 kB │ gzip:  0.62 kB
dist/assets/custom-render-4RlZwuvE.js          0.99 kB │ gzip:  0.66 kB
dist/assets/basic-CqkPFfsi.js                  0.99 kB │ gzip:  0.64 kB
dist/assets/fixed-sider-C-NLVxzJ.js            0.99 kB │ gzip:  0.62 kB
dist/assets/responsive-mgFqXxko.js             1.00 kB │ gzip:  0.65 kB
dist/assets/style-BHRpfM7X.js                  1.00 kB │ gzip:  0.55 kB
dist/assets/controlled-ah2ZUwop.js             1.01 kB │ gzip:  0.65 kB
dist/assets/appearance-BR3xFfax.js             1.01 kB │ gzip:  0.64 kB
dist/assets/controlled-CXpzCmya.js             1.01 kB │ gzip:  0.62 kB
dist/assets/register-Bh768089.js               1.02 kB │ gzip:  0.61 kB
dist/assets/context-B0ANobJG.js                1.02 kB │ gzip:  0.64 kB
dist/assets/lazy-Bb4yc9rz.js                   1.03 kB │ gzip:  0.44 kB
dist/assets/flex-item-DIJpi_av.js              1.05 kB │ gzip:  0.52 kB
dist/assets/dynamic-RuE-0NC6.js                1.05 kB │ gzip:  0.66 kB
dist/assets/dynamic-DWA8Yt6b.js                1.05 kB │ gzip:  0.68 kB
dist/assets/format-CW22NQ7S.js                 1.05 kB │ gzip:  0.60 kB
dist/assets/sizes-Ms_GrI5k.js                  1.05 kB │ gzip:  0.44 kB
dist/assets/native-C6jSdaRW.js                 1.06 kB │ gzip:  0.71 kB
dist/assets/overflow-0_D6lYwV.js               1.06 kB │ gzip:  0.60 kB
dist/assets/search-CNzI0jNR.js                 1.06 kB │ gzip:  0.68 kB
dist/assets/reverse-arrow-90xml7gH.js          1.06 kB │ gzip:  0.59 kB
dist/assets/nested-DwTPqPhN.js                 1.07 kB │ gzip:  0.61 kB
dist/assets/PickerSuffix-Ba2hEpEc.js           1.08 kB │ gzip:  0.64 kB
dist/assets/precision-BdNL03et.js              1.08 kB │ gzip:  0.62 kB
dist/assets/confirmation-DJDOopH7.js           1.08 kB │ gzip:  0.68 kB
dist/assets/constraints-Bk1XPnSZ.js            1.10 kB │ gzip:  0.76 kB
dist/assets/dynamic-C2hnx5yq.js                1.11 kB │ gzip:  0.71 kB
dist/assets/feedback-BU9x9RO3.js               1.11 kB │ gzip:  0.62 kB
dist/assets/scroll-BLvPNpFg.js                 1.11 kB │ gzip:  0.70 kB
dist/assets/theme-BYX1KNKk.js                  1.12 kB │ gzip:  0.68 kB
dist/assets/size-DsbH6DB8.js                   1.14 kB │ gzip:  0.65 kB
dist/assets/text-J9AlcVUw.js                   1.15 kB │ gzip:  0.56 kB
dist/assets/inline-empty-Bjt4gPs3.js           1.16 kB │ gzip:  0.74 kB
dist/assets/theme-rJFBAgVs.js                  1.17 kB │ gzip:  0.77 kB
dist/assets/list-CN1clJxL.js                   1.18 kB │ gzip:  0.75 kB
dist/assets/fresh-DHDygfNd.js                  1.20 kB │ gzip:  0.88 kB
dist/assets/multiple-Dir9zIQL.js               1.20 kB │ gzip:  0.58 kB
dist/assets/collapsible-CmBSybd-.js            1.21 kB │ gzip:  0.63 kB
dist/assets/variants-DyPv0qjU.js               1.22 kB │ gzip:  0.52 kB
dist/assets/align-wACA-LPH.js                  1.22 kB │ gzip:  0.66 kB
dist/assets/control-u9P78O7T.js                1.22 kB │ gzip:  0.66 kB
dist/assets/Icon-wZo4ejCK.js                   1.24 kB │ gzip:  0.69 kB
dist/assets/context-C-jbGkZB.js                1.25 kB │ gzip:  0.70 kB
dist/assets/gap-CPtONDwm.js                    1.27 kB │ gzip:  0.71 kB
dist/assets/gutter-BfMXlztg.js                 1.27 kB │ gzip:  0.58 kB
dist/assets/validation-YWK4s2s1.js             1.27 kB │ gzip:  0.82 kB
dist/assets/ConfigProvider-kWE5vGX6.js         1.30 kB │ gzip:  0.72 kB
dist/assets/context-DLgyRdx4.js                1.31 kB │ gzip:  0.73 kB
dist/assets/states-D5JSqWHe.js                 1.32 kB │ gzip:  0.71 kB
dist/assets/aliases-ref-DuOF_pDv.js            1.32 kB │ gzip:  0.75 kB
dist/assets/disabled-CS45ZM0a.js               1.35 kB │ gzip:  0.74 kB
dist/assets/order-CylLx8FI.js                  1.37 kB │ gzip:  0.59 kB
dist/assets/context-BBSuqwFk.js                1.39 kB │ gzip:  0.68 kB
dist/assets/lifecycle-Dr66VkaZ.js              1.42 kB │ gzip:  0.79 kB
dist/assets/controlled-Dqi38X42.js             1.43 kB │ gzip:  0.79 kB
dist/assets/custom-B0_Cdw8d.js                 1.43 kB │ gzip:  0.89 kB
dist/assets/dynamic-OR0K0kvI.js                1.48 kB │ gzip:  0.75 kB
dist/assets/element-CP2bxvIL.js                1.49 kB │ gzip:  0.84 kB
dist/assets/side-CHouuTJs.js                   1.50 kB │ gzip:  0.96 kB
dist/assets/controls-B8gv01bm.js               1.51 kB │ gzip:  0.83 kB
dist/assets/responsive-more-BnsH3igp.js        1.54 kB │ gzip:  0.72 kB
dist/assets/basic-DA6EIbgW.js                  1.54 kB │ gzip:  0.53 kB
dist/assets/custom-trigger-CXWAhrRU.js         1.62 kB │ gzip:  0.86 kB
dist/assets/top-side-BH_swe5E.js               1.63 kB │ gzip:  0.90 kB
dist/assets/flex-stretch-DXkfxfWS.js           1.68 kB │ gzip:  0.72 kB
dist/assets/custom-list-Jry0K-SR.js            1.69 kB │ gzip:  0.92 kB
dist/assets/playground-Dak4Kj5P.js             1.79 kB │ gzip:  0.83 kB
dist/assets/states-fv1xOe8b.js                 1.86 kB │ gzip:  0.67 kB
dist/assets/Flex-DyAYDgx5.js                   1.92 kB │ gzip:  0.85 kB
dist/assets/_VirtualList-BA1KUYGx.js           2.09 kB │ gzip:  1.03 kB
dist/assets/selection-aro6BeRv.js              2.48 kB │ gzip:  1.10 kB
dist/assets/list-nested-C6E7ZeR6.js            2.60 kB │ gzip:  1.24 kB
dist/assets/color-BKjaAcKI.js                  2.63 kB │ gzip:  1.25 kB
dist/assets/layout-DOMsOgBU.js                 2.78 kB │ gzip:  0.99 kB
dist/assets/list-complex-C_B9g7Vq.js           2.98 kB │ gzip:  1.34 kB
dist/assets/Divider-Db6yQiUm.js                3.07 kB │ gzip:  1.30 kB
dist/assets/Popover-BLQVqizf.js                3.29 kB │ gzip:  1.41 kB
dist/assets/Tooltip-CdtBgUAo.js                3.32 kB │ gzip:  1.42 kB
dist/assets/Space-COls8b1F.js                  3.60 kB │ gzip:  1.42 kB
dist/assets/use-breakpoint-ClFUzK4M.js         3.61 kB │ gzip:  1.65 kB
dist/assets/Masonry-DJp56Y2C.js                4.02 kB │ gzip:  1.94 kB
dist/assets/styles-CIXcEs7S.js                 4.16 kB │ gzip:  1.00 kB
dist/assets/Switch-PPdjX7HD.js                 4.44 kB │ gzip:  1.85 kB
dist/assets/Skeleton-qfaLW0nm.js               4.55 kB │ gzip:  1.66 kB
dist/assets/Avatar-D4ZoOCc7.js                 4.63 kB │ gzip:  1.92 kB
dist/assets/styles-C5X9S63M.js                 4.82 kB │ gzip:  1.37 kB
dist/assets/Rate-Dib8q1pY.js                   5.23 kB │ gzip:  2.16 kB
dist/assets/Layout-CKDA_TIb.js                 5.77 kB │ gzip:  2.04 kB
dist/assets/Dropdown-BZ-TitY7.js               5.89 kB │ gzip:  2.42 kB
dist/assets/trigger-BU6Fz_6Y.js                6.18 kB │ gzip:  2.37 kB
dist/assets/Checkbox-DCMCCzi_.js               6.29 kB │ gzip:  2.37 kB
dist/assets/Grid-D8pWAS4X.js                   6.48 kB │ gzip:  2.17 kB
dist/assets/Segmented-BGyDgMjL.js              6.57 kB │ gzip:  2.76 kB
dist/assets/Pagination-xnB6AFDo.js             7.44 kB │ gzip:  2.75 kB
dist/assets/Button-CBNhIFTQ.js                 7.73 kB │ gzip:  2.25 kB
dist/assets/badge-BesNKNkF.js                  7.75 kB │ gzip:  2.62 kB
dist/assets/Radio-QX_dWuJ8.js                  7.98 kB │ gzip:  2.80 kB
dist/assets/InputNumber-8VwxDhFL.js            8.60 kB │ gzip:  3.35 kB
dist/assets/Transfer-KXFg4ul9.js               8.88 kB │ gzip:  3.35 kB
dist/assets/Typography-BsHeFMMz.js             9.02 kB │ gzip:  3.40 kB
dist/assets/AutoComplete-CdQuTyUf.js           9.20 kB │ gzip:  3.68 kB
dist/assets/Tabs-DIGksU2_.js                   9.54 kB │ gzip:  3.58 kB
dist/assets/portal-D7IgFyvM.js                10.04 kB │ gzip:  4.01 kB
dist/assets/Mentions-CG2QWsZ_.js              10.36 kB │ gzip:  4.24 kB
dist/assets/Slider-C4qYM_l_.js                10.84 kB │ gzip:  4.17 kB
dist/assets/Form-qJTt6-Lq.js                  11.16 kB │ gzip:  4.02 kB
dist/assets/TreeSelect-DsagtpvB.js            12.35 kB │ gzip:  4.20 kB
dist/assets/ColorPicker-DilyD0s2.js           12.73 kB │ gzip:  4.84 kB
dist/assets/Input-cNpYBqzv.js                 13.36 kB │ gzip:  4.89 kB
dist/assets/Select-XiIkVbvn.js                15.19 kB │ gzip:  5.24 kB
dist/assets/Splitter-Ci0h2zlh.js              16.59 kB │ gzip:  6.30 kB
dist/assets/TimePicker-BWtz0MiY.js            17.17 kB │ gzip:  5.37 kB
dist/assets/Cascader-l3V5PVaO.js              20.88 kB │ gzip:  6.61 kB
dist/assets/Tree-C4tIF8K1.js                  22.06 kB │ gzip:  7.75 kB
dist/assets/Upload-BEajAbcc.js                25.15 kB │ gzip:  7.88 kB
dist/assets/dist-rNV7ZeQa.js                  28.79 kB │ gzip:  9.24 kB
dist/assets/DatePicker-BI_BqwCR.js            37.96 kB │ gzip: 10.60 kB
dist/assets/web-DKLuWNgE.js                   39.77 kB │ gzip: 15.43 kB
dist/assets/src-BAedleCo.js                   49.94 kB │ gzip: 17.26 kB
dist/assets/entry-client-JgCJ-08z.js          57.22 kB │ gzip: 13.13 kB

✓ built in 1.14s
vite v8.2.1 building ssr environment for production...
[2Ktransforming...✓ 581 modules transformed.
rendering chunks...
computing gzip size...
.ssr/entry-server.js  1,025.73 kB │ gzip: 230.32 kB

✓ built in 245ms
Prerendered 45 documentation pages to docs/dist (base: /).
