$ vitest run render/Typography render/Avatar

 RUN  v4.1.10 /Users/zhangchen327/code/github/pk111and222/solid-upthrust/packages/testing

stderr | render/Typography/contracts.test.tsx
You appear to have multiple instances of Solid. This can lead to unexpected behavior.

 ❯ render/Typography/contracts.test.tsx (4 tests | 4 failed) 18ms
   × [typography.link.disabled] disables navigation 10ms
   × [typography.link.actions] wires inherited props 2ms
   × [typography.ellipsis.single] object ellipsis handles one row 3ms
   × [typography.title.dynamic] preserves semantic colors and changes level 2ms
stderr | render/Avatar/contracts.test.tsx
You appear to have multiple instances of Solid. This can lead to unexpected behavior.

 ❯ render/Avatar/contracts.test.tsx (7 tests | 7 failed) 27ms
   × [avatar.class] forwards both classes 14ms
   × [avatar.image.priority] icon wins over children after failure 3ms
   × [avatar.image.retry] changing image source retries 1ms
   × [avatar.responsive] standalone and member sizes track viewport 4ms
   × [avatar.responsive.cleanup] toggling responsive mode releases listeners 1ms
   × [avatar.children] preserves JSX and Unicode initials 1ms
   × [avatar.group.count] maxCount is the number of visible avatars 2ms

⎯⎯⎯⎯⎯⎯ Failed Tests 11 ⎯⎯⎯⎯⎯⎯⎯

 FAIL  render/Avatar/contracts.test.tsx > [avatar.class] forwards both classes
AssertionError: expected null not to be null
 ❯ render/Avatar/contracts.test.tsx:10:56
      8| it('[avatar.class] forwards both classes', () => {
      9|   view = mount(() => <AvatarGroup class="team"><Avatar class="person">…
     10|   expect(view.host.querySelector('.team .person')).not.toBeNull()
       |                                                        ^
     11| })
     12| // 图标是图片加载失败后的第一优先级，不能被文字抢占。

⎯⎯⎯⎯⎯⎯⎯⎯⎯⎯⎯⎯⎯⎯⎯⎯⎯⎯⎯⎯⎯⎯⎯[1/11]⎯

 FAIL  render/Avatar/contracts.test.tsx > [avatar.image.priority] icon wins over children after failure
AssertionError: expected 'AB' to be 'icon' // Object.is equality

Expected: "icon"
Received: "AB"

 ❯ render/Avatar/contracts.test.tsx:16:33
     14|   view = mount(() => <Avatar src="/bad.png" icon={<b>icon</b>}>AB</Ava…
     15|   view.host.querySelector('img')!.dispatchEvent(new Event('error')); f…
     16|   expect(view.host.textContent).toBe('icon')
       |                                 ^
     17| })
     18| // 失败只针对当前资源；更新 src 或 srcSet 后允许重新加载。

⎯⎯⎯⎯⎯⎯⎯⎯⎯⎯⎯⎯⎯⎯⎯⎯⎯⎯⎯⎯⎯⎯⎯[2/11]⎯

 FAIL  render/Avatar/contracts.test.tsx > [avatar.image.retry] changing image source retries
AssertionError: expected undefined to be '/good.png' // Object.is equality

- Expected:
"/good.png"

+ Received:
undefined

 ❯ render/Avatar/contracts.test.tsx:24:63
     22|   view.host.querySelector('img')!.dispatchEvent(new Event('error')); f…
     23|   setSrc('/good.png'); flush()
     24|   expect(view.host.querySelector('img')?.getAttribute('src')).toBe('/g…
       |                                                               ^
     25| })
     26| // 独立头像和固定尺寸组内的响应式成员都使用真实视口。

⎯⎯⎯⎯⎯⎯⎯⎯⎯⎯⎯⎯⎯⎯⎯⎯⎯⎯⎯⎯⎯⎯⎯[3/11]⎯

 FAIL  render/Avatar/contracts.test.tsx > [avatar.responsive] standalone and member sizes track viewport
AssertionError: expected [ '100px', '24px' ] to deeply equal [ '24px', '24px' ]

- Expected
+ Received

  [
-   "24px",
+   "100px",
    "24px",
  ]

 ❯ render/Avatar/contracts.test.tsx:32:45
     30|   expect([...view.host.querySelectorAll('[title]')].length).toBe(0)
     31|   const boxes = () => [...view.host.querySelectorAll('span')].filter(e…
     32|   expect(boxes().map(el => el.style.width)).toEqual(['24px', '24px'])
       |                                             ^
     33|   vi.spyOn(window, 'innerWidth', 'get').mockReturnValue(800); window.d…
     34|   expect(boxes().map(el => el.style.width)).toEqual(['60px', '60px'])

⎯⎯⎯⎯⎯⎯⎯⎯⎯⎯⎯⎯⎯⎯⎯⎯⎯⎯⎯⎯⎯⎯⎯[4/11]⎯

 FAIL  render/Avatar/contracts.test.tsx > [avatar.responsive.cleanup] toggling responsive mode releases listeners
AssertionError: expected [ [ 'resize', [Function onResize] ] ] to have a length of +0 but got 1

- Expected
+ Received

- 0
+ 1

 ❯ render/Avatar/contracts.test.tsx:42:25
     40|   view = mount(() => <Avatar size={size()}>A</Avatar>)
     41|   const resizeCalls = () => add.mock.calls.filter(([name]) => name ===…
     42|   expect(resizeCalls()).toHaveLength(0)
       |                         ^
     43|   setSize({ xs: 24 }); flush(); expect(resizeCalls()).toHaveLength(1)
     44|   setSize(40); flush(); expect(remove.mock.calls.some(([name, fn]) => …

⎯⎯⎯⎯⎯⎯⎯⎯⎯⎯⎯⎯⎯⎯⎯⎯⎯⎯⎯⎯⎯⎯⎯[5/11]⎯

 FAIL  render/Avatar/contracts.test.tsx > [avatar.children] preserves JSX and Unicode initials
AssertionError: expected undefined to be 'JSX' // Object.is equality

- Expected:
"JSX"

+ Received:
undefined

 ❯ render/Avatar/contracts.test.tsx:49:53
     47| it('[avatar.children] preserves JSX and Unicode initials', () => {
     48|   view = mount(() => <><Avatar><b>JSX</b></Avatar><Avatar maxCount={1}…
     49|   expect(view.host.querySelector('b')?.textContent).toBe('JSX')
       |                                                     ^
     50|   expect(view.host.textContent).toBe('JSX😀')
     51| })

⎯⎯⎯⎯⎯⎯⎯⎯⎯⎯⎯⎯⎯⎯⎯⎯⎯⎯⎯⎯⎯⎯⎯[6/11]⎯

 FAIL  render/Avatar/contracts.test.tsx > [avatar.group.count] maxCount is the number of visible avatars
AssertionError: expected 'A+3' to be 'AB+2' // Object.is equality

Expected: "AB+2"
Received: "A+3"

 ❯ render/Avatar/contracts.test.tsx:55:33
     53| it('[avatar.group.count] maxCount is the number of visible avatars', (…
     54|   view = mount(() => <AvatarGroup maxCount={2}><Avatar>A</Avatar><Avat…
     55|   expect(view.host.textContent).toBe('AB+2')
       |                                 ^
     56|   expect(view.host.querySelector('button')?.getAttribute('aria-label')…
     57| })

⎯⎯⎯⎯⎯⎯⎯⎯⎯⎯⎯⎯⎯⎯⎯⎯⎯⎯⎯⎯⎯⎯⎯[7/11]⎯

 FAIL  render/Typography/contracts.test.tsx > [typography.link.disabled] disables navigation
AssertionError: expected true to be false // Object.is equality

- Expected
+ Received

- false
+ true

 ❯ render/Typography/contracts.test.tsx:11:37
      9|   view = mount(() => <Link href="/next" disabled>链接</Link>)
     10|   const link = view.host.querySelector('a')!
     11|   expect(link.hasAttribute('href')).toBe(false)
       |                                     ^
     12|   expect(link.getAttribute('aria-disabled')).toBe('true')
     13|   expect(link.tabIndex).toBe(-1)

⎯⎯⎯⎯⎯⎯⎯⎯⎯⎯⎯⎯⎯⎯⎯⎯⎯⎯⎯⎯⎯⎯⎯[8/11]⎯

 FAIL  render/Typography/contracts.test.tsx > [typography.link.actions] wires inherited props
AssertionError: expected  to have a length of 2 but got +0

- Expected
+ Received

- 2
+ 0

 ❯ render/Typography/contracts.test.tsx:18:48
     16| it('[typography.link.actions] wires inherited props', () => {
     17|   view = mount(() => <Link href="/next" copyable editable ellipsis={{ …
     18|   expect(view.host.querySelectorAll('button')).toHaveLength(2)
       |                                                ^
     19|   expect(view.host.querySelector('a')!.style.getPropertyValue('-webkit…
     20| })

⎯⎯⎯⎯⎯⎯⎯⎯⎯⎯⎯⎯⎯⎯⎯⎯⎯⎯⎯⎯⎯⎯⎯[9/11]⎯

 FAIL  render/Typography/contracts.test.tsx > [typography.ellipsis.single] object ellipsis handles one row
AssertionError: expected 'text-on-surface' to contain 'text-ellipsis'

Expected: "text-ellipsis"
Received: "text-on-surface"

 ❯ render/Typography/contracts.test.tsx:24:43
     22| it('[typography.ellipsis.single] object ellipsis handles one row', () …
     23|   view = mount(() => <><Text ellipsis={{}}>text</Text><Paragraph ellip…
     24|   expect(view.host.children[0].className).toContain('text-ellipsis')
       |                                           ^
     25|   expect(view.host.children[1].className).toContain('text-ellipsis')
     26| })

⎯⎯⎯⎯⎯⎯⎯⎯⎯⎯⎯⎯⎯⎯⎯⎯⎯⎯⎯⎯⎯⎯[10/11]⎯

 FAIL  render/Typography/contracts.test.tsx > [typography.title.dynamic] preserves semantic colors and changes level
AssertionError: expected 'font-semibold m-0 mb-[0.5em] text-hea…' to contain 'text-error'

Expected: "text-error"
Received: "font-semibold m-0 mb-[0.5em] text-heading-1"

 ❯ render/Typography/contracts.test.tsx:31:52
     29|   const [level, setLevel] = createSignal<1 | 3>(1, { ownedWrite: true …
     30|   view = mount(() => <Title level={level()} type="danger" strong>标题</T…
     31|   expect(view.host.querySelector('h1')!.className).toContain('text-err…
       |                                                    ^
     32|   setLevel(3); flush(); expect(view.host.querySelector('h3 strong')?.t…
     33| })

⎯⎯⎯⎯⎯⎯⎯⎯⎯⎯⎯⎯⎯⎯⎯⎯⎯⎯⎯⎯⎯⎯[11/11]⎯


 Test Files  2 failed | 1 passed (3)
      Tests  11 failed | 2 passed (13)
   Start at  21:32:53
   Duration  740ms (transform 901ms, setup 0ms, import 1.19s, tests 62ms, environment 661ms)

[ELIFECYCLE] Test failed. See above for more details.
