$ pnpm --dir docs run build
$ node scripts/build.mjs
vite v8.2.1 building client environment for production...
[2Ktransforming...✓ 693 modules transformed.
rendering chunks...
computing gzip size...
dist/.vite/manifest.json                      144.26 kB │ gzip: 15.64 kB
dist/assets/entry-client-DpHKylvp.css         181.61 kB │ gzip: 27.84 kB
dist/assets/semantic-CoMqlSSE.js                0.06 kB │ gzip:  0.08 kB
dist/assets/renderable-B03dwe5s.js              0.08 kB │ gzip:  0.09 kB
dist/assets/basic-B0RzzDJf.js                   0.12 kB │ gzip:  0.12 kB
dist/assets/basic-DM3TtZwf.js                   0.12 kB │ gzip:  0.12 kB
dist/assets/description-DGFRRjSY.js             0.13 kB │ gzip:  0.13 kB
dist/assets/simple-DNjZCzhG.js                  0.16 kB │ gzip:  0.16 kB
dist/assets/empty-C0Rvp_oa.js                   0.16 kB │ gzip:  0.17 kB
dist/assets/width-Cn8jAyRV.js                   0.18 kB │ gzip:  0.17 kB
dist/assets/duration-BzfpTHIC.js                0.19 kB │ gzip:  0.19 kB
dist/assets/basic-We0Y-CqX.js                   0.19 kB │ gzip:  0.18 kB
dist/assets/icon-DnkJwaTA.js                    0.21 kB │ gzip:  0.18 kB
dist/assets/merge-eVHg4Im0.js                   0.21 kB │ gzip:  0.16 kB
dist/assets/data-ez8iftd6.js                    0.22 kB │ gzip:  0.16 kB
dist/assets/check-CoeW9SCu.js                   0.22 kB │ gzip:  0.19 kB
dist/assets/presetColors-DX5z46b8.js            0.23 kB │ gzip:  0.17 kB
dist/assets/basic-BdV5NmSS.js                   0.24 kB │ gzip:  0.21 kB
dist/assets/style-CErbfjIn.js                   0.26 kB │ gzip:  0.22 kB
dist/assets/info-CHtlGKaQ.js                    0.26 kB │ gzip:  0.21 kB
dist/assets/clearableArrow-B64THkTE.js          0.28 kB │ gzip:  0.22 kB
dist/assets/type-C-_bRslr.js                    0.28 kB │ gzip:  0.20 kB
dist/assets/500-DLqMRr_G.js                     0.29 kB │ gzip:  0.23 kB
dist/assets/Portal-Con_ckwt.js                  0.29 kB │ gzip:  0.20 kB
dist/assets/warning-Bs9k3PbY.js                 0.29 kB │ gzip:  0.23 kB
dist/assets/wrap-DyuJbeia.js                    0.30 kB │ gzip:  0.24 kB
dist/assets/404-C5enjczR.js                     0.30 kB │ gzip:  0.24 kB
dist/assets/custom-color-D_6LjAH_.js            0.30 kB │ gzip:  0.22 kB
dist/assets/format-Cl7YlZg4.js                  0.31 kB │ gzip:  0.23 kB
dist/assets/403-DfAG8PGB.js                     0.31 kB │ gzip:  0.24 kB
dist/assets/circle-By5W5nT1.js                  0.32 kB │ gzip:  0.22 kB
dist/assets/basic-ek1KgWfU.js                   0.32 kB │ gzip:  0.22 kB
dist/assets/search-DHBmmfYM.js                  0.32 kB │ gzip:  0.27 kB
dist/assets/popover-tRNJC3sd.js                 0.33 kB │ gzip:  0.24 kB
dist/assets/variant-Bfqr3f-O.js                 0.34 kB │ gzip:  0.23 kB
dist/assets/link-dCaRQqa8.js                    0.34 kB │ gzip:  0.28 kB
dist/assets/basic-D3p0EVxK.js                   0.34 kB │ gzip:  0.25 kB
dist/assets/base-BklA4R0v.js                    0.34 kB │ gzip:  0.27 kB
dist/assets/circle-mini-FPp6JGpJ.js             0.34 kB │ gzip:  0.23 kB
dist/assets/page-size-BFc5nuvL.js               0.34 kB │ gzip:  0.29 kB
dist/assets/line-aGBotOeu.js                    0.34 kB │ gzip:  0.23 kB
dist/assets/avatar-BO505Rrl.js                  0.35 kB │ gzip:  0.26 kB
dist/assets/block-C7ePmEkL.js                   0.35 kB │ gzip:  0.29 kB
dist/assets/title-C6A1gR-g.js                   0.35 kB │ gzip:  0.21 kB
dist/assets/disabled-CQKZyZgh.js                0.36 kB │ gzip:  0.28 kB
dist/assets/strict-B1rMO8Mt.js                  0.36 kB │ gzip:  0.27 kB
dist/assets/status-DZrDcYzb.js                  0.36 kB │ gzip:  0.26 kB
dist/assets/block-BFo1jVRi.js                   0.37 kB │ gzip:  0.29 kB
dist/assets/composition-DYLoZJrS.js             0.37 kB │ gzip:  0.26 kB
dist/assets/custom-icon-DEdQQssu.js             0.37 kB │ gzip:  0.27 kB
dist/assets/search-C7B4IUUV.js                  0.37 kB │ gzip:  0.29 kB
dist/assets/style-DCE5AGL0.js                   0.37 kB │ gzip:  0.29 kB
dist/assets/circle-micro-CUwNwrTf.js            0.37 kB │ gzip:  0.29 kB
dist/assets/icons-CVaHlrij.js                   0.37 kB │ gzip:  0.29 kB
dist/assets/sort-C6bm6uRz.js                    0.37 kB │ gzip:  0.25 kB
dist/assets/basic-B6kj1rjO.js                   0.38 kB │ gzip:  0.27 kB
dist/assets/steps-B-v208PU.js                   0.39 kB │ gzip:  0.26 kB
dist/assets/controlled-CwcnUjA4.js              0.39 kB │ gzip:  0.32 kB
dist/assets/jumper-BrtE1b3B.js                  0.39 kB │ gzip:  0.32 kB
dist/assets/line-mini-BvmxZkpp.js               0.39 kB │ gzip:  0.25 kB
dist/assets/basic-DA-0kIcG.js                   0.40 kB │ gzip:  0.31 kB
dist/assets/errorlevel-DgwI2O4D.js              0.40 kB │ gzip:  0.30 kB
dist/assets/base-DtZwmfiS.js                    0.40 kB │ gzip:  0.28 kB
dist/assets/appearance-BStKvqJe.js              0.41 kB │ gzip:  0.28 kB
dist/assets/linecap-Cv6hXz6b.js                 0.41 kB │ gzip:  0.24 kB
dist/assets/active-jk5bVudb.js                  0.41 kB │ gzip:  0.32 kB
dist/assets/input-iXOSyrC0.js                   0.41 kB │ gzip:  0.29 kB
dist/assets/controlled-B9kwtwJ5.js              0.41 kB │ gzip:  0.33 kB
dist/assets/pending-legacy-B9RMgYW6.js          0.41 kB │ gzip:  0.27 kB
dist/assets/button-CuORlkXD.js                  0.41 kB │ gzip:  0.33 kB
dist/assets/link-CrBprPPB.js                    0.41 kB │ gzip:  0.33 kB
dist/assets/ghost-BNcTCf6x.js                   0.42 kB │ gzip:  0.31 kB
dist/assets/fragment-D0HgiiQv.js                0.42 kB │ gzip:  0.31 kB
dist/assets/success-Cr3bE2gX.js                 0.42 kB │ gzip:  0.31 kB
dist/assets/spin-BYm12jet.js                    0.43 kB │ gzip:  0.34 kB
dist/assets/icon-CC56FDKu.js                    0.43 kB │ gzip:  0.31 kB
dist/assets/disabled-BGJqAEm_.js                0.43 kB │ gzip:  0.35 kB
dist/assets/semantic-DCVXPIXi.js                0.43 kB │ gzip:  0.30 kB
dist/assets/disabled-DHRJi9Xp.js                0.43 kB │ gzip:  0.32 kB
dist/assets/children-D60ULyKi.js                0.44 kB │ gzip:  0.33 kB
dist/assets/end-BgszZjsD.js                     0.44 kB │ gzip:  0.29 kB
dist/assets/paragraph-Cb3ZQI4H.js               0.44 kB │ gzip:  0.39 kB
dist/assets/badge-qKbPIRWI.js                   0.45 kB │ gzip:  0.33 kB
dist/assets/variants-C8Wd6CRx.js                0.45 kB │ gzip:  0.35 kB
dist/assets/offset-C2pqiOCt.js                  0.46 kB │ gzip:  0.32 kB
dist/assets/controlled-B4bUZkjF.js              0.46 kB │ gzip:  0.34 kB
dist/assets/avatar-part-Cf8Wwr_A.js             0.46 kB │ gzip:  0.29 kB
dist/assets/range-ByIQxsWH.js                   0.46 kB │ gzip:  0.37 kB
dist/assets/status-BKdou3Os.js                  0.46 kB │ gzip:  0.33 kB
dist/assets/dot-fcaB6fh2.js                     0.46 kB │ gzip:  0.35 kB
dist/assets/basic-B6CzLbGr.js                   0.46 kB │ gzip:  0.38 kB
dist/assets/range-BqrMu6PQ.js                   0.47 kB │ gzip:  0.38 kB
dist/assets/constraints-JeTFUkOk.js             0.47 kB │ gzip:  0.34 kB
dist/assets/button-C0mGkpJp.js                  0.47 kB │ gzip:  0.31 kB
dist/assets/unit-C7X6WDGf.js                    0.47 kB │ gzip:  0.33 kB
dist/assets/responsive-cgmZOz_T.js              0.48 kB │ gzip:  0.28 kB
dist/assets/basic-DGDyKJGP.js                   0.48 kB │ gzip:  0.37 kB
dist/assets/rotate-DYcdj0Np.js                  0.48 kB │ gzip:  0.26 kB
dist/assets/password-controlled-vuZgGzZC.js     0.48 kB │ gzip:  0.37 kB
dist/assets/basic-BkzINPlU.js                   0.49 kB │ gzip:  0.36 kB
dist/assets/custom-Cn22xvNC.js                  0.49 kB │ gzip:  0.32 kB
dist/assets/custom-text-DwTmBl47.js             0.49 kB │ gzip:  0.36 kB
dist/assets/size-BS3LVro3.js                    0.49 kB │ gzip:  0.28 kB
dist/assets/manual-BWEzmPO-.js                  0.49 kB │ gzip:  0.40 kB
dist/assets/virtual-5OjfoE1U.js                 0.49 kB │ gzip:  0.44 kB
dist/assets/basic-D66xHJGz.js                   0.50 kB │ gzip:  0.28 kB
dist/assets/horizontal-C5Nahnvc.js              0.50 kB │ gzip:  0.28 kB
dist/assets/disabled-BsLXfXGG.js                0.50 kB │ gzip:  0.30 kB
dist/assets/semantic-7wVQbKrm.js                0.50 kB │ gzip:  0.29 kB
dist/assets/use-breakpoint-B0TM8WAO.js          0.50 kB │ gzip:  0.38 kB
dist/assets/virtual-CEVZZn2M.js                 0.51 kB │ gzip:  0.41 kB
dist/assets/inline-CyYxTt3C.js                  0.51 kB │ gzip:  0.42 kB
dist/assets/icon-yK6KCS-A.js                    0.51 kB │ gzip:  0.31 kB
dist/assets/disabled-Ci6gwcAV.js                0.51 kB │ gzip:  0.35 kB
dist/assets/node-DOPNnKYu.js                    0.51 kB │ gzip:  0.33 kB
dist/assets/basic-kfmqg2YX.js                   0.51 kB │ gzip:  0.40 kB
dist/assets/tags-CY8_UkJh.js                    0.51 kB │ gzip:  0.41 kB
dist/assets/centered-DCdvOIdR.js                0.52 kB │ gzip:  0.30 kB
dist/assets/search-loading-CNWuHFqB.js          0.52 kB │ gzip:  0.40 kB
dist/assets/basic-BNC3elCZ.js                   0.52 kB │ gzip:  0.37 kB
dist/assets/dynamic-DAXaT08S.js                 0.52 kB │ gzip:  0.38 kB
dist/assets/basic-DOCWko2H.js                   0.52 kB │ gzip:  0.34 kB
dist/assets/loading-D82hZL8g.js                 0.52 kB │ gzip:  0.37 kB
dist/assets/variants-CAkZgLEq.js                0.53 kB │ gzip:  0.36 kB
dist/assets/clear-Crr1O3-1.js                   0.53 kB │ gzip:  0.41 kB
dist/assets/card-CLjCt99F.js                    0.53 kB │ gzip:  0.30 kB
dist/assets/prefix-sAxjWVzJ.js                  0.53 kB │ gzip:  0.41 kB
dist/assets/action-DLkno01L.js                  0.53 kB │ gzip:  0.40 kB
dist/assets/size-Lat7Gkn8.js                    0.53 kB │ gzip:  0.29 kB
dist/assets/customize-DNjDuWxp.js               0.53 kB │ gzip:  0.40 kB
dist/assets/vertical-BI9i6IQ6.js                0.53 kB │ gzip:  0.31 kB
dist/assets/responsive-CpwCuJGd.js              0.53 kB │ gzip:  0.39 kB
dist/assets/status-BRHhovWB.js                  0.53 kB │ gzip:  0.38 kB
dist/assets/compact-vertical-C2wLc969.js        0.54 kB │ gzip:  0.26 kB
dist/assets/form-BGgCtRXn.js                    0.54 kB │ gzip:  0.35 kB
dist/assets/states-BBa8C1oK.js                  0.54 kB │ gzip:  0.42 kB
dist/assets/responsive-CrO59ZYu.js              0.54 kB │ gzip:  0.35 kB
dist/assets/vertical-sF0E5LlS.js                0.54 kB │ gzip:  0.31 kB
dist/assets/preset-groups-CCKkfQhe.js           0.54 kB │ gzip:  0.44 kB
dist/assets/editable-D-IGVEFt.js                0.54 kB │ gzip:  0.44 kB
dist/assets/ref-BcTzuB3R.js                     0.54 kB │ gzip:  0.39 kB
dist/assets/states-BLWBws0W.js                  0.54 kB │ gzip:  0.37 kB
dist/assets/slice-CxWPTDIS.js                   0.54 kB │ gzip:  0.36 kB
dist/assets/title-BiAAEwiW.js                   0.54 kB │ gzip:  0.34 kB
dist/assets/disabled-DArkPmbm.js                0.54 kB │ gzip:  0.43 kB
dist/assets/affix-BS8c-AHJ.js                   0.55 kB │ gzip:  0.40 kB
dist/assets/editable-BDNHKnBw.js                0.55 kB │ gzip:  0.42 kB
dist/assets/native-CZa4xVt3.js                  0.55 kB │ gzip:  0.41 kB
dist/assets/half-DwHB9vbY.js                    0.55 kB │ gzip:  0.44 kB
dist/assets/orientation-margin-8Tn1HEHF.js      0.55 kB │ gzip:  0.32 kB
dist/assets/textarea-EutujN3n.js                0.55 kB │ gzip:  0.41 kB
dist/assets/preserve-PUyNDbOU.js                0.55 kB │ gzip:  0.38 kB
dist/assets/appearance-7wHMbgFX.js              0.55 kB │ gzip:  0.37 kB
dist/assets/sizes-CC3qmzPe.js                   0.56 kB │ gzip:  0.33 kB
dist/assets/size-CrGSKDF3.js                    0.56 kB │ gzip:  0.33 kB
dist/assets/password-10ksmP2t.js                0.56 kB │ gzip:  0.38 kB
dist/assets/customize-C8fZfTOi.js               0.56 kB │ gzip:  0.41 kB
dist/assets/multiple-Btb8_ON_.js                0.56 kB │ gzip:  0.42 kB
dist/assets/placement-CN_t4xdZ.js               0.56 kB │ gzip:  0.34 kB
dist/assets/presets-CN4e3JBA.js                 0.56 kB │ gzip:  0.45 kB
dist/assets/basic-qsMyfFNG.js                   0.57 kB │ gzip:  0.44 kB
dist/assets/basic-CokMrabd.js                   0.57 kB │ gzip:  0.35 kB
dist/assets/align-jQiTTGXj.js                   0.57 kB │ gzip:  0.40 kB
dist/assets/search-Vi6k-UJv.js                  0.57 kB │ gzip:  0.42 kB
dist/assets/group-Cw7tF_c2.js                   0.58 kB │ gzip:  0.35 kB
dist/assets/basic-zNuAI342.js                   0.58 kB │ gzip:  0.36 kB
dist/assets/pending-Ce7VNSPu.js                 0.58 kB │ gzip:  0.38 kB
dist/assets/watch-COvK8Q7n.js                   0.58 kB │ gzip:  0.38 kB
dist/assets/characters-BUaXt9kX.js              0.58 kB │ gzip:  0.41 kB
dist/assets/keyboard-CMwGAaf_.js                0.58 kB │ gzip:  0.47 kB
dist/assets/search-DcqqQdrs.js                  0.58 kB │ gzip:  0.40 kB
dist/assets/addon-DD7VkIOS.js                   0.59 kB │ gzip:  0.35 kB
dist/assets/basic-YmTgHhgt.js                   0.59 kB │ gzip:  0.46 kB
dist/assets/placement-C9SrrDFK.js               0.59 kB │ gzip:  0.35 kB
dist/assets/constraints-CpY1U6as.js             0.60 kB │ gzip:  0.46 kB
dist/assets/events-CLSQFxnd.js                  0.60 kB │ gzip:  0.42 kB
dist/assets/filter-B-X_Ns14.js                  0.60 kB │ gzip:  0.45 kB
dist/assets/remote-DV27J5fU.js                  0.60 kB │ gzip:  0.48 kB
dist/assets/fields-DJ--cAUj.js                  0.60 kB │ gzip:  0.43 kB
dist/assets/theme-Bx4GVaA2.js                   0.60 kB │ gzip:  0.43 kB
dist/assets/label-value-DNkXgYGz.js             0.61 kB │ gzip:  0.42 kB
dist/assets/basic-BW8Ao-pS2.js                  0.61 kB │ gzip:  0.46 kB
dist/assets/size-Lzq4m1rX.js                    0.61 kB │ gzip:  0.39 kB
dist/assets/autosize-BsijHy81.js                0.61 kB │ gzip:  0.45 kB
dist/assets/basic-CEm4flk2.js                   0.61 kB │ gzip:  0.43 kB
dist/assets/theme-D-bFdUqL.js                   0.61 kB │ gzip:  0.44 kB
dist/assets/vertical-CzACIego.js                0.61 kB │ gzip:  0.46 kB
dist/assets/shift-CVhXAG3N.js                   0.61 kB │ gzip:  0.47 kB
dist/assets/overflow-DNepaBYy.js                0.61 kB │ gzip:  0.31 kB
dist/assets/controlled-CguNf-ZZ.js              0.62 kB │ gzip:  0.38 kB
dist/assets/group-CSqrYiX1.js                   0.62 kB │ gzip:  0.48 kB
dist/assets/title-Bc1U6Rfi.js                   0.62 kB │ gzip:  0.37 kB
dist/assets/grouped-BChDVIOP.js                 0.62 kB │ gzip:  0.46 kB
dist/assets/basic-Rap7UL6X.js                   0.62 kB │ gzip:  0.42 kB
dist/assets/filter-DPwXtyIe.js                  0.63 kB │ gzip:  0.42 kB
dist/assets/formats-Cn4kQesr.js                 0.63 kB │ gzip:  0.46 kB
dist/assets/basic-BU2dmEkH.js                   0.63 kB │ gzip:  0.36 kB
dist/assets/link-48uhid6l.js                    0.63 kB │ gzip:  0.40 kB
dist/assets/basic-L01Tf3Gt.js                   0.63 kB │ gzip:  0.38 kB
dist/assets/copyable-BmFrb9oa.js                0.64 kB │ gzip:  0.49 kB
dist/assets/basic-C2RqogC-.js                   0.64 kB │ gzip:  0.37 kB
dist/assets/placement-UDu_stYH.js               0.64 kB │ gzip:  0.42 kB
dist/assets/nested-HdGpr9GM.js                  0.64 kB │ gzip:  0.43 kB
dist/assets/basic-DlxaZIhe.js                   0.64 kB │ gzip:  0.46 kB
dist/assets/context-De2Y8yPc.js                 0.64 kB │ gzip:  0.43 kB
dist/assets/form-D32-HweW.js                    0.64 kB │ gzip:  0.46 kB
dist/assets/style-class-CsUJidNO.js             0.64 kB │ gzip:  0.43 kB
dist/assets/states-ayu0cQGi.js                  0.64 kB │ gzip:  0.42 kB
dist/assets/actions-Cag3Z9lS.js                 0.65 kB │ gzip:  0.48 kB
dist/assets/basic-BjG1ko1U.js                   0.65 kB │ gzip:  0.49 kB
dist/assets/form-C4tlQ60s.js                    0.65 kB │ gzip:  0.47 kB
dist/assets/size-BQJ3BykG.js                    0.65 kB │ gzip:  0.45 kB
dist/assets/upload-BiyKeVho.js                  0.65 kB │ gzip:  0.46 kB
dist/assets/color-DGX1KLq3.js                   0.65 kB │ gzip:  0.30 kB
dist/assets/basic-Ce5LI8Ds.js                   0.65 kB │ gzip:  0.49 kB
dist/assets/basic-DA6221GF.js                   0.65 kB │ gzip:  0.46 kB
dist/assets/checkable-B-6Qvp3L.js               0.65 kB │ gzip:  0.47 kB
dist/assets/open-B1P1r54V.js                    0.66 kB │ gzip:  0.46 kB
dist/assets/buttons-DTmkNVir.js                 0.66 kB │ gzip:  0.40 kB
dist/assets/controlled-wZYyr-ih.js              0.66 kB │ gzip:  0.49 kB
dist/assets/modes-DeCbbtHx.js                   0.66 kB │ gzip:  0.41 kB
dist/assets/segment-Re0dvxJz.js                 0.66 kB │ gzip:  0.29 kB
dist/assets/drag-DYMIJl5k.js                    0.66 kB │ gzip:  0.43 kB
dist/assets/form-DxGBBq0v.js                    0.67 kB │ gzip:  0.47 kB
dist/assets/normalize-BUZ0s57c.js               0.67 kB │ gzip:  0.50 kB
dist/assets/basic-CJvduhxS.js                   0.67 kB │ gzip:  0.46 kB
dist/assets/remote-pRXx4Tha.js                  0.67 kB │ gzip:  0.54 kB
dist/assets/compact-buttons-B1di1aLb.js         0.67 kB │ gzip:  0.37 kB
dist/assets/open-VM3R7J_a.js                    0.67 kB │ gzip:  0.48 kB
dist/assets/variants-DY_217vo.js                0.67 kB │ gzip:  0.45 kB
dist/assets/open-D-Uaipvs.js                    0.68 kB │ gzip:  0.47 kB
dist/assets/time-presets-DU30JCnN.js            0.68 kB │ gzip:  0.47 kB
dist/assets/dragger-BaDE90D4.js                 0.68 kB │ gzip:  0.51 kB
dist/assets/events-Dj6cVoiS.js                  0.68 kB │ gzip:  0.50 kB
dist/assets/multiple-B5bn5e6M.js                0.69 kB │ gzip:  0.51 kB
dist/assets/controlled-BBOFY9fr.js              0.69 kB │ gzip:  0.42 kB
dist/assets/disabled-CrJCH6OM.js                0.69 kB │ gzip:  0.47 kB
dist/assets/style-class-CTGTfIod.js             0.69 kB │ gzip:  0.44 kB
dist/assets/form-ZMb8eOKr.js                    0.70 kB │ gzip:  0.49 kB
dist/assets/offset-RcUn0aUh.js                  0.70 kB │ gzip:  0.34 kB
dist/assets/fixed-header-CLGzmcNF.js            0.70 kB │ gzip:  0.50 kB
dist/assets/dynamic-CeU0KSz7.js                 0.70 kB │ gzip:  0.49 kB
dist/assets/basic-B9wEke1l.js                   0.70 kB │ gzip:  0.55 kB
dist/assets/form-D4zuOjFS.js                    0.70 kB │ gzip:  0.49 kB
dist/assets/range-DmpuxSg2.js                   0.71 kB │ gzip:  0.53 kB
dist/assets/trigger-B_sEfWp6.js                 0.71 kB │ gzip:  0.52 kB
dist/assets/disabled-DoDTIUrq.js                0.71 kB │ gzip:  0.43 kB
dist/assets/style-class-Bw7Nct5c.js             0.71 kB │ gzip:  0.44 kB
dist/assets/variants-BtuRZmr6.js                0.71 kB │ gzip:  0.45 kB
dist/assets/basic-D3KaMswq2.js                  0.72 kB │ gzip:  0.43 kB
dist/assets/context-menu-BxynTpxt.js            0.72 kB │ gzip:  0.52 kB
dist/assets/form-C0junOp1.js                    0.72 kB │ gzip:  0.51 kB
dist/assets/size-status-DefN9hjJ.js             0.72 kB │ gzip:  0.42 kB
dist/assets/messages-DeRT_NvX.js                0.72 kB │ gzip:  0.52 kB
dist/assets/search-ClOIFlXt.js                  0.72 kB │ gzip:  0.50 kB
dist/assets/controlled-C5jozvLJ.js              0.72 kB │ gzip:  0.37 kB
dist/assets/validate-only-CMXfxIqk.js           0.72 kB │ gzip:  0.51 kB
dist/assets/controlled-D0nNArPm.js              0.72 kB │ gzip:  0.53 kB
dist/assets/search-CSDe1dNB.js                  0.72 kB │ gzip:  0.52 kB
dist/assets/date-time-QvpBVQMG.js               0.73 kB │ gzip:  0.48 kB
dist/assets/form-C9JZdKks.js                    0.73 kB │ gzip:  0.53 kB
dist/assets/controlled-CwOh9nUh.js              0.73 kB │ gzip:  0.54 kB
dist/assets/advanced-d39l7DEO.js                0.74 kB │ gzip:  0.54 kB
dist/assets/basic-DTOa1Yxx.js                   0.74 kB │ gzip:  0.53 kB
dist/assets/controlled-Cm2EmaG2.js              0.74 kB │ gzip:  0.45 kB
dist/assets/title-span-C38Qz4SU.js              0.74 kB │ gzip:  0.39 kB
dist/assets/login-JuVE9Fda.js                   0.74 kB │ gzip:  0.49 kB
dist/assets/dynamic-DJVhSmD4.js                 0.75 kB │ gzip:  0.41 kB
dist/assets/no-wrapper-DoXmdbUo.js              0.75 kB │ gzip:  0.48 kB
dist/assets/plain-Cjqf3ARk.js                   0.76 kB │ gzip:  0.40 kB
dist/assets/overflow-CLNbUBsl.js                0.76 kB │ gzip:  0.50 kB
dist/assets/colorful-CpiyQ1Su.js                0.76 kB │ gzip:  0.49 kB
dist/assets/custom-size-mrxW2U8l.js             0.76 kB │ gzip:  0.43 kB
dist/assets/size-Cj7aIEEw.js                    0.76 kB │ gzip:  0.38 kB
dist/assets/alternate-Cnz9BVqU.js               0.76 kB │ gzip:  0.46 kB
dist/assets/destroy-inactive-gZ3tXLgH.js        0.76 kB │ gzip:  0.55 kB
dist/assets/flex-m5VhdlAP.js                    0.76 kB │ gzip:  0.51 kB
dist/assets/item-render-Cxtka9uW.js             0.77 kB │ gzip:  0.52 kB
dist/assets/trigger-fPul3pTY.js                 0.78 kB │ gzip:  0.44 kB
dist/assets/native-M4m1c1Rp.js                  0.78 kB │ gzip:  0.60 kB
dist/assets/focus-Dr7qQO_F.js                   0.78 kB │ gzip:  0.56 kB
dist/assets/nested-DXzc0UbI.js                  0.79 kB │ gzip:  0.36 kB
dist/assets/recovery-kYRyLjip.js                0.79 kB │ gzip:  0.56 kB
dist/assets/dashboard-ChCoT-ya.js               0.79 kB │ gzip:  0.45 kB
dist/assets/customize-xlbXrk9_.js               0.79 kB │ gzip:  0.45 kB
dist/assets/disabled-delay-mSdxSohy.js          0.79 kB │ gzip:  0.50 kB
dist/assets/editable-Do-iHzoS.js                0.79 kB │ gzip:  0.58 kB
dist/assets/variants-YgCVEPFP.js                0.80 kB │ gzip:  0.43 kB
dist/assets/gradient-line-Cvbx8DLg.js           0.80 kB │ gzip:  0.35 kB
dist/assets/controlled-CroVGeqG.js              0.80 kB │ gzip:  0.53 kB
dist/assets/basic-DkB374a8.js                   0.80 kB │ gzip:  0.52 kB
dist/assets/keyboard-9hV3SqtT.js                0.80 kB │ gzip:  0.59 kB
dist/assets/horizontal-DPK-3Gkq.js              0.81 kB │ gzip:  0.38 kB
dist/assets/circle-steps-B9S0iYSz.js            0.81 kB │ gzip:  0.47 kB
dist/assets/controlled-BJRwOreK.js              0.81 kB │ gzip:  0.59 kB
dist/assets/image-gJh9ptxh.js                   0.81 kB │ gzip:  0.56 kB
dist/assets/multiple-CBE5Og_M.js                0.81 kB │ gzip:  0.57 kB
dist/assets/conditional-BnqZk2nh.js             0.81 kB │ gzip:  0.42 kB
dist/assets/style-CfNht1Vr.js                   0.82 kB │ gzip:  0.46 kB
dist/assets/basic-JZQhdaOI.js                   0.82 kB │ gzip:  0.39 kB
dist/assets/basic-C8p6W8dK.js                   0.83 kB │ gzip:  0.58 kB
dist/assets/separator-BsmMatgI.js               0.83 kB │ gzip:  0.47 kB
dist/assets/loading-6grNUkjI.js                 0.83 kB │ gzip:  0.59 kB
dist/assets/context-CvBkBEjD.js                 0.84 kB │ gzip:  0.53 kB
dist/assets/semantic-O-i8C_gu.js                0.84 kB │ gzip:  0.53 kB
dist/assets/align-DD_DZ2TH.js                   0.85 kB │ gzip:  0.56 kB
dist/assets/directions-BV1DYimk.js              0.85 kB │ gzip:  0.53 kB
dist/assets/basic-D-Wx5WZX.js                   0.85 kB │ gzip:  0.54 kB
dist/assets/remote-wYeJJK4S.js                  0.85 kB │ gzip:  0.66 kB
dist/assets/trigger-B4kNSkZ5.js                 0.86 kB │ gzip:  0.48 kB
dist/assets/context-PKDPEy9T.js                 0.86 kB │ gzip:  0.56 kB
dist/assets/context-DNR9xDBc.js                 0.86 kB │ gzip:  0.57 kB
dist/assets/strict-D_cqscv4.js                  0.87 kB │ gzip:  0.54 kB
dist/assets/dependent-DLMr_fCE.js               0.87 kB │ gzip:  0.53 kB
dist/assets/marks-Dnu8Wo4S.js                   0.87 kB │ gzip:  0.55 kB
dist/assets/double-click-ChykJNBS.js            0.87 kB │ gzip:  0.48 kB
dist/assets/custom-buttons-C-ykF-ox.js          0.87 kB │ gzip:  0.55 kB
dist/assets/children-BuaLX7m0.js                0.88 kB │ gzip:  0.32 kB
dist/assets/style-D6OTfdPN.js                   0.88 kB │ gzip:  0.59 kB
dist/assets/destroy-on-hidden-wXcdnxLh.js       0.88 kB │ gzip:  0.51 kB
dist/assets/context-CrJVG7Xd.js                 0.88 kB │ gzip:  0.56 kB
dist/assets/one-way-CcnlslsU.js                 0.88 kB │ gzip:  0.63 kB
dist/assets/compact--RbCtgX0.js                 0.89 kB │ gzip:  0.51 kB
dist/assets/status-sOkuwYI6.js                  0.89 kB │ gzip:  0.51 kB
dist/assets/basic-MJ8aF_v0.js                   0.89 kB │ gzip:  0.58 kB
dist/assets/animated-RICPE_EJ.js                0.90 kB │ gzip:  0.56 kB
dist/assets/ellipsis-zjsGStYs.js                0.90 kB │ gzip:  0.57 kB
dist/assets/combination-Cu7sfRT4.js             0.90 kB │ gzip:  0.63 kB
dist/assets/container-Ceuh70uG.js               0.90 kB │ gzip:  0.56 kB
dist/assets/sequential-BQfRdByM.js              0.90 kB │ gzip:  0.57 kB
dist/assets/form-CuoedOm7.js                    0.91 kB │ gzip:  0.60 kB
dist/assets/programmatic-CQ54Mqz8.js            0.91 kB │ gzip:  0.60 kB
dist/assets/controlled-jnxXGDQ1.js              0.91 kB │ gzip:  0.60 kB
dist/assets/semantic-D7XFp2te.js                0.92 kB │ gzip:  0.59 kB
dist/assets/collapsible-icon-PCx-O9bY.js        0.92 kB │ gzip:  0.42 kB
dist/assets/list-move-vigKYXmw.js               0.92 kB │ gzip:  0.60 kB
dist/assets/wrap-r_cfcssb.js                    0.93 kB │ gzip:  0.59 kB
dist/assets/info-position-CeyEA8C_.js           0.93 kB │ gzip:  0.33 kB
dist/assets/size-C3lxnR_w.js                    0.93 kB │ gzip:  0.32 kB
dist/assets/with-text-CNsA2fd6.js               0.93 kB │ gzip:  0.47 kB
dist/assets/group-Bu5kg-RL.js                   0.93 kB │ gzip:  0.59 kB
dist/assets/context-Yodk0Jvj.js                 0.95 kB │ gzip:  0.58 kB
dist/assets/types-C7cm__c2.js                   0.95 kB │ gzip:  0.58 kB
dist/assets/picture-DeF67Bsh.js                 0.95 kB │ gzip:  0.69 kB
dist/assets/basic-Bl4a81zT.js                   0.95 kB │ gzip:  0.56 kB
dist/assets/layout-change-X1nuEePh.js           0.95 kB │ gzip:  0.60 kB
dist/assets/container-DyLMVc7B.js               0.96 kB │ gzip:  0.58 kB
dist/assets/picture-card-BlAJu8J4.js            0.96 kB │ gzip:  0.55 kB
dist/assets/position-DVAfUUqT.js                0.96 kB │ gzip:  0.50 kB
dist/assets/ref-73-eK0Gg.js                     0.97 kB │ gzip:  0.57 kB
dist/assets/click-DEasB_9N.js                   0.97 kB │ gzip:  0.62 kB
dist/assets/ribbon-BQkuL5cd.js                  0.98 kB │ gzip:  0.56 kB
dist/assets/context-C4FU1u4i.js                 0.98 kB │ gzip:  0.62 kB
dist/assets/custom-render-DoBfVR6s.js           0.99 kB │ gzip:  0.66 kB
dist/assets/basic-NPOqrOgc2.js                  0.99 kB │ gzip:  0.64 kB
dist/assets/fixed-sider-DlqM2u-Q.js             0.99 kB │ gzip:  0.61 kB
dist/assets/responsive-DBHqhHfg.js              1.00 kB │ gzip:  0.64 kB
dist/assets/style-BAwESlAi.js                   1.00 kB │ gzip:  0.55 kB
dist/assets/controlled-wr4lSgkm.js              1.01 kB │ gzip:  0.65 kB
dist/assets/appearance-Bv7lT1aC.js              1.01 kB │ gzip:  0.64 kB
dist/assets/controlled-CC8ms41b.js              1.01 kB │ gzip:  0.61 kB
dist/assets/register-C4RH-662.js                1.02 kB │ gzip:  0.61 kB
dist/assets/context-wbEBbb9l.js                 1.02 kB │ gzip:  0.64 kB
dist/assets/semantic-BIAjIEew.js                1.02 kB │ gzip:  0.63 kB
dist/assets/lazy-DW9B58-O.js                    1.03 kB │ gzip:  0.44 kB
dist/assets/colorful-BOrmNQms.js                1.04 kB │ gzip:  0.55 kB
dist/assets/flex-item-CdekikF0.js               1.05 kB │ gzip:  0.52 kB
dist/assets/dynamic-8rQgpUW8.js                 1.05 kB │ gzip:  0.66 kB
dist/assets/dynamic-DksgZC43.js                 1.05 kB │ gzip:  0.68 kB
dist/assets/format-CImNzHZN.js                  1.05 kB │ gzip:  0.60 kB
dist/assets/semantic-Bg5pKxOZ.js                1.05 kB │ gzip:  0.66 kB
dist/assets/sizes-Br8K6kZ9.js                   1.05 kB │ gzip:  0.44 kB
dist/assets/native-BtsMc059.js                  1.06 kB │ gzip:  0.71 kB
dist/assets/overflow-DlQwp9so.js                1.06 kB │ gzip:  0.60 kB
dist/assets/search-uBfSXgrx.js                  1.06 kB │ gzip:  0.68 kB
dist/assets/reverse-arrow-BfBJMJut.js           1.06 kB │ gzip:  0.60 kB
dist/assets/semantic-BoqaM-Ly.js                1.07 kB │ gzip:  0.62 kB
dist/assets/nested-DJDBO1c8.js                  1.07 kB │ gzip:  0.61 kB
dist/assets/precision-xmjdnCTN.js               1.08 kB │ gzip:  0.62 kB
dist/assets/PickerSuffix-CMCC_gfe.js            1.08 kB │ gzip:  0.65 kB
dist/assets/error-Pv0tMd5x.js                   1.08 kB │ gzip:  0.63 kB
dist/assets/confirmation-LKOaO3SQ.js            1.08 kB │ gzip:  0.68 kB
dist/assets/constraints-BU3O06Zi.js             1.10 kB │ gzip:  0.76 kB
dist/assets/dynamic-B2ZJeNBa.js                 1.11 kB │ gzip:  0.71 kB
dist/assets/feedback-Bi1KVxAP.js                1.11 kB │ gzip:  0.62 kB
dist/assets/scroll-BKNwIMSS.js                  1.11 kB │ gzip:  0.71 kB
dist/assets/icon-Dl5J4gYU.js                    1.12 kB │ gzip:  0.58 kB
dist/assets/theme-bvXaXvLY.js                   1.12 kB │ gzip:  0.68 kB
dist/assets/size-BH5UMfGk.js                    1.14 kB │ gzip:  0.65 kB
dist/assets/text-m7dV0HQG.js                    1.15 kB │ gzip:  0.56 kB
dist/assets/inline-empty-DzOtJXlz.js            1.16 kB │ gzip:  0.74 kB
dist/assets/theme-BgU9GQFs.js                   1.17 kB │ gzip:  0.77 kB
dist/assets/list-GUJfLox1.js                    1.18 kB │ gzip:  0.75 kB
dist/assets/fresh-agNz3SJ8.js                   1.20 kB │ gzip:  0.87 kB
dist/assets/multiple-DEczCL7b.js                1.20 kB │ gzip:  0.58 kB
dist/assets/timer-CUb1JVs4.js                   1.21 kB │ gzip:  0.53 kB
dist/assets/collapsible-BpGWogCj.js             1.21 kB │ gzip:  0.63 kB
dist/assets/variants-BFrZYuAV.js                1.22 kB │ gzip:  0.52 kB
dist/assets/align-CwMR4JH1.js                   1.22 kB │ gzip:  0.66 kB
dist/assets/control-CEqDq6R1.js                 1.22 kB │ gzip:  0.66 kB
dist/assets/custom-status-render-CkUiSkFp.js    1.23 kB │ gzip:  0.61 kB
dist/assets/Icon-BL2IdiqP.js                    1.24 kB │ gzip:  0.69 kB
dist/assets/change-_Dj5FqFr.js                  1.24 kB │ gzip:  0.63 kB
dist/assets/context-CuGqv0jc.js                 1.25 kB │ gzip:  0.70 kB
dist/assets/download-C7aO3PCs.js                1.25 kB │ gzip:  0.75 kB
dist/assets/style-class-BDKWCXJn.js             1.26 kB │ gzip:  0.58 kB
dist/assets/gap-BjORQbhM.js                     1.27 kB │ gzip:  0.72 kB
dist/assets/gutter-CLr72Rk7.js                  1.27 kB │ gzip:  0.58 kB
dist/assets/validation-CVHpkcUY.js              1.27 kB │ gzip:  0.82 kB
dist/assets/ConfigProvider-CAqzZNSc.js          1.31 kB │ gzip:  0.72 kB
dist/assets/context-DHAL7vmV.js                 1.31 kB │ gzip:  0.72 kB
dist/assets/states-C7MOFeK3.js                  1.32 kB │ gzip:  0.70 kB
dist/assets/aliases-ref-DYmjhZTV.js             1.32 kB │ gzip:  0.75 kB
dist/assets/disabled-BMVnNT2Q.js                1.35 kB │ gzip:  0.74 kB
dist/assets/order-CSTM3UrC.js                   1.37 kB │ gzip:  0.59 kB
dist/assets/context-CFqqJT5F.js                 1.39 kB │ gzip:  0.68 kB
dist/assets/lifecycle-B8WPXIt-.js               1.42 kB │ gzip:  0.80 kB
dist/assets/controlled-DV8xqnOo.js              1.43 kB │ gzip:  0.79 kB
dist/assets/custom-DxYJSrET.js                  1.43 kB │ gzip:  0.89 kB
dist/assets/dynamic-nO1dO5lN.js                 1.48 kB │ gzip:  0.76 kB
dist/assets/element-6qrly6re.js                 1.49 kB │ gzip:  0.85 kB
dist/assets/side-DpF8bGZR.js                    1.50 kB │ gzip:  0.96 kB
dist/assets/controls-DaNWDQr1.js                1.51 kB │ gzip:  0.83 kB
dist/assets/responsive-more-DmVTLESX.js         1.54 kB │ gzip:  0.72 kB
dist/assets/basic-CcGqWORs.js                   1.54 kB │ gzip:  0.53 kB
dist/assets/checkable-GoxXygEo.js               1.57 kB │ gzip:  0.71 kB
dist/assets/top-side-DgECc2-z.js                1.62 kB │ gzip:  0.89 kB
dist/assets/custom-trigger-ELN5nz17.js          1.62 kB │ gzip:  0.86 kB
dist/assets/flex-stretch-CQWsf7Nb.js            1.68 kB │ gzip:  0.72 kB
dist/assets/custom-list-BBSPQLKS.js             1.69 kB │ gzip:  0.93 kB
dist/assets/playground-ChAj6ijm.js              1.79 kB │ gzip:  0.83 kB
dist/assets/control-C65tKfhH.js                 1.81 kB │ gzip:  1.00 kB
dist/assets/states-mfY6WD0l.js                  1.86 kB │ gzip:  0.67 kB
dist/assets/disabled-XcfBP1l1.js                1.90 kB │ gzip:  0.87 kB
dist/assets/Flex-DZT7VXQ1.js                    1.93 kB │ gzip:  0.85 kB
dist/assets/_VirtualList-VowIRmrM.js            2.08 kB │ gzip:  1.03 kB
dist/assets/selection-5LBGQFfh.js               2.48 kB │ gzip:  1.10 kB
dist/assets/list-nested-DJgBJKzr.js             2.60 kB │ gzip:  1.24 kB
dist/assets/color-BKjaAcKI.js                   2.63 kB │ gzip:  1.25 kB
dist/assets/layout-CHVl0MT7.js                  2.78 kB │ gzip:  0.99 kB
dist/assets/list-complex-DuCA-caa.js            2.98 kB │ gzip:  1.33 kB
dist/assets/Divider-B82F63Aa.js                 3.08 kB │ gzip:  1.31 kB
dist/assets/Popover-jJ8eN7xN.js                 3.30 kB │ gzip:  1.41 kB
dist/assets/Tooltip-DLYn4RNB.js                 3.32 kB │ gzip:  1.42 kB
dist/assets/Space-DL15-06w.js                   3.60 kB │ gzip:  1.42 kB
dist/assets/antIcons-C0JMM1Dy.js                3.79 kB │ gzip:  1.36 kB
dist/assets/Masonry-slsxStBB.js                 4.02 kB │ gzip:  1.95 kB
dist/assets/styles-CIXcEs7S.js                  4.16 kB │ gzip:  1.00 kB
dist/assets/Switch-BV4UT54E.js                  4.42 kB │ gzip:  1.85 kB
dist/assets/Skeleton-B2vsa_VB.js                4.54 kB │ gzip:  1.66 kB
dist/assets/Avatar-BkAtpy_A.js                  4.64 kB │ gzip:  1.93 kB
dist/assets/styles-C5X9S63M.js                  4.82 kB │ gzip:  1.37 kB
dist/assets/Statistic-USjOSaqv.js               4.89 kB │ gzip:  2.07 kB
dist/assets/Rate-Dci_Jqk4.js                    5.22 kB │ gzip:  2.16 kB
dist/assets/Empty-D4kHRhP7.js                   5.52 kB │ gzip:  2.24 kB
dist/assets/logo-tJaI3CE1.js                    5.67 kB │ gzip:  1.56 kB
dist/assets/Layout-DQOvKQVH.js                  5.78 kB │ gzip:  2.05 kB
dist/assets/Dropdown-D2Op7OIc.js                5.88 kB │ gzip:  2.43 kB
dist/assets/trigger-KePjXbBG.js                 6.18 kB │ gzip:  2.37 kB
dist/assets/Checkbox-BevZkNNY.js                6.29 kB │ gzip:  2.37 kB
dist/assets/Grid-C0_ZSXB6.js                    6.48 kB │ gzip:  2.17 kB
dist/assets/Segmented-jDSv8D7B.js               6.57 kB │ gzip:  2.76 kB
dist/assets/Pagination-DY0YUDyk.js              7.44 kB │ gzip:  2.75 kB
dist/assets/Button-DQcZPF7d.js                  7.73 kB │ gzip:  2.25 kB
dist/assets/card-BD97vaBz.js                    7.87 kB │ gzip:  2.52 kB
dist/assets/Radio-B6szfSf6.js                   7.97 kB │ gzip:  2.83 kB
dist/assets/QRCode-CdrkkdpR.js                  8.20 kB │ gzip:  3.23 kB
dist/assets/InputNumber-CIRNRylo.js             8.59 kB │ gzip:  3.34 kB
dist/assets/Transfer-CLk32kHe.js                8.87 kB │ gzip:  3.34 kB
dist/assets/Typography-VY2caMtQ.js              9.02 kB │ gzip:  3.41 kB
dist/assets/AutoComplete-S08INKlz.js            9.21 kB │ gzip:  3.68 kB
dist/assets/Tabs-d6fOvLRo.js                    9.54 kB │ gzip:  3.58 kB
dist/assets/Badge-E8cW_GoX.js                   9.70 kB │ gzip:  3.34 kB
dist/assets/portal-xVgmdwqA.js                 10.04 kB │ gzip:  4.01 kB
dist/assets/Mentions-BinOvXmA.js               10.37 kB │ gzip:  4.25 kB
dist/assets/Slider-T0WjLCGy.js                 10.84 kB │ gzip:  4.17 kB
dist/assets/Form-BYbY7Nbx.js                   11.17 kB │ gzip:  4.02 kB
dist/assets/Timeline-CUlZq-Bm.js               11.62 kB │ gzip:  3.31 kB
dist/assets/TreeSelect-DDL1zWEX.js             12.35 kB │ gzip:  4.20 kB
dist/assets/Tag-DQnY3Y_i.js                    12.46 kB │ gzip:  4.17 kB
dist/assets/ColorPicker-CtZXcFFW.js            12.72 kB │ gzip:  4.86 kB
dist/assets/Input-D1cbeQP-.js                  13.37 kB │ gzip:  4.90 kB
dist/assets/Progress-DC8mCf87.js               13.52 kB │ gzip:  5.31 kB
dist/assets/Select-Bb8l_NeV.js                 15.20 kB │ gzip:  5.24 kB
dist/assets/Splitter-rWzMFNet.js               16.59 kB │ gzip:  6.32 kB
dist/assets/TimePicker-B-Ojt3-7.js             17.17 kB │ gzip:  5.33 kB
dist/assets/Cascader-Dg2TZl4T.js               20.89 kB │ gzip:  6.62 kB
dist/assets/Tree-BSZXolz3.js                   22.06 kB │ gzip:  7.74 kB
dist/assets/Upload-DDT9Hnvn.js                 25.15 kB │ gzip:  7.91 kB
dist/assets/dist-rNV7ZeQa.js                   28.79 kB │ gzip:  9.24 kB
dist/assets/Result-C9EFH3ak.js                 31.07 kB │ gzip: 10.14 kB
dist/assets/DatePicker-CSr8CeB8.js             37.97 kB │ gzip: 10.58 kB
dist/assets/web-C8_7H5jq.js                    40.36 kB │ gzip: 15.63 kB
dist/assets/src-DOOyRSX0.js                    62.71 kB │ gzip: 21.80 kB
dist/assets/entry-client-By9QxwW4.js           70.40 kB │ gzip: 16.35 kB

✓ built in 1.64s
vite v8.2.1 building ssr environment for production...
[2Ktransforming...✓ 690 modules transformed.
rendering chunks...
computing gzip size...
.ssr/entry-server.js  1,160.02 kB │ gzip: 263.25 kB

✓ built in 319ms
Prerendered 53 documentation pages to docs/dist (base: /).
