
Running 32 tests using 2 workers

  ✓   1 [docs] › browser/QRCode/contracts.spec.ts:47:1 › [qrcode.browser.type] svg path parity and canvas/svg sizing (475ms)
  ✓   2 [docs] › browser/QRCode/contracts.spec.ts:25:1 › [qrcode.browser.base] root box and canvas drawing (589ms)
  ✓   3 [docs] › browser/QRCode/contracts.spec.ts:59:1 › [qrcode.browser.icon] icon is excavated and drawn on canvas (220ms)
  ✓   5 [docs] › browser/QRCode/contracts.spec.ts:102:1 › [qrcode.browser.status-render] custom statusRender (225ms)
  ✓   4 [docs] › browser/QRCode/contracts.spec.ts:77:1 › [qrcode.browser.status] status covers (373ms)
  ✓   7 [docs] › browser/QRCode/contracts.spec.ts:125:1 › [qrcode.browser.color] custom color and bgColor (209ms)
  ✓   8 [docs] › browser/QRCode/contracts.spec.ts:136:1 › [qrcode.browser.errorlevel-download] error level switch and download (462ms)
  ✓   6 [docs] › browser/QRCode/contracts.spec.ts:112:1 › [qrcode.browser.size] size buttons (972ms)
  ✓   9 [docs] › browser/QRCode/contracts.spec.ts:153:1 › [qrcode.browser.popover-semantic] popover and semantic styles (330ms)
  ✓  11 [docs] › browser/QRCode/contracts.spec.ts:175:1 › [qrcode.browser.ssr] API sections are server-rendered (12ms)
  ✓  12 [docs] › browser/Result/contracts.spec.ts:16:1 › [result.browser.success] antd spacing, typography and colors (261ms)
  ✓  13 [docs] › browser/Result/contracts.spec.ts:44:1 › [result.browser.status] info, warning and error colors (186ms)
  ✓  14 [docs] › browser/Result/contracts.spec.ts:55:1 › [result.browser.exception] exception images (237ms)
  ✓  15 [docs] › browser/Result/contracts.spec.ts:69:1 › [result.browser.body] error body block (204ms)
  ✓  16 [docs] › browser/Result/contracts.spec.ts:85:1 › [result.browser.custom] custom icon and semantic styles (251ms)
[WebServer] 1:52:26 PM [vite] (client) [console.warn] [STRICT_READ_UNTRACKED] Reactive value read directly in <Popover> will not update. Move it into a tracking scope (JSX, a memo, or an effect's compute function).
[WebServer] 1:52:26 PM [vite] (client) [console.warn] [STRICT_READ_UNTRACKED] Reactive value read directly in <Popover> will not update. Move it into a tracking scope (JSX, a memo, or an effect's compute function).
[WebServer] 1:52:26 PM [vite] (client) [console.warn] [STRICT_READ_UNTRACKED] Reactive value read directly in <Popover> will not update. Move it into a tracking scope (JSX, a memo, or an effect's compute function).
[WebServer] 1:52:26 PM [vite] (client) [console.warn] [STRICT_READ_UNTRACKED] Reactive value read directly in <Popover> will not update. Move it into a tracking scope (JSX, a memo, or an effect's compute function).
[WebServer] 1:52:26 PM [vite] (client) [console.warn] [STRICT_READ_UNTRACKED] Reactive value read directly in an effect callback will not update. Move it into a tracking scope (JSX, a memo, or an effect's compute function).
[WebServer] 1:52:26 PM [vite] (client) [console.warn] [STRICT_READ_UNTRACKED] Reactive value read directly in <Spin> will not update. Move it into a tracking scope (JSX, a memo, or an effect's compute function).
[WebServer] 1:52:26 PM [vite] (client) [console.warn] [STRICT_READ_UNTRACKED] Reactive value read directly in <Spin> will not update. Move it into a tracking scope (JSX, a memo, or an effect's compute function).
[WebServer] 1:52:26 PM [vite] (client) [console.warn] [STRICT_READ_UNTRACKED] Reactive value read directly in <Input> will not update. Move it into a tracking scope (JSX, a memo, or an effect's compute function).
[WebServer] 1:52:26 PM [vite] (client) [console.warn] [STRICT_READ_UNTRACKED] Reactive value read directly in <Spin> will not update. Move it into a tracking scope (JSX, a memo, or an effect's compute function).
[WebServer] 1:52:26 PM [vite] (client) [console.warn] [STRICT_READ_UNTRACKED] Reactive value read directly in <Spin> will not update. Move it into a tracking scope (JSX, a memo, or an effect's compute function).
  ✓  17 [docs] › browser/Result/contracts.spec.ts:104:1 › [result.browser.dev] dev rendering (761ms)
  ✓  18 [docs] › browser/Result/contracts.spec.ts:110:1 › [result.browser.ssr] API sections are server-rendered (6ms)
  ✓  10 [docs] › browser/QRCode/contracts.spec.ts:169:1 › [qrcode.browser.dev] dev rendering (2.1s)
  ✓  20 [example] › browser/QRCode/contracts.spec.ts:47:1 › [qrcode.browser.type] svg path parity and canvas/svg sizing (281ms)
  ✓  19 [example] › browser/QRCode/contracts.spec.ts:25:1 › [qrcode.browser.base] root box and canvas drawing (356ms)
  ✓  21 [example] › browser/QRCode/contracts.spec.ts:59:1 › [qrcode.browser.icon] icon is excavated and drawn on canvas (341ms)
  ✓  22 [example] › browser/QRCode/contracts.spec.ts:77:1 › [qrcode.browser.status] status covers (447ms)
  ✓  23 [example] › browser/QRCode/contracts.spec.ts:102:1 › [qrcode.browser.status-render] custom statusRender (281ms)
  ✓  25 [example] › browser/QRCode/contracts.spec.ts:125:1 › [qrcode.browser.color] custom color and bgColor (241ms)
  ✓  24 [example] › browser/QRCode/contracts.spec.ts:112:1 › [qrcode.browser.size] size buttons (767ms)
  ✓  26 [example] › browser/QRCode/contracts.spec.ts:136:1 › [qrcode.browser.errorlevel-download] error level switch and download (458ms)
  ✓  27 [example] › browser/QRCode/contracts.spec.ts:153:1 › [qrcode.browser.popover-semantic] popover and semantic styles (395ms)
  ✓  28 [example] › browser/Result/contracts.spec.ts:16:1 › [result.browser.success] antd spacing, typography and colors (335ms)
  ✓  29 [example] › browser/Result/contracts.spec.ts:44:1 › [result.browser.status] info, warning and error colors (275ms)
  ✓  30 [example] › browser/Result/contracts.spec.ts:55:1 › [result.browser.exception] exception images (302ms)
  ✓  31 [example] › browser/Result/contracts.spec.ts:69:1 › [result.browser.body] error body block (238ms)
  ✓  32 [example] › browser/Result/contracts.spec.ts:85:1 › [result.browser.custom] custom icon and semantic styles (251ms)

  32 passed (15.5s)
